[0.108s] DEBUG:colcon:Command line arguments: ['/usr/bin/colcon', 'build', '--symlink-install']
[0.108s] DEBUG:colcon:Parsed command line arguments: Namespace(log_base=None, log_level=None, verb_name='build', build_base='build', install_base='install', merge_install=False, symlink_install=True, test_result_base=None, continue_on_error=False, executor='parallel', parallel_workers=24, event_handlers=None, ignore_user_meta=False, metas=['./colcon.meta'], base_paths=['.'], packages_ignore=None, packages_ignore_regex=None, paths=None, packages_up_to=None, packages_up_to_regex=None, packages_above=None, packages_above_and_dependencies=None, packages_above_depth=None, packages_select_by_dep=None, packages_skip_by_dep=None, packages_skip_up_to=None, packages_select_build_failed=False, packages_skip_build_finished=False, packages_select_test_failures=False, packages_skip_test_passed=False, packages_select=None, packages_skip=None, packages_select_regex=None, packages_skip_regex=None, packages_start=None, packages_end=None, allow_overriding=[], cmake_args=None, cmake_target=None, cmake_target_skip_unavailable=False, cmake_clean_cache=False, cmake_clean_first=False, cmake_force_configure=False, ament_cmake_args=None, catkin_cmake_args=None, catkin_skip_building_tests=False, verb_parser=<colcon_defaults.argument_parser.defaults.DefaultArgumentsDecorator object at 0x76b4a10acad0>, verb_extension=<colcon_core.verb.build.BuildVerb object at 0x76b4a10ac140>, main=<bound method BuildVerb.main of <colcon_core.verb.build.BuildVerb object at 0x76b4a10ac140>>)
[0.146s] Level 1:colcon.colcon_core.package_discovery:discover_packages(colcon_meta) check parameters
[0.146s] Level 1:colcon.colcon_core.package_discovery:discover_packages(recursive) check parameters
[0.146s] Level 1:colcon.colcon_core.package_discovery:discover_packages(ignore) check parameters
[0.146s] Level 1:colcon.colcon_core.package_discovery:discover_packages(path) check parameters
[0.146s] Level 1:colcon.colcon_core.package_discovery:discover_packages(colcon_meta) discover
[0.146s] Level 1:colcon.colcon_core.package_discovery:discover_packages(recursive) discover
[0.146s] INFO:colcon.colcon_core.package_discovery:Crawling recursively for packages in '/home/carlos/Escritorio/TFG/code_tfg/inferencia'
[0.146s] Level 1:colcon.colcon_core.package_identification:_identify(.) by extensions ['ignore', 'ignore_ament_install']
[0.146s] Level 1:colcon.colcon_core.package_identification:_identify(.) by extension 'ignore'
[0.146s] Level 1:colcon.colcon_core.package_identification:_identify(.) by extension 'ignore_ament_install'
[0.146s] Level 1:colcon.colcon_core.package_identification:_identify(.) by extensions ['colcon_pkg']
[0.146s] Level 1:colcon.colcon_core.package_identification:_identify(.) by extension 'colcon_pkg'
[0.146s] Level 1:colcon.colcon_core.package_identification:_identify(.) by extensions ['colcon_meta']
[0.146s] Level 1:colcon.colcon_core.package_identification:_identify(.) by extension 'colcon_meta'
[0.146s] Level 1:colcon.colcon_core.package_identification:_identify(.) by extensions ['ros']
[0.146s] Level 1:colcon.colcon_core.package_identification:_identify(.) by extension 'ros'
[0.167s] Level 1:colcon.colcon_core.package_identification:_identify(.) by extensions ['cmake', 'python']
[0.167s] Level 1:colcon.colcon_core.package_identification:_identify(.) by extension 'cmake'
[0.167s] Level 1:colcon.colcon_core.package_identification:_identify(.) by extension 'python'
[0.167s] Level 1:colcon.colcon_core.package_identification:_identify(.) by extensions ['python_setup_py']
[0.167s] Level 1:colcon.colcon_core.package_identification:_identify(.) by extension 'python_setup_py'
[0.167s] Level 1:colcon.colcon_core.package_identification:_identify(build) by extensions ['ignore', 'ignore_ament_install']
[0.167s] Level 1:colcon.colcon_core.package_identification:_identify(build) by extension 'ignore'
[0.167s] Level 1:colcon.colcon_core.package_identification:_identify(build) ignored
[0.167s] Level 1:colcon.colcon_core.package_identification:_identify(install) by extensions ['ignore', 'ignore_ament_install']
[0.167s] Level 1:colcon.colcon_core.package_identification:_identify(install) by extension 'ignore'
[0.167s] Level 1:colcon.colcon_core.package_identification:_identify(install) ignored
[0.167s] Level 1:colcon.colcon_core.package_identification:_identify(log) by extensions ['ignore', 'ignore_ament_install']
[0.168s] Level 1:colcon.colcon_core.package_identification:_identify(log) by extension 'ignore'
[0.168s] Level 1:colcon.colcon_core.package_identification:_identify(log) ignored
[0.168s] Level 1:colcon.colcon_core.package_identification:_identify(models) by extensions ['ignore', 'ignore_ament_install']
[0.168s] Level 1:colcon.colcon_core.package_identification:_identify(models) by extension 'ignore'
[0.168s] Level 1:colcon.colcon_core.package_identification:_identify(models) by extension 'ignore_ament_install'
[0.168s] Level 1:colcon.colcon_core.package_identification:_identify(models) by extensions ['colcon_pkg']
[0.168s] Level 1:colcon.colcon_core.package_identification:_identify(models) by extension 'colcon_pkg'
[0.168s] Level 1:colcon.colcon_core.package_identification:_identify(models) by extensions ['colcon_meta']
[0.168s] Level 1:colcon.colcon_core.package_identification:_identify(models) by extension 'colcon_meta'
[0.168s] Level 1:colcon.colcon_core.package_identification:_identify(models) by extensions ['ros']
[0.168s] Level 1:colcon.colcon_core.package_identification:_identify(models) by extension 'ros'
[0.168s] Level 1:colcon.colcon_core.package_identification:_identify(models) by extensions ['cmake', 'python']
[0.168s] Level 1:colcon.colcon_core.package_identification:_identify(models) by extension 'cmake'
[0.168s] Level 1:colcon.colcon_core.package_identification:_identify(models) by extension 'python'
[0.168s] Level 1:colcon.colcon_core.package_identification:_identify(models) by extensions ['python_setup_py']
[0.168s] Level 1:colcon.colcon_core.package_identification:_identify(models) by extension 'python_setup_py'
[0.168s] Level 1:colcon.colcon_core.package_identification:_identify(myosuite_local) by extensions ['ignore', 'ignore_ament_install']
[0.168s] Level 1:colcon.colcon_core.package_identification:_identify(myosuite_local) by extension 'ignore'
[0.168s] Level 1:colcon.colcon_core.package_identification:_identify(myosuite_local) by extension 'ignore_ament_install'
[0.168s] Level 1:colcon.colcon_core.package_identification:_identify(myosuite_local) by extensions ['colcon_pkg']
[0.168s] Level 1:colcon.colcon_core.package_identification:_identify(myosuite_local) by extension 'colcon_pkg'
[0.168s] Level 1:colcon.colcon_core.package_identification:_identify(myosuite_local) by extensions ['colcon_meta']
[0.168s] Level 1:colcon.colcon_core.package_identification:_identify(myosuite_local) by extension 'colcon_meta'
[0.168s] Level 1:colcon.colcon_core.package_identification:_identify(myosuite_local) by extensions ['ros']
[0.168s] Level 1:colcon.colcon_core.package_identification:_identify(myosuite_local) by extension 'ros'
[0.168s] Level 1:colcon.colcon_core.package_identification:_identify(myosuite_local) by extensions ['cmake', 'python']
[0.168s] Level 1:colcon.colcon_core.package_identification:_identify(myosuite_local) by extension 'cmake'
[0.168s] Level 1:colcon.colcon_core.package_identification:_identify(myosuite_local) by extension 'python'
[0.168s] Level 1:colcon.colcon_core.package_identification:_identify(myosuite_local) by extensions ['python_setup_py']
[0.168s] Level 1:colcon.colcon_core.package_identification:_identify(myosuite_local) by extension 'python_setup_py'
[0.168s] Level 1:colcon.colcon_core.package_identification:_identify(myosuite_local/myosuite) by extensions ['ignore', 'ignore_ament_install']
[0.168s] Level 1:colcon.colcon_core.package_identification:_identify(myosuite_local/myosuite) by extension 'ignore'
[0.168s] Level 1:colcon.colcon_core.package_identification:_identify(myosuite_local/myosuite) by extension 'ignore_ament_install'
[0.168s] Level 1:colcon.colcon_core.package_identification:_identify(myosuite_local/myosuite) by extensions ['colcon_pkg']
[0.168s] Level 1:colcon.colcon_core.package_identification:_identify(myosuite_local/myosuite) by extension 'colcon_pkg'
[0.168s] Level 1:colcon.colcon_core.package_identification:_identify(myosuite_local/myosuite) by extensions ['colcon_meta']
[0.168s] Level 1:colcon.colcon_core.package_identification:_identify(myosuite_local/myosuite) by extension 'colcon_meta'
[0.168s] Level 1:colcon.colcon_core.package_identification:_identify(myosuite_local/myosuite) by extensions ['ros']
[0.168s] Level 1:colcon.colcon_core.package_identification:_identify(myosuite_local/myosuite) by extension 'ros'
[0.168s] Level 1:colcon.colcon_core.package_identification:_identify(myosuite_local/myosuite) by extensions ['cmake', 'python']
[0.168s] Level 1:colcon.colcon_core.package_identification:_identify(myosuite_local/myosuite) by extension 'cmake'
[0.168s] Level 1:colcon.colcon_core.package_identification:_identify(myosuite_local/myosuite) by extension 'python'
[0.168s] Level 1:colcon.colcon_core.package_identification:_identify(myosuite_local/myosuite) by extensions ['python_setup_py']
[0.168s] Level 1:colcon.colcon_core.package_identification:_identify(myosuite_local/myosuite) by extension 'python_setup_py'
[0.168s] Level 1:colcon.colcon_core.package_identification:_identify(myosuite_local/myosuite/envs) by extensions ['ignore', 'ignore_ament_install']
[0.168s] Level 1:colcon.colcon_core.package_identification:_identify(myosuite_local/myosuite/envs) by extension 'ignore'
[0.168s] Level 1:colcon.colcon_core.package_identification:_identify(myosuite_local/myosuite/envs) by extension 'ignore_ament_install'
[0.168s] Level 1:colcon.colcon_core.package_identification:_identify(myosuite_local/myosuite/envs) by extensions ['colcon_pkg']
[0.169s] Level 1:colcon.colcon_core.package_identification:_identify(myosuite_local/myosuite/envs) by extension 'colcon_pkg'
[0.169s] Level 1:colcon.colcon_core.package_identification:_identify(myosuite_local/myosuite/envs) by extensions ['colcon_meta']
[0.169s] Level 1:colcon.colcon_core.package_identification:_identify(myosuite_local/myosuite/envs) by extension 'colcon_meta'
[0.169s] Level 1:colcon.colcon_core.package_identification:_identify(myosuite_local/myosuite/envs) by extensions ['ros']
[0.169s] Level 1:colcon.colcon_core.package_identification:_identify(myosuite_local/myosuite/envs) by extension 'ros'
[0.169s] Level 1:colcon.colcon_core.package_identification:_identify(myosuite_local/myosuite/envs) by extensions ['cmake', 'python']
[0.169s] Level 1:colcon.colcon_core.package_identification:_identify(myosuite_local/myosuite/envs) by extension 'cmake'
[0.169s] Level 1:colcon.colcon_core.package_identification:_identify(myosuite_local/myosuite/envs) by extension 'python'
[0.169s] Level 1:colcon.colcon_core.package_identification:_identify(myosuite_local/myosuite/envs) by extensions ['python_setup_py']
[0.169s] Level 1:colcon.colcon_core.package_identification:_identify(myosuite_local/myosuite/envs) by extension 'python_setup_py'
[0.169s] Level 1:colcon.colcon_core.package_identification:_identify(myosuite_local/myosuite/envs/nair) by extensions ['ignore', 'ignore_ament_install']
[0.169s] Level 1:colcon.colcon_core.package_identification:_identify(myosuite_local/myosuite/envs/nair) by extension 'ignore'
[0.169s] Level 1:colcon.colcon_core.package_identification:_identify(myosuite_local/myosuite/envs/nair) by extension 'ignore_ament_install'
[0.169s] Level 1:colcon.colcon_core.package_identification:_identify(myosuite_local/myosuite/envs/nair) by extensions ['colcon_pkg']
[0.169s] Level 1:colcon.colcon_core.package_identification:_identify(myosuite_local/myosuite/envs/nair) by extension 'colcon_pkg'
[0.169s] Level 1:colcon.colcon_core.package_identification:_identify(myosuite_local/myosuite/envs/nair) by extensions ['colcon_meta']
[0.169s] Level 1:colcon.colcon_core.package_identification:_identify(myosuite_local/myosuite/envs/nair) by extension 'colcon_meta'
[0.169s] Level 1:colcon.colcon_core.package_identification:_identify(myosuite_local/myosuite/envs/nair) by extensions ['ros']
[0.169s] Level 1:colcon.colcon_core.package_identification:_identify(myosuite_local/myosuite/envs/nair) by extension 'ros'
[0.169s] Level 1:colcon.colcon_core.package_identification:_identify(myosuite_local/myosuite/envs/nair) by extensions ['cmake', 'python']
[0.169s] Level 1:colcon.colcon_core.package_identification:_identify(myosuite_local/myosuite/envs/nair) by extension 'cmake'
[0.169s] Level 1:colcon.colcon_core.package_identification:_identify(myosuite_local/myosuite/envs/nair) by extension 'python'
[0.169s] Level 1:colcon.colcon_core.package_identification:_identify(myosuite_local/myosuite/envs/nair) by extensions ['python_setup_py']
[0.169s] Level 1:colcon.colcon_core.package_identification:_identify(myosuite_local/myosuite/envs/nair) by extension 'python_setup_py'
[0.169s] Level 1:colcon.colcon_core.package_identification:_identify(myosuite_local/myosuite/envs/nair/__pycache__) by extensions ['ignore', 'ignore_ament_install']
[0.169s] Level 1:colcon.colcon_core.package_identification:_identify(myosuite_local/myosuite/envs/nair/__pycache__) by extension 'ignore'
[0.169s] Level 1:colcon.colcon_core.package_identification:_identify(myosuite_local/myosuite/envs/nair/__pycache__) by extension 'ignore_ament_install'
[0.169s] Level 1:colcon.colcon_core.package_identification:_identify(myosuite_local/myosuite/envs/nair/__pycache__) by extensions ['colcon_pkg']
[0.169s] Level 1:colcon.colcon_core.package_identification:_identify(myosuite_local/myosuite/envs/nair/__pycache__) by extension 'colcon_pkg'
[0.169s] Level 1:colcon.colcon_core.package_identification:_identify(myosuite_local/myosuite/envs/nair/__pycache__) by extensions ['colcon_meta']
[0.169s] Level 1:colcon.colcon_core.package_identification:_identify(myosuite_local/myosuite/envs/nair/__pycache__) by extension 'colcon_meta'
[0.169s] Level 1:colcon.colcon_core.package_identification:_identify(myosuite_local/myosuite/envs/nair/__pycache__) by extensions ['ros']
[0.169s] Level 1:colcon.colcon_core.package_identification:_identify(myosuite_local/myosuite/envs/nair/__pycache__) by extension 'ros'
[0.169s] Level 1:colcon.colcon_core.package_identification:_identify(myosuite_local/myosuite/envs/nair/__pycache__) by extensions ['cmake', 'python']
[0.169s] Level 1:colcon.colcon_core.package_identification:_identify(myosuite_local/myosuite/envs/nair/__pycache__) by extension 'cmake'
[0.169s] Level 1:colcon.colcon_core.package_identification:_identify(myosuite_local/myosuite/envs/nair/__pycache__) by extension 'python'
[0.169s] Level 1:colcon.colcon_core.package_identification:_identify(myosuite_local/myosuite/envs/nair/__pycache__) by extensions ['python_setup_py']
[0.169s] Level 1:colcon.colcon_core.package_identification:_identify(myosuite_local/myosuite/envs/nair/__pycache__) by extension 'python_setup_py'
[0.169s] Level 1:colcon.colcon_core.package_identification:_identify(myosuite_local/myosuite/envs/nair/myoleg_1dof40muscexo) by extensions ['ignore', 'ignore_ament_install']
[0.169s] Level 1:colcon.colcon_core.package_identification:_identify(myosuite_local/myosuite/envs/nair/myoleg_1dof40muscexo) by extension 'ignore'
[0.169s] Level 1:colcon.colcon_core.package_identification:_identify(myosuite_local/myosuite/envs/nair/myoleg_1dof40muscexo) by extension 'ignore_ament_install'
[0.169s] Level 1:colcon.colcon_core.package_identification:_identify(myosuite_local/myosuite/envs/nair/myoleg_1dof40muscexo) by extensions ['colcon_pkg']
[0.169s] Level 1:colcon.colcon_core.package_identification:_identify(myosuite_local/myosuite/envs/nair/myoleg_1dof40muscexo) by extension 'colcon_pkg'
[0.169s] Level 1:colcon.colcon_core.package_identification:_identify(myosuite_local/myosuite/envs/nair/myoleg_1dof40muscexo) by extensions ['colcon_meta']
[0.169s] Level 1:colcon.colcon_core.package_identification:_identify(myosuite_local/myosuite/envs/nair/myoleg_1dof40muscexo) by extension 'colcon_meta'
[0.169s] Level 1:colcon.colcon_core.package_identification:_identify(myosuite_local/myosuite/envs/nair/myoleg_1dof40muscexo) by extensions ['ros']
[0.169s] Level 1:colcon.colcon_core.package_identification:_identify(myosuite_local/myosuite/envs/nair/myoleg_1dof40muscexo) by extension 'ros'
[0.169s] Level 1:colcon.colcon_core.package_identification:_identify(myosuite_local/myosuite/envs/nair/myoleg_1dof40muscexo) by extensions ['cmake', 'python']
[0.170s] Level 1:colcon.colcon_core.package_identification:_identify(myosuite_local/myosuite/envs/nair/myoleg_1dof40muscexo) by extension 'cmake'
[0.170s] Level 1:colcon.colcon_core.package_identification:_identify(myosuite_local/myosuite/envs/nair/myoleg_1dof40muscexo) by extension 'python'
[0.170s] Level 1:colcon.colcon_core.package_identification:_identify(myosuite_local/myosuite/envs/nair/myoleg_1dof40muscexo) by extensions ['python_setup_py']
[0.170s] Level 1:colcon.colcon_core.package_identification:_identify(myosuite_local/myosuite/envs/nair/myoleg_1dof40muscexo) by extension 'python_setup_py'
[0.170s] Level 1:colcon.colcon_core.package_identification:_identify(myosuite_local/myosuite/envs/nair/myoleg_1dof40muscexo/RL_meshes) by extensions ['ignore', 'ignore_ament_install']
[0.170s] Level 1:colcon.colcon_core.package_identification:_identify(myosuite_local/myosuite/envs/nair/myoleg_1dof40muscexo/RL_meshes) by extension 'ignore'
[0.170s] Level 1:colcon.colcon_core.package_identification:_identify(myosuite_local/myosuite/envs/nair/myoleg_1dof40muscexo/RL_meshes) by extension 'ignore_ament_install'
[0.170s] Level 1:colcon.colcon_core.package_identification:_identify(myosuite_local/myosuite/envs/nair/myoleg_1dof40muscexo/RL_meshes) by extensions ['colcon_pkg']
[0.170s] Level 1:colcon.colcon_core.package_identification:_identify(myosuite_local/myosuite/envs/nair/myoleg_1dof40muscexo/RL_meshes) by extension 'colcon_pkg'
[0.170s] Level 1:colcon.colcon_core.package_identification:_identify(myosuite_local/myosuite/envs/nair/myoleg_1dof40muscexo/RL_meshes) by extensions ['colcon_meta']
[0.170s] Level 1:colcon.colcon_core.package_identification:_identify(myosuite_local/myosuite/envs/nair/myoleg_1dof40muscexo/RL_meshes) by extension 'colcon_meta'
[0.170s] Level 1:colcon.colcon_core.package_identification:_identify(myosuite_local/myosuite/envs/nair/myoleg_1dof40muscexo/RL_meshes) by extensions ['ros']
[0.170s] Level 1:colcon.colcon_core.package_identification:_identify(myosuite_local/myosuite/envs/nair/myoleg_1dof40muscexo/RL_meshes) by extension 'ros'
[0.170s] Level 1:colcon.colcon_core.package_identification:_identify(myosuite_local/myosuite/envs/nair/myoleg_1dof40muscexo/RL_meshes) by extensions ['cmake', 'python']
[0.170s] Level 1:colcon.colcon_core.package_identification:_identify(myosuite_local/myosuite/envs/nair/myoleg_1dof40muscexo/RL_meshes) by extension 'cmake'
[0.170s] Level 1:colcon.colcon_core.package_identification:_identify(myosuite_local/myosuite/envs/nair/myoleg_1dof40muscexo/RL_meshes) by extension 'python'
[0.170s] Level 1:colcon.colcon_core.package_identification:_identify(myosuite_local/myosuite/envs/nair/myoleg_1dof40muscexo/RL_meshes) by extensions ['python_setup_py']
[0.170s] Level 1:colcon.colcon_core.package_identification:_identify(myosuite_local/myosuite/envs/nair/myoleg_1dof40muscexo/RL_meshes) by extension 'python_setup_py'
[0.170s] Level 1:colcon.colcon_core.package_identification:_identify(myosuite_local/myosuite/envs/nair/myoleg_1dof40muscexo/leg) by extensions ['ignore', 'ignore_ament_install']
[0.170s] Level 1:colcon.colcon_core.package_identification:_identify(myosuite_local/myosuite/envs/nair/myoleg_1dof40muscexo/leg) by extension 'ignore'
[0.170s] Level 1:colcon.colcon_core.package_identification:_identify(myosuite_local/myosuite/envs/nair/myoleg_1dof40muscexo/leg) by extension 'ignore_ament_install'
[0.170s] Level 1:colcon.colcon_core.package_identification:_identify(myosuite_local/myosuite/envs/nair/myoleg_1dof40muscexo/leg) by extensions ['colcon_pkg']
[0.170s] Level 1:colcon.colcon_core.package_identification:_identify(myosuite_local/myosuite/envs/nair/myoleg_1dof40muscexo/leg) by extension 'colcon_pkg'
[0.170s] Level 1:colcon.colcon_core.package_identification:_identify(myosuite_local/myosuite/envs/nair/myoleg_1dof40muscexo/leg) by extensions ['colcon_meta']
[0.170s] Level 1:colcon.colcon_core.package_identification:_identify(myosuite_local/myosuite/envs/nair/myoleg_1dof40muscexo/leg) by extension 'colcon_meta'
[0.170s] Level 1:colcon.colcon_core.package_identification:_identify(myosuite_local/myosuite/envs/nair/myoleg_1dof40muscexo/leg) by extensions ['ros']
[0.170s] Level 1:colcon.colcon_core.package_identification:_identify(myosuite_local/myosuite/envs/nair/myoleg_1dof40muscexo/leg) by extension 'ros'
[0.170s] Level 1:colcon.colcon_core.package_identification:_identify(myosuite_local/myosuite/envs/nair/myoleg_1dof40muscexo/leg) by extensions ['cmake', 'python']
[0.170s] Level 1:colcon.colcon_core.package_identification:_identify(myosuite_local/myosuite/envs/nair/myoleg_1dof40muscexo/leg) by extension 'cmake'
[0.170s] Level 1:colcon.colcon_core.package_identification:_identify(myosuite_local/myosuite/envs/nair/myoleg_1dof40muscexo/leg) by extension 'python'
[0.170s] Level 1:colcon.colcon_core.package_identification:_identify(myosuite_local/myosuite/envs/nair/myoleg_1dof40muscexo/leg) by extensions ['python_setup_py']
[0.170s] Level 1:colcon.colcon_core.package_identification:_identify(myosuite_local/myosuite/envs/nair/myoleg_1dof40muscexo/leg) by extension 'python_setup_py'
[0.170s] Level 1:colcon.colcon_core.package_identification:_identify(myosuite_local/myosuite/envs/nair/myoleg_1dof40muscexo/leg/assets) by extensions ['ignore', 'ignore_ament_install']
[0.170s] Level 1:colcon.colcon_core.package_identification:_identify(myosuite_local/myosuite/envs/nair/myoleg_1dof40muscexo/leg/assets) by extension 'ignore'
[0.170s] Level 1:colcon.colcon_core.package_identification:_identify(myosuite_local/myosuite/envs/nair/myoleg_1dof40muscexo/leg/assets) by extension 'ignore_ament_install'
[0.170s] Level 1:colcon.colcon_core.package_identification:_identify(myosuite_local/myosuite/envs/nair/myoleg_1dof40muscexo/leg/assets) by extensions ['colcon_pkg']
[0.170s] Level 1:colcon.colcon_core.package_identification:_identify(myosuite_local/myosuite/envs/nair/myoleg_1dof40muscexo/leg/assets) by extension 'colcon_pkg'
[0.170s] Level 1:colcon.colcon_core.package_identification:_identify(myosuite_local/myosuite/envs/nair/myoleg_1dof40muscexo/leg/assets) by extensions ['colcon_meta']
[0.170s] Level 1:colcon.colcon_core.package_identification:_identify(myosuite_local/myosuite/envs/nair/myoleg_1dof40muscexo/leg/assets) by extension 'colcon_meta'
[0.170s] Level 1:colcon.colcon_core.package_identification:_identify(myosuite_local/myosuite/envs/nair/myoleg_1dof40muscexo/leg/assets) by extensions ['ros']
[0.170s] Level 1:colcon.colcon_core.package_identification:_identify(myosuite_local/myosuite/envs/nair/myoleg_1dof40muscexo/leg/assets) by extension 'ros'
[0.170s] Level 1:colcon.colcon_core.package_identification:_identify(myosuite_local/myosuite/envs/nair/myoleg_1dof40muscexo/leg/assets) by extensions ['cmake', 'python']
[0.170s] Level 1:colcon.colcon_core.package_identification:_identify(myosuite_local/myosuite/envs/nair/myoleg_1dof40muscexo/leg/assets) by extension 'cmake'
[0.170s] Level 1:colcon.colcon_core.package_identification:_identify(myosuite_local/myosuite/envs/nair/myoleg_1dof40muscexo/leg/assets) by extension 'python'
[0.170s] Level 1:colcon.colcon_core.package_identification:_identify(myosuite_local/myosuite/envs/nair/myoleg_1dof40muscexo/leg/assets) by extensions ['python_setup_py']
[0.170s] Level 1:colcon.colcon_core.package_identification:_identify(myosuite_local/myosuite/envs/nair/myoleg_1dof40muscexo/leg/assets) by extension 'python_setup_py'
[0.171s] Level 1:colcon.colcon_core.package_identification:_identify(myosuite_local/myosuite/envs/nair/myoleg_1dof40muscexo/meshes) by extensions ['ignore', 'ignore_ament_install']
[0.171s] Level 1:colcon.colcon_core.package_identification:_identify(myosuite_local/myosuite/envs/nair/myoleg_1dof40muscexo/meshes) by extension 'ignore'
[0.171s] Level 1:colcon.colcon_core.package_identification:_identify(myosuite_local/myosuite/envs/nair/myoleg_1dof40muscexo/meshes) by extension 'ignore_ament_install'
[0.171s] Level 1:colcon.colcon_core.package_identification:_identify(myosuite_local/myosuite/envs/nair/myoleg_1dof40muscexo/meshes) by extensions ['colcon_pkg']
[0.171s] Level 1:colcon.colcon_core.package_identification:_identify(myosuite_local/myosuite/envs/nair/myoleg_1dof40muscexo/meshes) by extension 'colcon_pkg'
[0.171s] Level 1:colcon.colcon_core.package_identification:_identify(myosuite_local/myosuite/envs/nair/myoleg_1dof40muscexo/meshes) by extensions ['colcon_meta']
[0.171s] Level 1:colcon.colcon_core.package_identification:_identify(myosuite_local/myosuite/envs/nair/myoleg_1dof40muscexo/meshes) by extension 'colcon_meta'
[0.171s] Level 1:colcon.colcon_core.package_identification:_identify(myosuite_local/myosuite/envs/nair/myoleg_1dof40muscexo/meshes) by extensions ['ros']
[0.171s] Level 1:colcon.colcon_core.package_identification:_identify(myosuite_local/myosuite/envs/nair/myoleg_1dof40muscexo/meshes) by extension 'ros'
[0.171s] Level 1:colcon.colcon_core.package_identification:_identify(myosuite_local/myosuite/envs/nair/myoleg_1dof40muscexo/meshes) by extensions ['cmake', 'python']
[0.171s] Level 1:colcon.colcon_core.package_identification:_identify(myosuite_local/myosuite/envs/nair/myoleg_1dof40muscexo/meshes) by extension 'cmake'
[0.171s] Level 1:colcon.colcon_core.package_identification:_identify(myosuite_local/myosuite/envs/nair/myoleg_1dof40muscexo/meshes) by extension 'python'
[0.171s] Level 1:colcon.colcon_core.package_identification:_identify(myosuite_local/myosuite/envs/nair/myoleg_1dof40muscexo/meshes) by extensions ['python_setup_py']
[0.171s] Level 1:colcon.colcon_core.package_identification:_identify(myosuite_local/myosuite/envs/nair/myoleg_1dof40muscexo/meshes) by extension 'python_setup_py'
[0.171s] Level 1:colcon.colcon_core.package_identification:_identify(myosuite_local/myosuite/envs/nair/myoleg_1dof40muscexo/scene) by extensions ['ignore', 'ignore_ament_install']
[0.171s] Level 1:colcon.colcon_core.package_identification:_identify(myosuite_local/myosuite/envs/nair/myoleg_1dof40muscexo/scene) by extension 'ignore'
[0.171s] Level 1:colcon.colcon_core.package_identification:_identify(myosuite_local/myosuite/envs/nair/myoleg_1dof40muscexo/scene) by extension 'ignore_ament_install'
[0.171s] Level 1:colcon.colcon_core.package_identification:_identify(myosuite_local/myosuite/envs/nair/myoleg_1dof40muscexo/scene) by extensions ['colcon_pkg']
[0.171s] Level 1:colcon.colcon_core.package_identification:_identify(myosuite_local/myosuite/envs/nair/myoleg_1dof40muscexo/scene) by extension 'colcon_pkg'
[0.171s] Level 1:colcon.colcon_core.package_identification:_identify(myosuite_local/myosuite/envs/nair/myoleg_1dof40muscexo/scene) by extensions ['colcon_meta']
[0.171s] Level 1:colcon.colcon_core.package_identification:_identify(myosuite_local/myosuite/envs/nair/myoleg_1dof40muscexo/scene) by extension 'colcon_meta'
[0.171s] Level 1:colcon.colcon_core.package_identification:_identify(myosuite_local/myosuite/envs/nair/myoleg_1dof40muscexo/scene) by extensions ['ros']
[0.171s] Level 1:colcon.colcon_core.package_identification:_identify(myosuite_local/myosuite/envs/nair/myoleg_1dof40muscexo/scene) by extension 'ros'
[0.171s] Level 1:colcon.colcon_core.package_identification:_identify(myosuite_local/myosuite/envs/nair/myoleg_1dof40muscexo/scene) by extensions ['cmake', 'python']
[0.171s] Level 1:colcon.colcon_core.package_identification:_identify(myosuite_local/myosuite/envs/nair/myoleg_1dof40muscexo/scene) by extension 'cmake'
[0.171s] Level 1:colcon.colcon_core.package_identification:_identify(myosuite_local/myosuite/envs/nair/myoleg_1dof40muscexo/scene) by extension 'python'
[0.171s] Level 1:colcon.colcon_core.package_identification:_identify(myosuite_local/myosuite/envs/nair/myoleg_1dof40muscexo/scene) by extensions ['python_setup_py']
[0.171s] Level 1:colcon.colcon_core.package_identification:_identify(myosuite_local/myosuite/envs/nair/myoleg_1dof40muscexo/scene) by extension 'python_setup_py'
[0.171s] Level 1:colcon.colcon_core.package_identification:_identify(myosuite_local/myosuite/envs/nair/myoleg_1dof40muscexo/torso) by extensions ['ignore', 'ignore_ament_install']
[0.171s] Level 1:colcon.colcon_core.package_identification:_identify(myosuite_local/myosuite/envs/nair/myoleg_1dof40muscexo/torso) by extension 'ignore'
[0.171s] Level 1:colcon.colcon_core.package_identification:_identify(myosuite_local/myosuite/envs/nair/myoleg_1dof40muscexo/torso) by extension 'ignore_ament_install'
[0.171s] Level 1:colcon.colcon_core.package_identification:_identify(myosuite_local/myosuite/envs/nair/myoleg_1dof40muscexo/torso) by extensions ['colcon_pkg']
[0.171s] Level 1:colcon.colcon_core.package_identification:_identify(myosuite_local/myosuite/envs/nair/myoleg_1dof40muscexo/torso) by extension 'colcon_pkg'
[0.171s] Level 1:colcon.colcon_core.package_identification:_identify(myosuite_local/myosuite/envs/nair/myoleg_1dof40muscexo/torso) by extensions ['colcon_meta']
[0.171s] Level 1:colcon.colcon_core.package_identification:_identify(myosuite_local/myosuite/envs/nair/myoleg_1dof40muscexo/torso) by extension 'colcon_meta'
[0.171s] Level 1:colcon.colcon_core.package_identification:_identify(myosuite_local/myosuite/envs/nair/myoleg_1dof40muscexo/torso) by extensions ['ros']
[0.171s] Level 1:colcon.colcon_core.package_identification:_identify(myosuite_local/myosuite/envs/nair/myoleg_1dof40muscexo/torso) by extension 'ros'
[0.171s] Level 1:colcon.colcon_core.package_identification:_identify(myosuite_local/myosuite/envs/nair/myoleg_1dof40muscexo/torso) by extensions ['cmake', 'python']
[0.171s] Level 1:colcon.colcon_core.package_identification:_identify(myosuite_local/myosuite/envs/nair/myoleg_1dof40muscexo/torso) by extension 'cmake'
[0.171s] Level 1:colcon.colcon_core.package_identification:_identify(myosuite_local/myosuite/envs/nair/myoleg_1dof40muscexo/torso) by extension 'python'
[0.171s] Level 1:colcon.colcon_core.package_identification:_identify(myosuite_local/myosuite/envs/nair/myoleg_1dof40muscexo/torso) by extensions ['python_setup_py']
[0.171s] Level 1:colcon.colcon_core.package_identification:_identify(myosuite_local/myosuite/envs/nair/myoleg_1dof40muscexo/torso) by extension 'python_setup_py'
[0.172s] Level 1:colcon.colcon_core.package_identification:_identify(myosuite_local/myosuite/envs/nair/myoleg_1dof40muscexo/torso/assets) by extensions ['ignore', 'ignore_ament_install']
[0.172s] Level 1:colcon.colcon_core.package_identification:_identify(myosuite_local/myosuite/envs/nair/myoleg_1dof40muscexo/torso/assets) by extension 'ignore'
[0.172s] Level 1:colcon.colcon_core.package_identification:_identify(myosuite_local/myosuite/envs/nair/myoleg_1dof40muscexo/torso/assets) by extension 'ignore_ament_install'
[0.172s] Level 1:colcon.colcon_core.package_identification:_identify(myosuite_local/myosuite/envs/nair/myoleg_1dof40muscexo/torso/assets) by extensions ['colcon_pkg']
[0.172s] Level 1:colcon.colcon_core.package_identification:_identify(myosuite_local/myosuite/envs/nair/myoleg_1dof40muscexo/torso/assets) by extension 'colcon_pkg'
[0.172s] Level 1:colcon.colcon_core.package_identification:_identify(myosuite_local/myosuite/envs/nair/myoleg_1dof40muscexo/torso/assets) by extensions ['colcon_meta']
[0.172s] Level 1:colcon.colcon_core.package_identification:_identify(myosuite_local/myosuite/envs/nair/myoleg_1dof40muscexo/torso/assets) by extension 'colcon_meta'
[0.172s] Level 1:colcon.colcon_core.package_identification:_identify(myosuite_local/myosuite/envs/nair/myoleg_1dof40muscexo/torso/assets) by extensions ['ros']
[0.172s] Level 1:colcon.colcon_core.package_identification:_identify(myosuite_local/myosuite/envs/nair/myoleg_1dof40muscexo/torso/assets) by extension 'ros'
[0.172s] Level 1:colcon.colcon_core.package_identification:_identify(myosuite_local/myosuite/envs/nair/myoleg_1dof40muscexo/torso/assets) by extensions ['cmake', 'python']
[0.172s] Level 1:colcon.colcon_core.package_identification:_identify(myosuite_local/myosuite/envs/nair/myoleg_1dof40muscexo/torso/assets) by extension 'cmake'
[0.172s] Level 1:colcon.colcon_core.package_identification:_identify(myosuite_local/myosuite/envs/nair/myoleg_1dof40muscexo/torso/assets) by extension 'python'
[0.172s] Level 1:colcon.colcon_core.package_identification:_identify(myosuite_local/myosuite/envs/nair/myoleg_1dof40muscexo/torso/assets) by extensions ['python_setup_py']
[0.172s] Level 1:colcon.colcon_core.package_identification:_identify(myosuite_local/myosuite/envs/nair/myoleg_1dof40muscexo/torso/assets) by extension 'python_setup_py'
[0.172s] Level 1:colcon.colcon_core.package_identification:_identify(myosuite_local/myosuite/envs/nair/myoleg_passivemuscexo) by extensions ['ignore', 'ignore_ament_install']
[0.172s] Level 1:colcon.colcon_core.package_identification:_identify(myosuite_local/myosuite/envs/nair/myoleg_passivemuscexo) by extension 'ignore'
[0.172s] Level 1:colcon.colcon_core.package_identification:_identify(myosuite_local/myosuite/envs/nair/myoleg_passivemuscexo) by extension 'ignore_ament_install'
[0.172s] Level 1:colcon.colcon_core.package_identification:_identify(myosuite_local/myosuite/envs/nair/myoleg_passivemuscexo) by extensions ['colcon_pkg']
[0.172s] Level 1:colcon.colcon_core.package_identification:_identify(myosuite_local/myosuite/envs/nair/myoleg_passivemuscexo) by extension 'colcon_pkg'
[0.172s] Level 1:colcon.colcon_core.package_identification:_identify(myosuite_local/myosuite/envs/nair/myoleg_passivemuscexo) by extensions ['colcon_meta']
[0.172s] Level 1:colcon.colcon_core.package_identification:_identify(myosuite_local/myosuite/envs/nair/myoleg_passivemuscexo) by extension 'colcon_meta'
[0.172s] Level 1:colcon.colcon_core.package_identification:_identify(myosuite_local/myosuite/envs/nair/myoleg_passivemuscexo) by extensions ['ros']
[0.172s] Level 1:colcon.colcon_core.package_identification:_identify(myosuite_local/myosuite/envs/nair/myoleg_passivemuscexo) by extension 'ros'
[0.172s] Level 1:colcon.colcon_core.package_identification:_identify(myosuite_local/myosuite/envs/nair/myoleg_passivemuscexo) by extensions ['cmake', 'python']
[0.172s] Level 1:colcon.colcon_core.package_identification:_identify(myosuite_local/myosuite/envs/nair/myoleg_passivemuscexo) by extension 'cmake'
[0.172s] Level 1:colcon.colcon_core.package_identification:_identify(myosuite_local/myosuite/envs/nair/myoleg_passivemuscexo) by extension 'python'
[0.172s] Level 1:colcon.colcon_core.package_identification:_identify(myosuite_local/myosuite/envs/nair/myoleg_passivemuscexo) by extensions ['python_setup_py']
[0.172s] Level 1:colcon.colcon_core.package_identification:_identify(myosuite_local/myosuite/envs/nair/myoleg_passivemuscexo) by extension 'python_setup_py'
[0.172s] Level 1:colcon.colcon_core.package_identification:_identify(myosuite_local/myosuite/envs/nair/myoleg_passivemuscexo/RL_meshes) by extensions ['ignore', 'ignore_ament_install']
[0.172s] Level 1:colcon.colcon_core.package_identification:_identify(myosuite_local/myosuite/envs/nair/myoleg_passivemuscexo/RL_meshes) by extension 'ignore'
[0.172s] Level 1:colcon.colcon_core.package_identification:_identify(myosuite_local/myosuite/envs/nair/myoleg_passivemuscexo/RL_meshes) by extension 'ignore_ament_install'
[0.172s] Level 1:colcon.colcon_core.package_identification:_identify(myosuite_local/myosuite/envs/nair/myoleg_passivemuscexo/RL_meshes) by extensions ['colcon_pkg']
[0.172s] Level 1:colcon.colcon_core.package_identification:_identify(myosuite_local/myosuite/envs/nair/myoleg_passivemuscexo/RL_meshes) by extension 'colcon_pkg'
[0.172s] Level 1:colcon.colcon_core.package_identification:_identify(myosuite_local/myosuite/envs/nair/myoleg_passivemuscexo/RL_meshes) by extensions ['colcon_meta']
[0.172s] Level 1:colcon.colcon_core.package_identification:_identify(myosuite_local/myosuite/envs/nair/myoleg_passivemuscexo/RL_meshes) by extension 'colcon_meta'
[0.172s] Level 1:colcon.colcon_core.package_identification:_identify(myosuite_local/myosuite/envs/nair/myoleg_passivemuscexo/RL_meshes) by extensions ['ros']
[0.172s] Level 1:colcon.colcon_core.package_identification:_identify(myosuite_local/myosuite/envs/nair/myoleg_passivemuscexo/RL_meshes) by extension 'ros'
[0.172s] Level 1:colcon.colcon_core.package_identification:_identify(myosuite_local/myosuite/envs/nair/myoleg_passivemuscexo/RL_meshes) by extensions ['cmake', 'python']
[0.172s] Level 1:colcon.colcon_core.package_identification:_identify(myosuite_local/myosuite/envs/nair/myoleg_passivemuscexo/RL_meshes) by extension 'cmake'
[0.172s] Level 1:colcon.colcon_core.package_identification:_identify(myosuite_local/myosuite/envs/nair/myoleg_passivemuscexo/RL_meshes) by extension 'python'
[0.172s] Level 1:colcon.colcon_core.package_identification:_identify(myosuite_local/myosuite/envs/nair/myoleg_passivemuscexo/RL_meshes) by extensions ['python_setup_py']
[0.172s] Level 1:colcon.colcon_core.package_identification:_identify(myosuite_local/myosuite/envs/nair/myoleg_passivemuscexo/RL_meshes) by extension 'python_setup_py'
[0.172s] Level 1:colcon.colcon_core.package_identification:_identify(myosuite_local/myosuite/envs/nair/myoleg_passivemuscexo/leg) by extensions ['ignore', 'ignore_ament_install']
[0.172s] Level 1:colcon.colcon_core.package_identification:_identify(myosuite_local/myosuite/envs/nair/myoleg_passivemuscexo/leg) by extension 'ignore'
[0.173s] Level 1:colcon.colcon_core.package_identification:_identify(myosuite_local/myosuite/envs/nair/myoleg_passivemuscexo/leg) by extension 'ignore_ament_install'
[0.173s] Level 1:colcon.colcon_core.package_identification:_identify(myosuite_local/myosuite/envs/nair/myoleg_passivemuscexo/leg) by extensions ['colcon_pkg']
[0.173s] Level 1:colcon.colcon_core.package_identification:_identify(myosuite_local/myosuite/envs/nair/myoleg_passivemuscexo/leg) by extension 'colcon_pkg'
[0.173s] Level 1:colcon.colcon_core.package_identification:_identify(myosuite_local/myosuite/envs/nair/myoleg_passivemuscexo/leg) by extensions ['colcon_meta']
[0.173s] Level 1:colcon.colcon_core.package_identification:_identify(myosuite_local/myosuite/envs/nair/myoleg_passivemuscexo/leg) by extension 'colcon_meta'
[0.173s] Level 1:colcon.colcon_core.package_identification:_identify(myosuite_local/myosuite/envs/nair/myoleg_passivemuscexo/leg) by extensions ['ros']
[0.173s] Level 1:colcon.colcon_core.package_identification:_identify(myosuite_local/myosuite/envs/nair/myoleg_passivemuscexo/leg) by extension 'ros'
[0.173s] Level 1:colcon.colcon_core.package_identification:_identify(myosuite_local/myosuite/envs/nair/myoleg_passivemuscexo/leg) by extensions ['cmake', 'python']
[0.173s] Level 1:colcon.colcon_core.package_identification:_identify(myosuite_local/myosuite/envs/nair/myoleg_passivemuscexo/leg) by extension 'cmake'
[0.173s] Level 1:colcon.colcon_core.package_identification:_identify(myosuite_local/myosuite/envs/nair/myoleg_passivemuscexo/leg) by extension 'python'
[0.173s] Level 1:colcon.colcon_core.package_identification:_identify(myosuite_local/myosuite/envs/nair/myoleg_passivemuscexo/leg) by extensions ['python_setup_py']
[0.173s] Level 1:colcon.colcon_core.package_identification:_identify(myosuite_local/myosuite/envs/nair/myoleg_passivemuscexo/leg) by extension 'python_setup_py'
[0.173s] Level 1:colcon.colcon_core.package_identification:_identify(myosuite_local/myosuite/envs/nair/myoleg_passivemuscexo/leg/assets) by extensions ['ignore', 'ignore_ament_install']
[0.173s] Level 1:colcon.colcon_core.package_identification:_identify(myosuite_local/myosuite/envs/nair/myoleg_passivemuscexo/leg/assets) by extension 'ignore'
[0.173s] Level 1:colcon.colcon_core.package_identification:_identify(myosuite_local/myosuite/envs/nair/myoleg_passivemuscexo/leg/assets) by extension 'ignore_ament_install'
[0.173s] Level 1:colcon.colcon_core.package_identification:_identify(myosuite_local/myosuite/envs/nair/myoleg_passivemuscexo/leg/assets) by extensions ['colcon_pkg']
[0.173s] Level 1:colcon.colcon_core.package_identification:_identify(myosuite_local/myosuite/envs/nair/myoleg_passivemuscexo/leg/assets) by extension 'colcon_pkg'
[0.173s] Level 1:colcon.colcon_core.package_identification:_identify(myosuite_local/myosuite/envs/nair/myoleg_passivemuscexo/leg/assets) by extensions ['colcon_meta']
[0.173s] Level 1:colcon.colcon_core.package_identification:_identify(myosuite_local/myosuite/envs/nair/myoleg_passivemuscexo/leg/assets) by extension 'colcon_meta'
[0.173s] Level 1:colcon.colcon_core.package_identification:_identify(myosuite_local/myosuite/envs/nair/myoleg_passivemuscexo/leg/assets) by extensions ['ros']
[0.173s] Level 1:colcon.colcon_core.package_identification:_identify(myosuite_local/myosuite/envs/nair/myoleg_passivemuscexo/leg/assets) by extension 'ros'
[0.173s] Level 1:colcon.colcon_core.package_identification:_identify(myosuite_local/myosuite/envs/nair/myoleg_passivemuscexo/leg/assets) by extensions ['cmake', 'python']
[0.173s] Level 1:colcon.colcon_core.package_identification:_identify(myosuite_local/myosuite/envs/nair/myoleg_passivemuscexo/leg/assets) by extension 'cmake'
[0.173s] Level 1:colcon.colcon_core.package_identification:_identify(myosuite_local/myosuite/envs/nair/myoleg_passivemuscexo/leg/assets) by extension 'python'
[0.173s] Level 1:colcon.colcon_core.package_identification:_identify(myosuite_local/myosuite/envs/nair/myoleg_passivemuscexo/leg/assets) by extensions ['python_setup_py']
[0.173s] Level 1:colcon.colcon_core.package_identification:_identify(myosuite_local/myosuite/envs/nair/myoleg_passivemuscexo/leg/assets) by extension 'python_setup_py'
[0.173s] Level 1:colcon.colcon_core.package_identification:_identify(myosuite_local/myosuite/envs/nair/myoleg_passivemuscexo/meshes) by extensions ['ignore', 'ignore_ament_install']
[0.173s] Level 1:colcon.colcon_core.package_identification:_identify(myosuite_local/myosuite/envs/nair/myoleg_passivemuscexo/meshes) by extension 'ignore'
[0.173s] Level 1:colcon.colcon_core.package_identification:_identify(myosuite_local/myosuite/envs/nair/myoleg_passivemuscexo/meshes) by extension 'ignore_ament_install'
[0.173s] Level 1:colcon.colcon_core.package_identification:_identify(myosuite_local/myosuite/envs/nair/myoleg_passivemuscexo/meshes) by extensions ['colcon_pkg']
[0.173s] Level 1:colcon.colcon_core.package_identification:_identify(myosuite_local/myosuite/envs/nair/myoleg_passivemuscexo/meshes) by extension 'colcon_pkg'
[0.173s] Level 1:colcon.colcon_core.package_identification:_identify(myosuite_local/myosuite/envs/nair/myoleg_passivemuscexo/meshes) by extensions ['colcon_meta']
[0.173s] Level 1:colcon.colcon_core.package_identification:_identify(myosuite_local/myosuite/envs/nair/myoleg_passivemuscexo/meshes) by extension 'colcon_meta'
[0.173s] Level 1:colcon.colcon_core.package_identification:_identify(myosuite_local/myosuite/envs/nair/myoleg_passivemuscexo/meshes) by extensions ['ros']
[0.173s] Level 1:colcon.colcon_core.package_identification:_identify(myosuite_local/myosuite/envs/nair/myoleg_passivemuscexo/meshes) by extension 'ros'
[0.173s] Level 1:colcon.colcon_core.package_identification:_identify(myosuite_local/myosuite/envs/nair/myoleg_passivemuscexo/meshes) by extensions ['cmake', 'python']
[0.173s] Level 1:colcon.colcon_core.package_identification:_identify(myosuite_local/myosuite/envs/nair/myoleg_passivemuscexo/meshes) by extension 'cmake'
[0.173s] Level 1:colcon.colcon_core.package_identification:_identify(myosuite_local/myosuite/envs/nair/myoleg_passivemuscexo/meshes) by extension 'python'
[0.173s] Level 1:colcon.colcon_core.package_identification:_identify(myosuite_local/myosuite/envs/nair/myoleg_passivemuscexo/meshes) by extensions ['python_setup_py']
[0.173s] Level 1:colcon.colcon_core.package_identification:_identify(myosuite_local/myosuite/envs/nair/myoleg_passivemuscexo/meshes) by extension 'python_setup_py'
[0.173s] Level 1:colcon.colcon_core.package_identification:_identify(myosuite_local/myosuite/envs/nair/myoleg_passivemuscexo/scene) by extensions ['ignore', 'ignore_ament_install']
[0.173s] Level 1:colcon.colcon_core.package_identification:_identify(myosuite_local/myosuite/envs/nair/myoleg_passivemuscexo/scene) by extension 'ignore'
[0.173s] Level 1:colcon.colcon_core.package_identification:_identify(myosuite_local/myosuite/envs/nair/myoleg_passivemuscexo/scene) by extension 'ignore_ament_install'
[0.174s] Level 1:colcon.colcon_core.package_identification:_identify(myosuite_local/myosuite/envs/nair/myoleg_passivemuscexo/scene) by extensions ['colcon_pkg']
[0.174s] Level 1:colcon.colcon_core.package_identification:_identify(myosuite_local/myosuite/envs/nair/myoleg_passivemuscexo/scene) by extension 'colcon_pkg'
[0.174s] Level 1:colcon.colcon_core.package_identification:_identify(myosuite_local/myosuite/envs/nair/myoleg_passivemuscexo/scene) by extensions ['colcon_meta']
[0.174s] Level 1:colcon.colcon_core.package_identification:_identify(myosuite_local/myosuite/envs/nair/myoleg_passivemuscexo/scene) by extension 'colcon_meta'
[0.174s] Level 1:colcon.colcon_core.package_identification:_identify(myosuite_local/myosuite/envs/nair/myoleg_passivemuscexo/scene) by extensions ['ros']
[0.174s] Level 1:colcon.colcon_core.package_identification:_identify(myosuite_local/myosuite/envs/nair/myoleg_passivemuscexo/scene) by extension 'ros'
[0.174s] Level 1:colcon.colcon_core.package_identification:_identify(myosuite_local/myosuite/envs/nair/myoleg_passivemuscexo/scene) by extensions ['cmake', 'python']
[0.174s] Level 1:colcon.colcon_core.package_identification:_identify(myosuite_local/myosuite/envs/nair/myoleg_passivemuscexo/scene) by extension 'cmake'
[0.174s] Level 1:colcon.colcon_core.package_identification:_identify(myosuite_local/myosuite/envs/nair/myoleg_passivemuscexo/scene) by extension 'python'
[0.174s] Level 1:colcon.colcon_core.package_identification:_identify(myosuite_local/myosuite/envs/nair/myoleg_passivemuscexo/scene) by extensions ['python_setup_py']
[0.174s] Level 1:colcon.colcon_core.package_identification:_identify(myosuite_local/myosuite/envs/nair/myoleg_passivemuscexo/scene) by extension 'python_setup_py'
[0.174s] Level 1:colcon.colcon_core.package_identification:_identify(myosuite_local/myosuite/envs/nair/myoleg_passivemuscexo/torso) by extensions ['ignore', 'ignore_ament_install']
[0.174s] Level 1:colcon.colcon_core.package_identification:_identify(myosuite_local/myosuite/envs/nair/myoleg_passivemuscexo/torso) by extension 'ignore'
[0.174s] Level 1:colcon.colcon_core.package_identification:_identify(myosuite_local/myosuite/envs/nair/myoleg_passivemuscexo/torso) by extension 'ignore_ament_install'
[0.174s] Level 1:colcon.colcon_core.package_identification:_identify(myosuite_local/myosuite/envs/nair/myoleg_passivemuscexo/torso) by extensions ['colcon_pkg']
[0.174s] Level 1:colcon.colcon_core.package_identification:_identify(myosuite_local/myosuite/envs/nair/myoleg_passivemuscexo/torso) by extension 'colcon_pkg'
[0.174s] Level 1:colcon.colcon_core.package_identification:_identify(myosuite_local/myosuite/envs/nair/myoleg_passivemuscexo/torso) by extensions ['colcon_meta']
[0.174s] Level 1:colcon.colcon_core.package_identification:_identify(myosuite_local/myosuite/envs/nair/myoleg_passivemuscexo/torso) by extension 'colcon_meta'
[0.174s] Level 1:colcon.colcon_core.package_identification:_identify(myosuite_local/myosuite/envs/nair/myoleg_passivemuscexo/torso) by extensions ['ros']
[0.174s] Level 1:colcon.colcon_core.package_identification:_identify(myosuite_local/myosuite/envs/nair/myoleg_passivemuscexo/torso) by extension 'ros'
[0.174s] Level 1:colcon.colcon_core.package_identification:_identify(myosuite_local/myosuite/envs/nair/myoleg_passivemuscexo/torso) by extensions ['cmake', 'python']
[0.174s] Level 1:colcon.colcon_core.package_identification:_identify(myosuite_local/myosuite/envs/nair/myoleg_passivemuscexo/torso) by extension 'cmake'
[0.174s] Level 1:colcon.colcon_core.package_identification:_identify(myosuite_local/myosuite/envs/nair/myoleg_passivemuscexo/torso) by extension 'python'
[0.174s] Level 1:colcon.colcon_core.package_identification:_identify(myosuite_local/myosuite/envs/nair/myoleg_passivemuscexo/torso) by extensions ['python_setup_py']
[0.174s] Level 1:colcon.colcon_core.package_identification:_identify(myosuite_local/myosuite/envs/nair/myoleg_passivemuscexo/torso) by extension 'python_setup_py'
[0.174s] Level 1:colcon.colcon_core.package_identification:_identify(myosuite_local/myosuite/envs/nair/myoleg_passivemuscexo/torso/assets) by extensions ['ignore', 'ignore_ament_install']
[0.174s] Level 1:colcon.colcon_core.package_identification:_identify(myosuite_local/myosuite/envs/nair/myoleg_passivemuscexo/torso/assets) by extension 'ignore'
[0.174s] Level 1:colcon.colcon_core.package_identification:_identify(myosuite_local/myosuite/envs/nair/myoleg_passivemuscexo/torso/assets) by extension 'ignore_ament_install'
[0.174s] Level 1:colcon.colcon_core.package_identification:_identify(myosuite_local/myosuite/envs/nair/myoleg_passivemuscexo/torso/assets) by extensions ['colcon_pkg']
[0.174s] Level 1:colcon.colcon_core.package_identification:_identify(myosuite_local/myosuite/envs/nair/myoleg_passivemuscexo/torso/assets) by extension 'colcon_pkg'
[0.174s] Level 1:colcon.colcon_core.package_identification:_identify(myosuite_local/myosuite/envs/nair/myoleg_passivemuscexo/torso/assets) by extensions ['colcon_meta']
[0.174s] Level 1:colcon.colcon_core.package_identification:_identify(myosuite_local/myosuite/envs/nair/myoleg_passivemuscexo/torso/assets) by extension 'colcon_meta'
[0.174s] Level 1:colcon.colcon_core.package_identification:_identify(myosuite_local/myosuite/envs/nair/myoleg_passivemuscexo/torso/assets) by extensions ['ros']
[0.174s] Level 1:colcon.colcon_core.package_identification:_identify(myosuite_local/myosuite/envs/nair/myoleg_passivemuscexo/torso/assets) by extension 'ros'
[0.174s] Level 1:colcon.colcon_core.package_identification:_identify(myosuite_local/myosuite/envs/nair/myoleg_passivemuscexo/torso/assets) by extensions ['cmake', 'python']
[0.174s] Level 1:colcon.colcon_core.package_identification:_identify(myosuite_local/myosuite/envs/nair/myoleg_passivemuscexo/torso/assets) by extension 'cmake'
[0.174s] Level 1:colcon.colcon_core.package_identification:_identify(myosuite_local/myosuite/envs/nair/myoleg_passivemuscexo/torso/assets) by extension 'python'
[0.174s] Level 1:colcon.colcon_core.package_identification:_identify(myosuite_local/myosuite/envs/nair/myoleg_passivemuscexo/torso/assets) by extensions ['python_setup_py']
[0.174s] Level 1:colcon.colcon_core.package_identification:_identify(myosuite_local/myosuite/envs/nair/myoleg_passivemuscexo/torso/assets) by extension 'python_setup_py'
[0.174s] Level 1:colcon.colcon_core.package_identification:_identify(myosuite_local/myosuite/envs/nair/myoleg_spasticity_muscexo) by extensions ['ignore', 'ignore_ament_install']
[0.174s] Level 1:colcon.colcon_core.package_identification:_identify(myosuite_local/myosuite/envs/nair/myoleg_spasticity_muscexo) by extension 'ignore'
[0.174s] Level 1:colcon.colcon_core.package_identification:_identify(myosuite_local/myosuite/envs/nair/myoleg_spasticity_muscexo) by extension 'ignore_ament_install'
[0.174s] Level 1:colcon.colcon_core.package_identification:_identify(myosuite_local/myosuite/envs/nair/myoleg_spasticity_muscexo) by extensions ['colcon_pkg']
[0.174s] Level 1:colcon.colcon_core.package_identification:_identify(myosuite_local/myosuite/envs/nair/myoleg_spasticity_muscexo) by extension 'colcon_pkg'
[0.174s] Level 1:colcon.colcon_core.package_identification:_identify(myosuite_local/myosuite/envs/nair/myoleg_spasticity_muscexo) by extensions ['colcon_meta']
[0.174s] Level 1:colcon.colcon_core.package_identification:_identify(myosuite_local/myosuite/envs/nair/myoleg_spasticity_muscexo) by extension 'colcon_meta'
[0.174s] Level 1:colcon.colcon_core.package_identification:_identify(myosuite_local/myosuite/envs/nair/myoleg_spasticity_muscexo) by extensions ['ros']
[0.174s] Level 1:colcon.colcon_core.package_identification:_identify(myosuite_local/myosuite/envs/nair/myoleg_spasticity_muscexo) by extension 'ros'
[0.175s] Level 1:colcon.colcon_core.package_identification:_identify(myosuite_local/myosuite/envs/nair/myoleg_spasticity_muscexo) by extensions ['cmake', 'python']
[0.175s] Level 1:colcon.colcon_core.package_identification:_identify(myosuite_local/myosuite/envs/nair/myoleg_spasticity_muscexo) by extension 'cmake'
[0.175s] Level 1:colcon.colcon_core.package_identification:_identify(myosuite_local/myosuite/envs/nair/myoleg_spasticity_muscexo) by extension 'python'
[0.175s] Level 1:colcon.colcon_core.package_identification:_identify(myosuite_local/myosuite/envs/nair/myoleg_spasticity_muscexo) by extensions ['python_setup_py']
[0.175s] Level 1:colcon.colcon_core.package_identification:_identify(myosuite_local/myosuite/envs/nair/myoleg_spasticity_muscexo) by extension 'python_setup_py'
[0.175s] Level 1:colcon.colcon_core.package_identification:_identify(myosuite_local/myosuite/envs/nair/myoleg_spasticity_muscexo/RL_meshes) by extensions ['ignore', 'ignore_ament_install']
[0.175s] Level 1:colcon.colcon_core.package_identification:_identify(myosuite_local/myosuite/envs/nair/myoleg_spasticity_muscexo/RL_meshes) by extension 'ignore'
[0.175s] Level 1:colcon.colcon_core.package_identification:_identify(myosuite_local/myosuite/envs/nair/myoleg_spasticity_muscexo/RL_meshes) by extension 'ignore_ament_install'
[0.175s] Level 1:colcon.colcon_core.package_identification:_identify(myosuite_local/myosuite/envs/nair/myoleg_spasticity_muscexo/RL_meshes) by extensions ['colcon_pkg']
[0.175s] Level 1:colcon.colcon_core.package_identification:_identify(myosuite_local/myosuite/envs/nair/myoleg_spasticity_muscexo/RL_meshes) by extension 'colcon_pkg'
[0.175s] Level 1:colcon.colcon_core.package_identification:_identify(myosuite_local/myosuite/envs/nair/myoleg_spasticity_muscexo/RL_meshes) by extensions ['colcon_meta']
[0.175s] Level 1:colcon.colcon_core.package_identification:_identify(myosuite_local/myosuite/envs/nair/myoleg_spasticity_muscexo/RL_meshes) by extension 'colcon_meta'
[0.175s] Level 1:colcon.colcon_core.package_identification:_identify(myosuite_local/myosuite/envs/nair/myoleg_spasticity_muscexo/RL_meshes) by extensions ['ros']
[0.175s] Level 1:colcon.colcon_core.package_identification:_identify(myosuite_local/myosuite/envs/nair/myoleg_spasticity_muscexo/RL_meshes) by extension 'ros'
[0.175s] Level 1:colcon.colcon_core.package_identification:_identify(myosuite_local/myosuite/envs/nair/myoleg_spasticity_muscexo/RL_meshes) by extensions ['cmake', 'python']
[0.175s] Level 1:colcon.colcon_core.package_identification:_identify(myosuite_local/myosuite/envs/nair/myoleg_spasticity_muscexo/RL_meshes) by extension 'cmake'
[0.175s] Level 1:colcon.colcon_core.package_identification:_identify(myosuite_local/myosuite/envs/nair/myoleg_spasticity_muscexo/RL_meshes) by extension 'python'
[0.175s] Level 1:colcon.colcon_core.package_identification:_identify(myosuite_local/myosuite/envs/nair/myoleg_spasticity_muscexo/RL_meshes) by extensions ['python_setup_py']
[0.175s] Level 1:colcon.colcon_core.package_identification:_identify(myosuite_local/myosuite/envs/nair/myoleg_spasticity_muscexo/RL_meshes) by extension 'python_setup_py'
[0.175s] Level 1:colcon.colcon_core.package_identification:_identify(myosuite_local/myosuite/envs/nair/myoleg_spasticity_muscexo/leg) by extensions ['ignore', 'ignore_ament_install']
[0.175s] Level 1:colcon.colcon_core.package_identification:_identify(myosuite_local/myosuite/envs/nair/myoleg_spasticity_muscexo/leg) by extension 'ignore'
[0.175s] Level 1:colcon.colcon_core.package_identification:_identify(myosuite_local/myosuite/envs/nair/myoleg_spasticity_muscexo/leg) by extension 'ignore_ament_install'
[0.175s] Level 1:colcon.colcon_core.package_identification:_identify(myosuite_local/myosuite/envs/nair/myoleg_spasticity_muscexo/leg) by extensions ['colcon_pkg']
[0.175s] Level 1:colcon.colcon_core.package_identification:_identify(myosuite_local/myosuite/envs/nair/myoleg_spasticity_muscexo/leg) by extension 'colcon_pkg'
[0.175s] Level 1:colcon.colcon_core.package_identification:_identify(myosuite_local/myosuite/envs/nair/myoleg_spasticity_muscexo/leg) by extensions ['colcon_meta']
[0.175s] Level 1:colcon.colcon_core.package_identification:_identify(myosuite_local/myosuite/envs/nair/myoleg_spasticity_muscexo/leg) by extension 'colcon_meta'
[0.175s] Level 1:colcon.colcon_core.package_identification:_identify(myosuite_local/myosuite/envs/nair/myoleg_spasticity_muscexo/leg) by extensions ['ros']
[0.175s] Level 1:colcon.colcon_core.package_identification:_identify(myosuite_local/myosuite/envs/nair/myoleg_spasticity_muscexo/leg) by extension 'ros'
[0.175s] Level 1:colcon.colcon_core.package_identification:_identify(myosuite_local/myosuite/envs/nair/myoleg_spasticity_muscexo/leg) by extensions ['cmake', 'python']
[0.175s] Level 1:colcon.colcon_core.package_identification:_identify(myosuite_local/myosuite/envs/nair/myoleg_spasticity_muscexo/leg) by extension 'cmake'
[0.175s] Level 1:colcon.colcon_core.package_identification:_identify(myosuite_local/myosuite/envs/nair/myoleg_spasticity_muscexo/leg) by extension 'python'
[0.175s] Level 1:colcon.colcon_core.package_identification:_identify(myosuite_local/myosuite/envs/nair/myoleg_spasticity_muscexo/leg) by extensions ['python_setup_py']
[0.175s] Level 1:colcon.colcon_core.package_identification:_identify(myosuite_local/myosuite/envs/nair/myoleg_spasticity_muscexo/leg) by extension 'python_setup_py'
[0.175s] Level 1:colcon.colcon_core.package_identification:_identify(myosuite_local/myosuite/envs/nair/myoleg_spasticity_muscexo/leg/assets) by extensions ['ignore', 'ignore_ament_install']
[0.175s] Level 1:colcon.colcon_core.package_identification:_identify(myosuite_local/myosuite/envs/nair/myoleg_spasticity_muscexo/leg/assets) by extension 'ignore'
[0.175s] Level 1:colcon.colcon_core.package_identification:_identify(myosuite_local/myosuite/envs/nair/myoleg_spasticity_muscexo/leg/assets) by extension 'ignore_ament_install'
[0.175s] Level 1:colcon.colcon_core.package_identification:_identify(myosuite_local/myosuite/envs/nair/myoleg_spasticity_muscexo/leg/assets) by extensions ['colcon_pkg']
[0.175s] Level 1:colcon.colcon_core.package_identification:_identify(myosuite_local/myosuite/envs/nair/myoleg_spasticity_muscexo/leg/assets) by extension 'colcon_pkg'
[0.175s] Level 1:colcon.colcon_core.package_identification:_identify(myosuite_local/myosuite/envs/nair/myoleg_spasticity_muscexo/leg/assets) by extensions ['colcon_meta']
[0.175s] Level 1:colcon.colcon_core.package_identification:_identify(myosuite_local/myosuite/envs/nair/myoleg_spasticity_muscexo/leg/assets) by extension 'colcon_meta'
[0.175s] Level 1:colcon.colcon_core.package_identification:_identify(myosuite_local/myosuite/envs/nair/myoleg_spasticity_muscexo/leg/assets) by extensions ['ros']
[0.175s] Level 1:colcon.colcon_core.package_identification:_identify(myosuite_local/myosuite/envs/nair/myoleg_spasticity_muscexo/leg/assets) by extension 'ros'
[0.175s] Level 1:colcon.colcon_core.package_identification:_identify(myosuite_local/myosuite/envs/nair/myoleg_spasticity_muscexo/leg/assets) by extensions ['cmake', 'python']
[0.175s] Level 1:colcon.colcon_core.package_identification:_identify(myosuite_local/myosuite/envs/nair/myoleg_spasticity_muscexo/leg/assets) by extension 'cmake'
[0.175s] Level 1:colcon.colcon_core.package_identification:_identify(myosuite_local/myosuite/envs/nair/myoleg_spasticity_muscexo/leg/assets) by extension 'python'
[0.175s] Level 1:colcon.colcon_core.package_identification:_identify(myosuite_local/myosuite/envs/nair/myoleg_spasticity_muscexo/leg/assets) by extensions ['python_setup_py']
[0.175s] Level 1:colcon.colcon_core.package_identification:_identify(myosuite_local/myosuite/envs/nair/myoleg_spasticity_muscexo/leg/assets) by extension 'python_setup_py'
[0.176s] Level 1:colcon.colcon_core.package_identification:_identify(myosuite_local/myosuite/envs/nair/myoleg_spasticity_muscexo/meshes) by extensions ['ignore', 'ignore_ament_install']
[0.176s] Level 1:colcon.colcon_core.package_identification:_identify(myosuite_local/myosuite/envs/nair/myoleg_spasticity_muscexo/meshes) by extension 'ignore'
[0.176s] Level 1:colcon.colcon_core.package_identification:_identify(myosuite_local/myosuite/envs/nair/myoleg_spasticity_muscexo/meshes) by extension 'ignore_ament_install'
[0.176s] Level 1:colcon.colcon_core.package_identification:_identify(myosuite_local/myosuite/envs/nair/myoleg_spasticity_muscexo/meshes) by extensions ['colcon_pkg']
[0.176s] Level 1:colcon.colcon_core.package_identification:_identify(myosuite_local/myosuite/envs/nair/myoleg_spasticity_muscexo/meshes) by extension 'colcon_pkg'
[0.176s] Level 1:colcon.colcon_core.package_identification:_identify(myosuite_local/myosuite/envs/nair/myoleg_spasticity_muscexo/meshes) by extensions ['colcon_meta']
[0.176s] Level 1:colcon.colcon_core.package_identification:_identify(myosuite_local/myosuite/envs/nair/myoleg_spasticity_muscexo/meshes) by extension 'colcon_meta'
[0.176s] Level 1:colcon.colcon_core.package_identification:_identify(myosuite_local/myosuite/envs/nair/myoleg_spasticity_muscexo/meshes) by extensions ['ros']
[0.176s] Level 1:colcon.colcon_core.package_identification:_identify(myosuite_local/myosuite/envs/nair/myoleg_spasticity_muscexo/meshes) by extension 'ros'
[0.176s] Level 1:colcon.colcon_core.package_identification:_identify(myosuite_local/myosuite/envs/nair/myoleg_spasticity_muscexo/meshes) by extensions ['cmake', 'python']
[0.176s] Level 1:colcon.colcon_core.package_identification:_identify(myosuite_local/myosuite/envs/nair/myoleg_spasticity_muscexo/meshes) by extension 'cmake'
[0.176s] Level 1:colcon.colcon_core.package_identification:_identify(myosuite_local/myosuite/envs/nair/myoleg_spasticity_muscexo/meshes) by extension 'python'
[0.176s] Level 1:colcon.colcon_core.package_identification:_identify(myosuite_local/myosuite/envs/nair/myoleg_spasticity_muscexo/meshes) by extensions ['python_setup_py']
[0.176s] Level 1:colcon.colcon_core.package_identification:_identify(myosuite_local/myosuite/envs/nair/myoleg_spasticity_muscexo/meshes) by extension 'python_setup_py'
[0.176s] Level 1:colcon.colcon_core.package_identification:_identify(myosuite_local/myosuite/envs/nair/myoleg_spasticity_muscexo/scene) by extensions ['ignore', 'ignore_ament_install']
[0.176s] Level 1:colcon.colcon_core.package_identification:_identify(myosuite_local/myosuite/envs/nair/myoleg_spasticity_muscexo/scene) by extension 'ignore'
[0.176s] Level 1:colcon.colcon_core.package_identification:_identify(myosuite_local/myosuite/envs/nair/myoleg_spasticity_muscexo/scene) by extension 'ignore_ament_install'
[0.176s] Level 1:colcon.colcon_core.package_identification:_identify(myosuite_local/myosuite/envs/nair/myoleg_spasticity_muscexo/scene) by extensions ['colcon_pkg']
[0.176s] Level 1:colcon.colcon_core.package_identification:_identify(myosuite_local/myosuite/envs/nair/myoleg_spasticity_muscexo/scene) by extension 'colcon_pkg'
[0.176s] Level 1:colcon.colcon_core.package_identification:_identify(myosuite_local/myosuite/envs/nair/myoleg_spasticity_muscexo/scene) by extensions ['colcon_meta']
[0.176s] Level 1:colcon.colcon_core.package_identification:_identify(myosuite_local/myosuite/envs/nair/myoleg_spasticity_muscexo/scene) by extension 'colcon_meta'
[0.176s] Level 1:colcon.colcon_core.package_identification:_identify(myosuite_local/myosuite/envs/nair/myoleg_spasticity_muscexo/scene) by extensions ['ros']
[0.176s] Level 1:colcon.colcon_core.package_identification:_identify(myosuite_local/myosuite/envs/nair/myoleg_spasticity_muscexo/scene) by extension 'ros'
[0.176s] Level 1:colcon.colcon_core.package_identification:_identify(myosuite_local/myosuite/envs/nair/myoleg_spasticity_muscexo/scene) by extensions ['cmake', 'python']
[0.176s] Level 1:colcon.colcon_core.package_identification:_identify(myosuite_local/myosuite/envs/nair/myoleg_spasticity_muscexo/scene) by extension 'cmake'
[0.176s] Level 1:colcon.colcon_core.package_identification:_identify(myosuite_local/myosuite/envs/nair/myoleg_spasticity_muscexo/scene) by extension 'python'
[0.176s] Level 1:colcon.colcon_core.package_identification:_identify(myosuite_local/myosuite/envs/nair/myoleg_spasticity_muscexo/scene) by extensions ['python_setup_py']
[0.176s] Level 1:colcon.colcon_core.package_identification:_identify(myosuite_local/myosuite/envs/nair/myoleg_spasticity_muscexo/scene) by extension 'python_setup_py'
[0.176s] Level 1:colcon.colcon_core.package_identification:_identify(myosuite_local/myosuite/envs/nair/myoleg_spasticity_muscexo/torso) by extensions ['ignore', 'ignore_ament_install']
[0.176s] Level 1:colcon.colcon_core.package_identification:_identify(myosuite_local/myosuite/envs/nair/myoleg_spasticity_muscexo/torso) by extension 'ignore'
[0.176s] Level 1:colcon.colcon_core.package_identification:_identify(myosuite_local/myosuite/envs/nair/myoleg_spasticity_muscexo/torso) by extension 'ignore_ament_install'
[0.176s] Level 1:colcon.colcon_core.package_identification:_identify(myosuite_local/myosuite/envs/nair/myoleg_spasticity_muscexo/torso) by extensions ['colcon_pkg']
[0.176s] Level 1:colcon.colcon_core.package_identification:_identify(myosuite_local/myosuite/envs/nair/myoleg_spasticity_muscexo/torso) by extension 'colcon_pkg'
[0.176s] Level 1:colcon.colcon_core.package_identification:_identify(myosuite_local/myosuite/envs/nair/myoleg_spasticity_muscexo/torso) by extensions ['colcon_meta']
[0.176s] Level 1:colcon.colcon_core.package_identification:_identify(myosuite_local/myosuite/envs/nair/myoleg_spasticity_muscexo/torso) by extension 'colcon_meta'
[0.176s] Level 1:colcon.colcon_core.package_identification:_identify(myosuite_local/myosuite/envs/nair/myoleg_spasticity_muscexo/torso) by extensions ['ros']
[0.176s] Level 1:colcon.colcon_core.package_identification:_identify(myosuite_local/myosuite/envs/nair/myoleg_spasticity_muscexo/torso) by extension 'ros'
[0.176s] Level 1:colcon.colcon_core.package_identification:_identify(myosuite_local/myosuite/envs/nair/myoleg_spasticity_muscexo/torso) by extensions ['cmake', 'python']
[0.176s] Level 1:colcon.colcon_core.package_identification:_identify(myosuite_local/myosuite/envs/nair/myoleg_spasticity_muscexo/torso) by extension 'cmake'
[0.176s] Level 1:colcon.colcon_core.package_identification:_identify(myosuite_local/myosuite/envs/nair/myoleg_spasticity_muscexo/torso) by extension 'python'
[0.176s] Level 1:colcon.colcon_core.package_identification:_identify(myosuite_local/myosuite/envs/nair/myoleg_spasticity_muscexo/torso) by extensions ['python_setup_py']
[0.176s] Level 1:colcon.colcon_core.package_identification:_identify(myosuite_local/myosuite/envs/nair/myoleg_spasticity_muscexo/torso) by extension 'python_setup_py'
[0.176s] Level 1:colcon.colcon_core.package_identification:_identify(myosuite_local/myosuite/envs/nair/myoleg_spasticity_muscexo/torso/assets) by extensions ['ignore', 'ignore_ament_install']
[0.177s] Level 1:colcon.colcon_core.package_identification:_identify(myosuite_local/myosuite/envs/nair/myoleg_spasticity_muscexo/torso/assets) by extension 'ignore'
[0.177s] Level 1:colcon.colcon_core.package_identification:_identify(myosuite_local/myosuite/envs/nair/myoleg_spasticity_muscexo/torso/assets) by extension 'ignore_ament_install'
[0.177s] Level 1:colcon.colcon_core.package_identification:_identify(myosuite_local/myosuite/envs/nair/myoleg_spasticity_muscexo/torso/assets) by extensions ['colcon_pkg']
[0.177s] Level 1:colcon.colcon_core.package_identification:_identify(myosuite_local/myosuite/envs/nair/myoleg_spasticity_muscexo/torso/assets) by extension 'colcon_pkg'
[0.177s] Level 1:colcon.colcon_core.package_identification:_identify(myosuite_local/myosuite/envs/nair/myoleg_spasticity_muscexo/torso/assets) by extensions ['colcon_meta']
[0.177s] Level 1:colcon.colcon_core.package_identification:_identify(myosuite_local/myosuite/envs/nair/myoleg_spasticity_muscexo/torso/assets) by extension 'colcon_meta'
[0.177s] Level 1:colcon.colcon_core.package_identification:_identify(myosuite_local/myosuite/envs/nair/myoleg_spasticity_muscexo/torso/assets) by extensions ['ros']
[0.177s] Level 1:colcon.colcon_core.package_identification:_identify(myosuite_local/myosuite/envs/nair/myoleg_spasticity_muscexo/torso/assets) by extension 'ros'
[0.177s] Level 1:colcon.colcon_core.package_identification:_identify(myosuite_local/myosuite/envs/nair/myoleg_spasticity_muscexo/torso/assets) by extensions ['cmake', 'python']
[0.177s] Level 1:colcon.colcon_core.package_identification:_identify(myosuite_local/myosuite/envs/nair/myoleg_spasticity_muscexo/torso/assets) by extension 'cmake'
[0.177s] Level 1:colcon.colcon_core.package_identification:_identify(myosuite_local/myosuite/envs/nair/myoleg_spasticity_muscexo/torso/assets) by extension 'python'
[0.177s] Level 1:colcon.colcon_core.package_identification:_identify(myosuite_local/myosuite/envs/nair/myoleg_spasticity_muscexo/torso/assets) by extensions ['python_setup_py']
[0.177s] Level 1:colcon.colcon_core.package_identification:_identify(myosuite_local/myosuite/envs/nair/myoleg_spasticity_muscexo/torso/assets) by extension 'python_setup_py'
[0.177s] Level 1:colcon.colcon_core.package_identification:_identify(src) by extensions ['ignore', 'ignore_ament_install']
[0.177s] Level 1:colcon.colcon_core.package_identification:_identify(src) by extension 'ignore'
[0.177s] Level 1:colcon.colcon_core.package_identification:_identify(src) by extension 'ignore_ament_install'
[0.177s] Level 1:colcon.colcon_core.package_identification:_identify(src) by extensions ['colcon_pkg']
[0.177s] Level 1:colcon.colcon_core.package_identification:_identify(src) by extension 'colcon_pkg'
[0.177s] Level 1:colcon.colcon_core.package_identification:_identify(src) by extensions ['colcon_meta']
[0.177s] Level 1:colcon.colcon_core.package_identification:_identify(src) by extension 'colcon_meta'
[0.177s] Level 1:colcon.colcon_core.package_identification:_identify(src) by extensions ['ros']
[0.177s] Level 1:colcon.colcon_core.package_identification:_identify(src) by extension 'ros'
[0.177s] Level 1:colcon.colcon_core.package_identification:_identify(src) by extensions ['cmake', 'python']
[0.177s] Level 1:colcon.colcon_core.package_identification:_identify(src) by extension 'cmake'
[0.177s] Level 1:colcon.colcon_core.package_identification:_identify(src) by extension 'python'
[0.177s] Level 1:colcon.colcon_core.package_identification:_identify(src) by extensions ['python_setup_py']
[0.177s] Level 1:colcon.colcon_core.package_identification:_identify(src) by extension 'python_setup_py'
[0.177s] Level 1:colcon.colcon_core.package_identification:_identify(src/rl_interfaces) by extensions ['ignore', 'ignore_ament_install']
[0.177s] Level 1:colcon.colcon_core.package_identification:_identify(src/rl_interfaces) by extension 'ignore'
[0.177s] Level 1:colcon.colcon_core.package_identification:_identify(src/rl_interfaces) by extension 'ignore_ament_install'
[0.177s] Level 1:colcon.colcon_core.package_identification:_identify(src/rl_interfaces) by extensions ['colcon_pkg']
[0.177s] Level 1:colcon.colcon_core.package_identification:_identify(src/rl_interfaces) by extension 'colcon_pkg'
[0.177s] Level 1:colcon.colcon_core.package_identification:_identify(src/rl_interfaces) by extensions ['colcon_meta']
[0.177s] Level 1:colcon.colcon_core.package_identification:_identify(src/rl_interfaces) by extension 'colcon_meta'
[0.177s] Level 1:colcon.colcon_core.package_identification:_identify(src/rl_interfaces) by extensions ['ros']
[0.177s] Level 1:colcon.colcon_core.package_identification:_identify(src/rl_interfaces) by extension 'ros'
[0.181s] DEBUG:colcon.colcon_core.package_identification:Package 'src/rl_interfaces' with type 'ros.ament_cmake' and name 'rl_interfaces'
[0.181s] Level 1:colcon.colcon_core.package_identification:_identify(src/rl_package) by extensions ['ignore', 'ignore_ament_install']
[0.181s] Level 1:colcon.colcon_core.package_identification:_identify(src/rl_package) by extension 'ignore'
[0.181s] Level 1:colcon.colcon_core.package_identification:_identify(src/rl_package) by extension 'ignore_ament_install'
[0.181s] Level 1:colcon.colcon_core.package_identification:_identify(src/rl_package) by extensions ['colcon_pkg']
[0.181s] Level 1:colcon.colcon_core.package_identification:_identify(src/rl_package) by extension 'colcon_pkg'
[0.181s] Level 1:colcon.colcon_core.package_identification:_identify(src/rl_package) by extensions ['colcon_meta']
[0.181s] Level 1:colcon.colcon_core.package_identification:_identify(src/rl_package) by extension 'colcon_meta'
[0.181s] Level 1:colcon.colcon_core.package_identification:_identify(src/rl_package) by extensions ['ros']
[0.181s] Level 1:colcon.colcon_core.package_identification:_identify(src/rl_package) by extension 'ros'
[0.182s] DEBUG:colcon.colcon_core.package_identification:Package 'src/rl_package' with type 'ros.ament_python' and name 'rl_package'
[0.182s] Level 1:colcon.colcon_core.package_discovery:discover_packages(recursive) using defaults
[0.182s] Level 1:colcon.colcon_core.package_discovery:discover_packages(ignore) discover
[0.182s] Level 1:colcon.colcon_core.package_discovery:discover_packages(ignore) using defaults
[0.182s] Level 1:colcon.colcon_core.package_discovery:discover_packages(path) discover
[0.182s] Level 1:colcon.colcon_core.package_discovery:discover_packages(path) using defaults
[0.196s] Level 1:colcon.colcon_core.package_discovery:discover_packages(prefix_path) check parameters
[0.196s] Level 1:colcon.colcon_core.package_discovery:discover_packages(prefix_path) discover
[0.198s] DEBUG:colcon.colcon_installed_package_information.package_discovery:Found 292 installed packages in /opt/ros/jazzy
[0.199s] Level 1:colcon.colcon_core.package_discovery:discover_packages(prefix_path) using defaults
[0.217s] Level 5:colcon.colcon_core.verb:set package 'rl_interfaces' build argument 'cmake_args' from command line to 'None'
[0.217s] Level 5:colcon.colcon_core.verb:set package 'rl_interfaces' build argument 'cmake_target' from command line to 'None'
[0.217s] Level 5:colcon.colcon_core.verb:set package 'rl_interfaces' build argument 'cmake_target_skip_unavailable' from command line to 'False'
[0.217s] Level 5:colcon.colcon_core.verb:set package 'rl_interfaces' build argument 'cmake_clean_cache' from command line to 'False'
[0.217s] Level 5:colcon.colcon_core.verb:set package 'rl_interfaces' build argument 'cmake_clean_first' from command line to 'False'
[0.217s] Level 5:colcon.colcon_core.verb:set package 'rl_interfaces' build argument 'cmake_force_configure' from command line to 'False'
[0.217s] Level 5:colcon.colcon_core.verb:set package 'rl_interfaces' build argument 'ament_cmake_args' from command line to 'None'
[0.217s] Level 5:colcon.colcon_core.verb:set package 'rl_interfaces' build argument 'catkin_cmake_args' from command line to 'None'
[0.217s] Level 5:colcon.colcon_core.verb:set package 'rl_interfaces' build argument 'catkin_skip_building_tests' from command line to 'False'
[0.217s] DEBUG:colcon.colcon_core.verb:Building package 'rl_interfaces' with the following arguments: {'ament_cmake_args': None, 'build_base': '/home/carlos/Escritorio/TFG/code_tfg/inferencia/build/rl_interfaces', 'catkin_cmake_args': None, 'catkin_skip_building_tests': False, 'cmake_args': None, 'cmake_clean_cache': False, 'cmake_clean_first': False, 'cmake_force_configure': False, 'cmake_target': None, 'cmake_target_skip_unavailable': False, 'install_base': '/home/carlos/Escritorio/TFG/code_tfg/inferencia/install/rl_interfaces', 'merge_install': False, 'path': '/home/carlos/Escritorio/TFG/code_tfg/inferencia/src/rl_interfaces', 'symlink_install': True, 'test_result_base': None}
[0.218s] Level 5:colcon.colcon_core.verb:set package 'rl_package' build argument 'cmake_args' from command line to 'None'
[0.218s] Level 5:colcon.colcon_core.verb:set package 'rl_package' build argument 'cmake_target' from command line to 'None'
[0.218s] Level 5:colcon.colcon_core.verb:set package 'rl_package' build argument 'cmake_target_skip_unavailable' from command line to 'False'
[0.218s] Level 5:colcon.colcon_core.verb:set package 'rl_package' build argument 'cmake_clean_cache' from command line to 'False'
[0.218s] Level 5:colcon.colcon_core.verb:set package 'rl_package' build argument 'cmake_clean_first' from command line to 'False'
[0.218s] Level 5:colcon.colcon_core.verb:set package 'rl_package' build argument 'cmake_force_configure' from command line to 'False'
[0.218s] Level 5:colcon.colcon_core.verb:set package 'rl_package' build argument 'ament_cmake_args' from command line to 'None'
[0.218s] Level 5:colcon.colcon_core.verb:set package 'rl_package' build argument 'catkin_cmake_args' from command line to 'None'
[0.218s] Level 5:colcon.colcon_core.verb:set package 'rl_package' build argument 'catkin_skip_building_tests' from command line to 'False'
[0.218s] DEBUG:colcon.colcon_core.verb:Building package 'rl_package' with the following arguments: {'ament_cmake_args': None, 'build_base': '/home/carlos/Escritorio/TFG/code_tfg/inferencia/build/rl_package', 'catkin_cmake_args': None, 'catkin_skip_building_tests': False, 'cmake_args': None, 'cmake_clean_cache': False, 'cmake_clean_first': False, 'cmake_force_configure': False, 'cmake_target': None, 'cmake_target_skip_unavailable': False, 'install_base': '/home/carlos/Escritorio/TFG/code_tfg/inferencia/install/rl_package', 'merge_install': False, 'path': '/home/carlos/Escritorio/TFG/code_tfg/inferencia/src/rl_package', 'symlink_install': True, 'test_result_base': None}
[0.218s] INFO:colcon.colcon_core.executor:Executing jobs using 'parallel' executor
[0.218s] DEBUG:colcon.colcon_parallel_executor.executor.parallel:run_until_complete
[0.218s] INFO:colcon.colcon_ros.task.ament_cmake.build:Building ROS package in '/home/carlos/Escritorio/TFG/code_tfg/inferencia/src/rl_interfaces' with build type 'ament_cmake'
[0.218s] INFO:colcon.colcon_cmake.task.cmake.build:Building CMake package in '/home/carlos/Escritorio/TFG/code_tfg/inferencia/src/rl_interfaces'
[0.223s] INFO:colcon.colcon_core.plugin_system:Skipping extension 'colcon_core.shell.bat': Not used on non-Windows systems
[0.223s] INFO:colcon.colcon_core.shell:Skip shell extension 'powershell' for command environment: Not usable outside of PowerShell
[0.223s] DEBUG:colcon.colcon_core.shell:Skip shell extension 'dsv' for command environment
[0.227s] DEBUG:colcon.colcon_core.event_handler.log_command:Invoking command in '/home/carlos/Escritorio/TFG/code_tfg/inferencia/build/rl_interfaces': CMAKE_PREFIX_PATH=${CMAKE_PREFIX_PATH}:/opt/ros/jazzy DEBUGINFOD_URLS=https://debuginfod.ubuntu.com /usr/bin/cmake /home/carlos/Escritorio/TFG/code_tfg/inferencia/src/rl_interfaces -DAMENT_CMAKE_SYMLINK_INSTALL=1 -DCMAKE_INSTALL_PREFIX=/home/carlos/Escritorio/TFG/code_tfg/inferencia/install/rl_interfaces
[2.797s] DEBUG:colcon.colcon_core.event_handler.log_command:Invoked command in '/home/carlos/Escritorio/TFG/code_tfg/inferencia/build/rl_interfaces' returned '0': CMAKE_PREFIX_PATH=${CMAKE_PREFIX_PATH}:/opt/ros/jazzy DEBUGINFOD_URLS=https://debuginfod.ubuntu.com /usr/bin/cmake /home/carlos/Escritorio/TFG/code_tfg/inferencia/src/rl_interfaces -DAMENT_CMAKE_SYMLINK_INSTALL=1 -DCMAKE_INSTALL_PREFIX=/home/carlos/Escritorio/TFG/code_tfg/inferencia/install/rl_interfaces
[2.797s] DEBUG:colcon.colcon_core.event_handler.log_command:Invoking command in '/home/carlos/Escritorio/TFG/code_tfg/inferencia/build/rl_interfaces': CMAKE_PREFIX_PATH=${CMAKE_PREFIX_PATH}:/opt/ros/jazzy DEBUGINFOD_URLS=https://debuginfod.ubuntu.com /usr/bin/cmake --build /home/carlos/Escritorio/TFG/code_tfg/inferencia/build/rl_interfaces -- -j24 -l24
[4.231s] DEBUG:colcon.colcon_core.event_handler.log_command:Invoked command in '/home/carlos/Escritorio/TFG/code_tfg/inferencia/build/rl_interfaces' returned '0': CMAKE_PREFIX_PATH=${CMAKE_PREFIX_PATH}:/opt/ros/jazzy DEBUGINFOD_URLS=https://debuginfod.ubuntu.com /usr/bin/cmake --build /home/carlos/Escritorio/TFG/code_tfg/inferencia/build/rl_interfaces -- -j24 -l24
[4.238s] DEBUG:colcon.colcon_core.event_handler.log_command:Invoking command in '/home/carlos/Escritorio/TFG/code_tfg/inferencia/build/rl_interfaces': CMAKE_PREFIX_PATH=${CMAKE_PREFIX_PATH}:/opt/ros/jazzy DEBUGINFOD_URLS=https://debuginfod.ubuntu.com /usr/bin/cmake --install /home/carlos/Escritorio/TFG/code_tfg/inferencia/build/rl_interfaces
[4.722s] Level 1:colcon.colcon_core.environment:create_environment_scripts_only(rl_interfaces)
[4.723s] DEBUG:colcon.colcon_core.event_handler.log_command:Invoked command in '/home/carlos/Escritorio/TFG/code_tfg/inferencia/build/rl_interfaces' returned '0': CMAKE_PREFIX_PATH=${CMAKE_PREFIX_PATH}:/opt/ros/jazzy DEBUGINFOD_URLS=https://debuginfod.ubuntu.com /usr/bin/cmake --install /home/carlos/Escritorio/TFG/code_tfg/inferencia/build/rl_interfaces
[4.727s] Level 1:colcon.colcon_core.environment:checking '/home/carlos/Escritorio/TFG/code_tfg/inferencia/install/rl_interfaces' for CMake module files
[4.727s] Level 1:colcon.colcon_core.environment:checking '/home/carlos/Escritorio/TFG/code_tfg/inferencia/install/rl_interfaces' for CMake config files
[4.728s] Level 1:colcon.colcon_core.shell:create_environment_hook('rl_interfaces', 'cmake_prefix_path')
[4.728s] INFO:colcon.colcon_core.shell:Creating environment hook '/home/carlos/Escritorio/TFG/code_tfg/inferencia/install/rl_interfaces/share/rl_interfaces/hook/cmake_prefix_path.ps1'
[4.728s] INFO:colcon.colcon_core.shell:Creating environment descriptor '/home/carlos/Escritorio/TFG/code_tfg/inferencia/install/rl_interfaces/share/rl_interfaces/hook/cmake_prefix_path.dsv'
[4.729s] INFO:colcon.colcon_core.shell:Creating environment hook '/home/carlos/Escritorio/TFG/code_tfg/inferencia/install/rl_interfaces/share/rl_interfaces/hook/cmake_prefix_path.sh'
[4.729s] Level 1:colcon.colcon_core.environment:checking '/home/carlos/Escritorio/TFG/code_tfg/inferencia/install/rl_interfaces/lib'
[4.729s] Level 1:colcon.colcon_core.shell:create_environment_hook('rl_interfaces', 'ld_library_path_lib')
[4.729s] INFO:colcon.colcon_core.shell:Creating environment hook '/home/carlos/Escritorio/TFG/code_tfg/inferencia/install/rl_interfaces/share/rl_interfaces/hook/ld_library_path_lib.ps1'
[4.729s] INFO:colcon.colcon_core.shell:Creating environment descriptor '/home/carlos/Escritorio/TFG/code_tfg/inferencia/install/rl_interfaces/share/rl_interfaces/hook/ld_library_path_lib.dsv'
[4.730s] INFO:colcon.colcon_core.shell:Creating environment hook '/home/carlos/Escritorio/TFG/code_tfg/inferencia/install/rl_interfaces/share/rl_interfaces/hook/ld_library_path_lib.sh'
[4.730s] Level 1:colcon.colcon_core.environment:checking '/home/carlos/Escritorio/TFG/code_tfg/inferencia/install/rl_interfaces/bin'
[4.730s] Level 1:colcon.colcon_core.environment:checking '/home/carlos/Escritorio/TFG/code_tfg/inferencia/install/rl_interfaces/lib/pkgconfig/rl_interfaces.pc'
[4.730s] Level 1:colcon.colcon_core.environment:checking '/home/carlos/Escritorio/TFG/code_tfg/inferencia/install/rl_interfaces/lib/python3.12/site-packages'
[4.730s] Level 1:colcon.colcon_core.shell:create_environment_hook('rl_interfaces', 'pythonpath')
[4.730s] INFO:colcon.colcon_core.shell:Creating environment hook '/home/carlos/Escritorio/TFG/code_tfg/inferencia/install/rl_interfaces/share/rl_interfaces/hook/pythonpath.ps1'
[4.730s] INFO:colcon.colcon_core.shell:Creating environment descriptor '/home/carlos/Escritorio/TFG/code_tfg/inferencia/install/rl_interfaces/share/rl_interfaces/hook/pythonpath.dsv'
[4.730s] INFO:colcon.colcon_core.shell:Creating environment hook '/home/carlos/Escritorio/TFG/code_tfg/inferencia/install/rl_interfaces/share/rl_interfaces/hook/pythonpath.sh'
[4.731s] Level 1:colcon.colcon_core.environment:checking '/home/carlos/Escritorio/TFG/code_tfg/inferencia/install/rl_interfaces/bin'
[4.731s] INFO:colcon.colcon_core.shell:Creating package script '/home/carlos/Escritorio/TFG/code_tfg/inferencia/install/rl_interfaces/share/rl_interfaces/package.ps1'
[4.732s] INFO:colcon.colcon_core.shell:Creating package descriptor '/home/carlos/Escritorio/TFG/code_tfg/inferencia/install/rl_interfaces/share/rl_interfaces/package.dsv'
[4.732s] INFO:colcon.colcon_core.shell:Creating package script '/home/carlos/Escritorio/TFG/code_tfg/inferencia/install/rl_interfaces/share/rl_interfaces/package.sh'
[4.733s] INFO:colcon.colcon_core.shell:Creating package script '/home/carlos/Escritorio/TFG/code_tfg/inferencia/install/rl_interfaces/share/rl_interfaces/package.bash'
[4.733s] INFO:colcon.colcon_core.shell:Creating package script '/home/carlos/Escritorio/TFG/code_tfg/inferencia/install/rl_interfaces/share/rl_interfaces/package.zsh'
[4.734s] Level 1:colcon.colcon_core.environment:create_file_with_runtime_dependencies(/home/carlos/Escritorio/TFG/code_tfg/inferencia/install/rl_interfaces/share/colcon-core/packages/rl_interfaces)
[4.734s] Level 1:colcon.colcon_core.environment:create_environment_scripts_only(rl_interfaces)
[4.734s] Level 1:colcon.colcon_core.environment:checking '/home/carlos/Escritorio/TFG/code_tfg/inferencia/install/rl_interfaces' for CMake module files
[4.735s] Level 1:colcon.colcon_core.environment:checking '/home/carlos/Escritorio/TFG/code_tfg/inferencia/install/rl_interfaces' for CMake config files
[4.735s] Level 1:colcon.colcon_core.shell:create_environment_hook('rl_interfaces', 'cmake_prefix_path')
[4.735s] INFO:colcon.colcon_core.shell:Creating environment hook '/home/carlos/Escritorio/TFG/code_tfg/inferencia/install/rl_interfaces/share/rl_interfaces/hook/cmake_prefix_path.ps1'
[4.736s] INFO:colcon.colcon_core.shell:Creating environment descriptor '/home/carlos/Escritorio/TFG/code_tfg/inferencia/install/rl_interfaces/share/rl_interfaces/hook/cmake_prefix_path.dsv'
[4.736s] INFO:colcon.colcon_core.shell:Creating environment hook '/home/carlos/Escritorio/TFG/code_tfg/inferencia/install/rl_interfaces/share/rl_interfaces/hook/cmake_prefix_path.sh'
[4.737s] Level 1:colcon.colcon_core.environment:checking '/home/carlos/Escritorio/TFG/code_tfg/inferencia/install/rl_interfaces/lib'
[4.737s] Level 1:colcon.colcon_core.shell:create_environment_hook('rl_interfaces', 'ld_library_path_lib')
[4.737s] INFO:colcon.colcon_core.shell:Creating environment hook '/home/carlos/Escritorio/TFG/code_tfg/inferencia/install/rl_interfaces/share/rl_interfaces/hook/ld_library_path_lib.ps1'
[4.738s] INFO:colcon.colcon_core.shell:Creating environment descriptor '/home/carlos/Escritorio/TFG/code_tfg/inferencia/install/rl_interfaces/share/rl_interfaces/hook/ld_library_path_lib.dsv'
[4.739s] INFO:colcon.colcon_core.shell:Creating environment hook '/home/carlos/Escritorio/TFG/code_tfg/inferencia/install/rl_interfaces/share/rl_interfaces/hook/ld_library_path_lib.sh'
[4.740s] Level 1:colcon.colcon_core.environment:checking '/home/carlos/Escritorio/TFG/code_tfg/inferencia/install/rl_interfaces/bin'
[4.740s] Level 1:colcon.colcon_core.environment:checking '/home/carlos/Escritorio/TFG/code_tfg/inferencia/install/rl_interfaces/lib/pkgconfig/rl_interfaces.pc'
[4.741s] Level 1:colcon.colcon_core.environment:checking '/home/carlos/Escritorio/TFG/code_tfg/inferencia/install/rl_interfaces/lib/python3.12/site-packages'
[4.741s] Level 1:colcon.colcon_core.shell:create_environment_hook('rl_interfaces', 'pythonpath')
[4.741s] INFO:colcon.colcon_core.shell:Creating environment hook '/home/carlos/Escritorio/TFG/code_tfg/inferencia/install/rl_interfaces/share/rl_interfaces/hook/pythonpath.ps1'
[4.742s] INFO:colcon.colcon_core.shell:Creating environment descriptor '/home/carlos/Escritorio/TFG/code_tfg/inferencia/install/rl_interfaces/share/rl_interfaces/hook/pythonpath.dsv'
[4.742s] INFO:colcon.colcon_core.shell:Creating environment hook '/home/carlos/Escritorio/TFG/code_tfg/inferencia/install/rl_interfaces/share/rl_interfaces/hook/pythonpath.sh'
[4.743s] Level 1:colcon.colcon_core.environment:checking '/home/carlos/Escritorio/TFG/code_tfg/inferencia/install/rl_interfaces/bin'
[4.744s] INFO:colcon.colcon_core.shell:Creating package script '/home/carlos/Escritorio/TFG/code_tfg/inferencia/install/rl_interfaces/share/rl_interfaces/package.ps1'
[4.745s] INFO:colcon.colcon_core.shell:Creating package descriptor '/home/carlos/Escritorio/TFG/code_tfg/inferencia/install/rl_interfaces/share/rl_interfaces/package.dsv'
[4.746s] INFO:colcon.colcon_core.shell:Creating package script '/home/carlos/Escritorio/TFG/code_tfg/inferencia/install/rl_interfaces/share/rl_interfaces/package.sh'
[4.746s] INFO:colcon.colcon_core.shell:Creating package script '/home/carlos/Escritorio/TFG/code_tfg/inferencia/install/rl_interfaces/share/rl_interfaces/package.bash'
[4.747s] INFO:colcon.colcon_core.shell:Creating package script '/home/carlos/Escritorio/TFG/code_tfg/inferencia/install/rl_interfaces/share/rl_interfaces/package.zsh'
[4.747s] Level 1:colcon.colcon_core.environment:create_file_with_runtime_dependencies(/home/carlos/Escritorio/TFG/code_tfg/inferencia/install/rl_interfaces/share/colcon-core/packages/rl_interfaces)
[4.748s] INFO:colcon.colcon_ros.task.ament_python.build:Building ROS package in '/home/carlos/Escritorio/TFG/code_tfg/inferencia/src/rl_package' with build type 'ament_python'
[4.748s] Level 1:colcon.colcon_core.shell:create_environment_hook('rl_package', 'ament_prefix_path')
[4.748s] INFO:colcon.colcon_core.shell:Creating environment hook '/home/carlos/Escritorio/TFG/code_tfg/inferencia/install/rl_package/share/rl_package/hook/ament_prefix_path.ps1'
[4.749s] INFO:colcon.colcon_core.shell:Creating environment descriptor '/home/carlos/Escritorio/TFG/code_tfg/inferencia/install/rl_package/share/rl_package/hook/ament_prefix_path.dsv'
[4.750s] INFO:colcon.colcon_core.shell:Creating environment hook '/home/carlos/Escritorio/TFG/code_tfg/inferencia/install/rl_package/share/rl_package/hook/ament_prefix_path.sh'
[4.751s] INFO:colcon.colcon_core.shell:Skip shell extension 'powershell' for command environment: Not usable outside of PowerShell
[4.751s] DEBUG:colcon.colcon_core.shell:Skip shell extension 'dsv' for command environment
[4.893s] INFO:colcon.colcon_core.task.python.build:Building Python package in '/home/carlos/Escritorio/TFG/code_tfg/inferencia/src/rl_package'
[4.893s] INFO:colcon.colcon_core.shell:Skip shell extension 'powershell' for command environment: Not usable outside of PowerShell
[4.893s] DEBUG:colcon.colcon_core.shell:Skip shell extension 'dsv' for command environment
[5.172s] DEBUG:colcon.colcon_core.event_handler.log_command:Invoking command in '/home/carlos/Escritorio/TFG/code_tfg/inferencia/build/rl_package': AMENT_PREFIX_PATH=/home/carlos/Escritorio/TFG/code_tfg/inferencia/install/rl_interfaces:${AMENT_PREFIX_PATH} CMAKE_PREFIX_PATH=/home/carlos/Escritorio/TFG/code_tfg/inferencia/install/rl_interfaces:${CMAKE_PREFIX_PATH} DEBUGINFOD_URLS=https://debuginfod.ubuntu.com LD_LIBRARY_PATH=/home/carlos/Escritorio/TFG/code_tfg/inferencia/install/rl_interfaces/lib:${LD_LIBRARY_PATH} PYTHONPATH=/home/carlos/Escritorio/TFG/code_tfg/inferencia/build/rl_package/prefix_override:/usr/lib/python3/dist-packages/colcon_core/task/python/colcon_distutils_commands:/home/carlos/Escritorio/TFG/code_tfg/inferencia/install/rl_package/lib/python3.12/site-packages:/home/carlos/Escritorio/TFG/code_tfg/inferencia/install/rl_interfaces/lib/python3.12/site-packages:${PYTHONPATH} /usr/bin/python3 -W ignore:setup.py install is deprecated -W ignore:easy_install command is deprecated setup.py develop --editable --build-directory /home/carlos/Escritorio/TFG/code_tfg/inferencia/build/rl_package/build --no-deps symlink_data
[5.295s] DEBUG:colcon.colcon_core.event_handler.log_command:Invoked command in '/home/carlos/Escritorio/TFG/code_tfg/inferencia/build/rl_package' returned '1': AMENT_PREFIX_PATH=/home/carlos/Escritorio/TFG/code_tfg/inferencia/install/rl_interfaces:${AMENT_PREFIX_PATH} CMAKE_PREFIX_PATH=/home/carlos/Escritorio/TFG/code_tfg/inferencia/install/rl_interfaces:${CMAKE_PREFIX_PATH} DEBUGINFOD_URLS=https://debuginfod.ubuntu.com LD_LIBRARY_PATH=/home/carlos/Escritorio/TFG/code_tfg/inferencia/install/rl_interfaces/lib:${LD_LIBRARY_PATH} PYTHONPATH=/home/carlos/Escritorio/TFG/code_tfg/inferencia/build/rl_package/prefix_override:/usr/lib/python3/dist-packages/colcon_core/task/python/colcon_distutils_commands:/home/carlos/Escritorio/TFG/code_tfg/inferencia/install/rl_package/lib/python3.12/site-packages:/home/carlos/Escritorio/TFG/code_tfg/inferencia/install/rl_interfaces/lib/python3.12/site-packages:${PYTHONPATH} /usr/bin/python3 -W ignore:setup.py install is deprecated -W ignore:easy_install command is deprecated setup.py develop --editable --build-directory /home/carlos/Escritorio/TFG/code_tfg/inferencia/build/rl_package/build --no-deps symlink_data
[5.305s] DEBUG:colcon.colcon_parallel_executor.executor.parallel:closing loop
[5.305s] DEBUG:colcon.colcon_parallel_executor.executor.parallel:loop closed
[5.305s] DEBUG:colcon.colcon_parallel_executor.executor.parallel:run_until_complete finished with '1'
[5.305s] DEBUG:colcon.colcon_core.event_reactor:joining thread
[5.314s] INFO:colcon.colcon_core.plugin_system:Skipping extension 'colcon_notification.desktop_notification.terminal_notifier': Not used on non-Darwin systems
[5.314s] INFO:colcon.colcon_core.plugin_system:Skipping extension 'colcon_notification.desktop_notification.win32': Not used on non-Windows systems
[5.314s] INFO:colcon.colcon_notification.desktop_notification:Sending desktop notification using 'notify2'
[5.330s] DEBUG:colcon.colcon_core.event_reactor:joined thread
[5.331s] INFO:colcon.colcon_core.shell:Creating prefix script '/home/carlos/Escritorio/TFG/code_tfg/inferencia/install/local_setup.ps1'
[5.331s] INFO:colcon.colcon_core.shell:Creating prefix util module '/home/carlos/Escritorio/TFG/code_tfg/inferencia/install/_local_setup_util_ps1.py'
[5.332s] INFO:colcon.colcon_core.shell:Creating prefix chain script '/home/carlos/Escritorio/TFG/code_tfg/inferencia/install/setup.ps1'
[5.332s] INFO:colcon.colcon_core.shell:Creating prefix script '/home/carlos/Escritorio/TFG/code_tfg/inferencia/install/local_setup.sh'
[5.333s] INFO:colcon.colcon_core.shell:Creating prefix util module '/home/carlos/Escritorio/TFG/code_tfg/inferencia/install/_local_setup_util_sh.py'
[5.333s] INFO:colcon.colcon_core.shell:Creating prefix chain script '/home/carlos/Escritorio/TFG/code_tfg/inferencia/install/setup.sh'
[5.334s] INFO:colcon.colcon_core.shell:Creating prefix script '/home/carlos/Escritorio/TFG/code_tfg/inferencia/install/local_setup.bash'
[5.335s] INFO:colcon.colcon_core.shell:Creating prefix chain script '/home/carlos/Escritorio/TFG/code_tfg/inferencia/install/setup.bash'
[5.335s] INFO:colcon.colcon_core.shell:Creating prefix script '/home/carlos/Escritorio/TFG/code_tfg/inferencia/install/local_setup.zsh'
[5.336s] INFO:colcon.colcon_core.shell:Creating prefix chain script '/home/carlos/Escritorio/TFG/code_tfg/inferencia/install/setup.zsh'
