[0.006s] Invoking command in '/home/carlos/Escritorio/TFG/code_tfg/inferencia/build/rl_interfaces': CMAKE_PREFIX_PATH=${CMAKE_PREFIX_PATH}:/opt/ros/jazzy DEBUGINFOD_URLS=https://debuginfod.ubuntu.com /usr/bin/cmake /home/carlos/Escritorio/TFG/code_tfg/inferencia/src/rl_interfaces -DCMAKE_INSTALL_PREFIX=/home/carlos/Escritorio/TFG/code_tfg/inferencia/install/rl_interfaces
[0.016s] -- Found ament_cmake: 2.5.6 (/opt/ros/jazzy/share/ament_cmake/cmake)
[0.097s] -- Override CMake install command with custom implementation using symlinks instead of copying resources
[0.101s] -- Found rosidl_default_generators: 1.6.0 (/opt/ros/jazzy/share/rosidl_default_generators/cmake)
[0.102s] -- Using all available rosidl_typesupport_c: rosidl_typesupport_fastrtps_c;rosidl_typesupport_introspection_c
[0.123s] -- Using all available rosidl_typesupport_cpp: rosidl_typesupport_fastrtps_cpp;rosidl_typesupport_introspection_cpp
[0.139s] -- Found rosidl_adapter: 4.6.7 (/opt/ros/jazzy/share/rosidl_adapter/cmake)
[0.297s] -- Found ament_cmake_ros: 0.12.0 (/opt/ros/jazzy/share/ament_cmake_ros/cmake)
[0.365s] -- Using all available rosidl_typesupport_c: rosidl_typesupport_fastrtps_c;rosidl_typesupport_introspection_c
[0.462s] -- Using all available rosidl_typesupport_cpp: rosidl_typesupport_fastrtps_cpp;rosidl_typesupport_introspection_cpp
[0.463s] -- Found python_cmake_module: 0.11.1 (/opt/ros/jazzy/share/python_cmake_module/cmake)
[0.634s] -- Found Python3: /usr/bin/python3 (found version "3.12.3") found components: Interpreter Development NumPy Development.Module Development.Embed 
[0.661s] -- Found Python3: /usr/bin/python3 (found version "3.12.3") found components: Interpreter 
[0.663s] -- Found ament_lint_auto: 0.17.5 (/opt/ros/jazzy/share/ament_lint_auto/cmake)
[0.668s] -- Added test 'lint_cmake' to check CMake code style
[0.669s] -- Added test 'xmllint' to check XML markup files
[0.670s] -- Configuring done (0.7s)
[0.688s] -- Generating done (0.0s)
[0.695s] -- Build files have been written to: /home/carlos/Escritorio/TFG/code_tfg/inferencia/build/rl_interfaces
[0.701s] Invoked command in '/home/carlos/Escritorio/TFG/code_tfg/inferencia/build/rl_interfaces' returned '0': CMAKE_PREFIX_PATH=${CMAKE_PREFIX_PATH}:/opt/ros/jazzy DEBUGINFOD_URLS=https://debuginfod.ubuntu.com /usr/bin/cmake /home/carlos/Escritorio/TFG/code_tfg/inferencia/src/rl_interfaces -DCMAKE_INSTALL_PREFIX=/home/carlos/Escritorio/TFG/code_tfg/inferencia/install/rl_interfaces
[0.702s] Invoking command in '/home/carlos/Escritorio/TFG/code_tfg/inferencia/build/rl_interfaces': CMAKE_PREFIX_PATH=${CMAKE_PREFIX_PATH}:/opt/ros/jazzy DEBUGINFOD_URLS=https://debuginfod.ubuntu.com /usr/bin/cmake --build /home/carlos/Escritorio/TFG/code_tfg/inferencia/build/rl_interfaces -- -j24 -l24
[0.743s] [  2%] Built target rl_interfaces__rosidl_generator_type_description
[0.744s] [  5%] Built target rl_interfaces__rs
[0.749s] [  5%] Built target ament_cmake_python_symlink_rl_interfaces
[0.760s] [  8%] Built target rl_interfaces__cpp
[0.762s] [ 22%] Built target rl_interfaces__rosidl_generator_c
[0.788s] [ 31%] Built target rl_interfaces__rosidl_typesupport_c
[0.788s] [ 40%] Built target rl_interfaces__rosidl_typesupport_introspection_c
[0.793s] [ 48%] Built target rl_interfaces__rosidl_typesupport_fastrtps_cpp
[0.801s] [ 57%] Built target rl_interfaces__rosidl_typesupport_introspection_cpp
[0.805s] [ 74%] Built target rl_interfaces__rosidl_typesupport_fastrtps_c
[0.805s] [ 74%] Built target rl_interfaces__rosidl_typesupport_cpp
[0.822s] [ 74%] Built target rl_interfaces
[0.836s] [ 77%] Built target rl_interfaces__py
[0.855s] [ 82%] Built target rl_interfaces__rosidl_generator_py
[0.874s] [ 88%] Built target rl_interfaces_s__rosidl_typesupport_c
[0.876s] [100%] Built target rl_interfaces_s__rosidl_typesupport_fastrtps_c
[0.876s] [100%] Built target rl_interfaces_s__rosidl_typesupport_introspection_c
[0.891s] running egg_info
[0.900s] writing rl_interfaces.egg-info/PKG-INFO
[0.901s] writing dependency_links to rl_interfaces.egg-info/dependency_links.txt
[0.901s] writing top-level names to rl_interfaces.egg-info/top_level.txt
[0.936s] reading manifest file 'rl_interfaces.egg-info/SOURCES.txt'
[0.936s] writing manifest file 'rl_interfaces.egg-info/SOURCES.txt'
[0.954s] [100%] Built target ament_cmake_python_build_rl_interfaces_egg
[0.964s] Invoked command in '/home/carlos/Escritorio/TFG/code_tfg/inferencia/build/rl_interfaces' returned '0': CMAKE_PREFIX_PATH=${CMAKE_PREFIX_PATH}:/opt/ros/jazzy DEBUGINFOD_URLS=https://debuginfod.ubuntu.com /usr/bin/cmake --build /home/carlos/Escritorio/TFG/code_tfg/inferencia/build/rl_interfaces -- -j24 -l24
[0.972s] Invoking command in '/home/carlos/Escritorio/TFG/code_tfg/inferencia/build/rl_interfaces': CMAKE_PREFIX_PATH=${CMAKE_PREFIX_PATH}:/opt/ros/jazzy DEBUGINFOD_URLS=https://debuginfod.ubuntu.com /usr/bin/cmake --install /home/carlos/Escritorio/TFG/code_tfg/inferencia/build/rl_interfaces
[0.978s] -- Install configuration: ""
[0.979s] -- Execute custom install script
[0.979s] -- Up-to-date symlink: /home/carlos/Escritorio/TFG/code_tfg/inferencia/install/rl_interfaces/share/ament_index/resource_index/rosidl_interfaces/rl_interfaces
[0.979s] -- Up-to-date symlink: /home/carlos/Escritorio/TFG/code_tfg/inferencia/install/rl_interfaces/share/rl_interfaces/msg/MotionCommand.json
[0.979s] -- Up-to-date symlink: /home/carlos/Escritorio/TFG/code_tfg/inferencia/install/rl_interfaces/include/rl_interfaces/rl_interfaces/msg/detail/motion_command__functions.h
[0.979s] -- Up-to-date symlink: /home/carlos/Escritorio/TFG/code_tfg/inferencia/install/rl_interfaces/include/rl_interfaces/rl_interfaces/msg/detail/motion_command__struct.h
[0.980s] -- Up-to-date symlink: /home/carlos/Escritorio/TFG/code_tfg/inferencia/install/rl_interfaces/include/rl_interfaces/rl_interfaces/msg/detail/motion_command__type_support.h
[0.980s] -- Up-to-date symlink: /home/carlos/Escritorio/TFG/code_tfg/inferencia/install/rl_interfaces/include/rl_interfaces/rl_interfaces/msg/motion_command.h
[0.980s] -- Up-to-date symlink: /home/carlos/Escritorio/TFG/code_tfg/inferencia/install/rl_interfaces/include/rl_interfaces/rl_interfaces/msg/rosidl_generator_c__visibility_control.h
[0.980s] -- Up-to-date symlink: /home/carlos/Escritorio/TFG/code_tfg/inferencia/install/rl_interfaces/share/rl_interfaces/environment/library_path.sh
[0.980s] -- Up-to-date symlink: /home/carlos/Escritorio/TFG/code_tfg/inferencia/install/rl_interfaces/share/rl_interfaces/environment/library_path.dsv
[0.980s] -- Up-to-date symlink: /home/carlos/Escritorio/TFG/code_tfg/inferencia/install/rl_interfaces/include/rl_interfaces/rl_interfaces/msg/detail/motion_command__rosidl_typesupport_fastrtps_c.h
[0.980s] -- Up-to-date symlink: /home/carlos/Escritorio/TFG/code_tfg/inferencia/install/rl_interfaces/include/rl_interfaces/rl_interfaces/msg/rosidl_typesupport_fastrtps_c__visibility_control.h
[0.981s] -- Up-to-date symlink: /home/carlos/Escritorio/TFG/code_tfg/inferencia/install/rl_interfaces/include/rl_interfaces/rl_interfaces/msg/detail/motion_command__rosidl_typesupport_introspection_c.h
[0.981s] -- Up-to-date symlink: /home/carlos/Escritorio/TFG/code_tfg/inferencia/install/rl_interfaces/include/rl_interfaces/rl_interfaces/msg/rosidl_typesupport_introspection_c__visibility_control.h
[0.981s] -- Up-to-date symlink: /home/carlos/Escritorio/TFG/code_tfg/inferencia/install/rl_interfaces/include/rl_interfaces/rl_interfaces/msg/detail/motion_command__builder.hpp
[0.981s] -- Up-to-date symlink: /home/carlos/Escritorio/TFG/code_tfg/inferencia/install/rl_interfaces/include/rl_interfaces/rl_interfaces/msg/detail/motion_command__struct.hpp
[0.981s] -- Up-to-date symlink: /home/carlos/Escritorio/TFG/code_tfg/inferencia/install/rl_interfaces/include/rl_interfaces/rl_interfaces/msg/detail/motion_command__traits.hpp
[0.981s] -- Up-to-date symlink: /home/carlos/Escritorio/TFG/code_tfg/inferencia/install/rl_interfaces/include/rl_interfaces/rl_interfaces/msg/detail/motion_command__type_support.hpp
[0.981s] -- Up-to-date symlink: /home/carlos/Escritorio/TFG/code_tfg/inferencia/install/rl_interfaces/include/rl_interfaces/rl_interfaces/msg/motion_command.hpp
[0.981s] -- Up-to-date symlink: /home/carlos/Escritorio/TFG/code_tfg/inferencia/install/rl_interfaces/include/rl_interfaces/rl_interfaces/msg/rosidl_generator_cpp__visibility_control.hpp
[0.982s] -- Up-to-date symlink: /home/carlos/Escritorio/TFG/code_tfg/inferencia/install/rl_interfaces/include/rl_interfaces/rl_interfaces/msg/detail/motion_command__rosidl_typesupport_fastrtps_cpp.hpp
[0.982s] -- Up-to-date symlink: /home/carlos/Escritorio/TFG/code_tfg/inferencia/install/rl_interfaces/include/rl_interfaces/rl_interfaces/msg/rosidl_typesupport_fastrtps_cpp__visibility_control.h
[0.982s] -- Up-to-date symlink: /home/carlos/Escritorio/TFG/code_tfg/inferencia/install/rl_interfaces/include/rl_interfaces/rl_interfaces/msg/detail/motion_command__rosidl_typesupport_introspection_cpp.hpp
[0.982s] -- Up-to-date symlink: /home/carlos/Escritorio/TFG/code_tfg/inferencia/install/rl_interfaces/share/rl_interfaces/environment/pythonpath.sh
[0.982s] -- Up-to-date symlink: /home/carlos/Escritorio/TFG/code_tfg/inferencia/install/rl_interfaces/share/rl_interfaces/environment/pythonpath.dsv
[0.982s] -- Up-to-date symlink: /home/carlos/Escritorio/TFG/code_tfg/inferencia/install/rl_interfaces/lib/python3.12/site-packages/rl_interfaces-0.0.0-py3.12.egg-info/PKG-INFO
[0.982s] -- Up-to-date symlink: /home/carlos/Escritorio/TFG/code_tfg/inferencia/install/rl_interfaces/lib/python3.12/site-packages/rl_interfaces-0.0.0-py3.12.egg-info/SOURCES.txt
[0.982s] -- Up-to-date symlink: /home/carlos/Escritorio/TFG/code_tfg/inferencia/install/rl_interfaces/lib/python3.12/site-packages/rl_interfaces-0.0.0-py3.12.egg-info/dependency_links.txt
[0.983s] -- Up-to-date symlink: /home/carlos/Escritorio/TFG/code_tfg/inferencia/install/rl_interfaces/lib/python3.12/site-packages/rl_interfaces-0.0.0-py3.12.egg-info/top_level.txt
[0.983s] -- Up-to-date symlink: /home/carlos/Escritorio/TFG/code_tfg/inferencia/install/rl_interfaces/lib/python3.12/site-packages/rl_interfaces/__init__.py
[0.983s] -- Up-to-date symlink: /home/carlos/Escritorio/TFG/code_tfg/inferencia/install/rl_interfaces/lib/python3.12/site-packages/rl_interfaces/_rl_interfaces_s.ep.rosidl_typesupport_c.c
[0.983s] -- Up-to-date symlink: /home/carlos/Escritorio/TFG/code_tfg/inferencia/install/rl_interfaces/lib/python3.12/site-packages/rl_interfaces/_rl_interfaces_s.ep.rosidl_typesupport_fastrtps_c.c
[0.983s] -- Up-to-date symlink: /home/carlos/Escritorio/TFG/code_tfg/inferencia/install/rl_interfaces/lib/python3.12/site-packages/rl_interfaces/_rl_interfaces_s.ep.rosidl_typesupport_introspection_c.c
[0.983s] -- Up-to-date symlink: /home/carlos/Escritorio/TFG/code_tfg/inferencia/install/rl_interfaces/lib/python3.12/site-packages/rl_interfaces/msg/__init__.py
[0.983s] -- Up-to-date symlink: /home/carlos/Escritorio/TFG/code_tfg/inferencia/install/rl_interfaces/lib/python3.12/site-packages/rl_interfaces/msg/_motion_command.py
[0.984s] -- Up-to-date symlink: /home/carlos/Escritorio/TFG/code_tfg/inferencia/install/rl_interfaces/lib/python3.12/site-packages/rl_interfaces/msg/_motion_command_s.c
[0.984s] -- Up-to-date symlink: /home/carlos/Escritorio/TFG/code_tfg/inferencia/install/rl_interfaces/lib/python3.12/site-packages/rl_interfaces/rl_interfaces_s__rosidl_typesupport_c.so
[0.984s] -- Up-to-date symlink: /home/carlos/Escritorio/TFG/code_tfg/inferencia/install/rl_interfaces/lib/python3.12/site-packages/rl_interfaces/rl_interfaces_s__rosidl_typesupport_fastrtps_c.so
[0.984s] -- Up-to-date symlink: /home/carlos/Escritorio/TFG/code_tfg/inferencia/install/rl_interfaces/lib/python3.12/site-packages/rl_interfaces/rl_interfaces_s__rosidl_typesupport_introspection_c.so
[0.984s] -- Up-to-date symlink: /home/carlos/Escritorio/TFG/code_tfg/inferencia/install/rl_interfaces/lib/python3.12/site-packages/rl_interfaces/rl_interfaces_s__rosidl_typesupport_fastrtps_c.so
[0.984s] -- Up-to-date symlink: /home/carlos/Escritorio/TFG/code_tfg/inferencia/install/rl_interfaces/lib/python3.12/site-packages/rl_interfaces/rl_interfaces_s__rosidl_typesupport_introspection_c.so
[0.984s] -- Up-to-date symlink: /home/carlos/Escritorio/TFG/code_tfg/inferencia/install/rl_interfaces/lib/python3.12/site-packages/rl_interfaces/rl_interfaces_s__rosidl_typesupport_c.so
[0.985s] -- Up-to-date symlink: /home/carlos/Escritorio/TFG/code_tfg/inferencia/install/rl_interfaces/share/ament_index/resource_index/rust_packages/rl_interfaces
[0.985s] -- Up-to-date symlink: /home/carlos/Escritorio/TFG/code_tfg/inferencia/install/rl_interfaces/share/rl_interfaces/rust/Cargo.toml
[0.985s] -- Up-to-date symlink: /home/carlos/Escritorio/TFG/code_tfg/inferencia/install/rl_interfaces/share/rl_interfaces/rust/build.rs
[0.985s] -- Up-to-date symlink: /home/carlos/Escritorio/TFG/code_tfg/inferencia/install/rl_interfaces/share/rl_interfaces/rust/src/lib.rs
[0.985s] -- Up-to-date symlink: /home/carlos/Escritorio/TFG/code_tfg/inferencia/install/rl_interfaces/share/rl_interfaces/rust/src/msg.rs
[0.985s] -- Up-to-date symlink: /home/carlos/Escritorio/TFG/code_tfg/inferencia/install/rl_interfaces/share/rl_interfaces/rust/src/msg/rmw.rs
[0.985s] -- Up-to-date symlink: /home/carlos/Escritorio/TFG/code_tfg/inferencia/install/rl_interfaces/share/rl_interfaces/msg/MotionCommand.idl
[0.985s] -- Up-to-date symlink: /home/carlos/Escritorio/TFG/code_tfg/inferencia/install/rl_interfaces/share/rl_interfaces/msg/MotionCommand.msg
[0.986s] -- Up-to-date symlink: /home/carlos/Escritorio/TFG/code_tfg/inferencia/install/rl_interfaces/share/ament_index/resource_index/package_run_dependencies/rl_interfaces
[0.986s] -- Up-to-date symlink: /home/carlos/Escritorio/TFG/code_tfg/inferencia/install/rl_interfaces/share/ament_index/resource_index/parent_prefix_path/rl_interfaces
[0.986s] -- Up-to-date symlink: /home/carlos/Escritorio/TFG/code_tfg/inferencia/install/rl_interfaces/share/rl_interfaces/environment/ament_prefix_path.sh
[0.986s] -- Up-to-date symlink: /home/carlos/Escritorio/TFG/code_tfg/inferencia/install/rl_interfaces/share/rl_interfaces/environment/ament_prefix_path.dsv
[0.986s] -- Up-to-date symlink: /home/carlos/Escritorio/TFG/code_tfg/inferencia/install/rl_interfaces/share/rl_interfaces/environment/path.sh
[0.986s] -- Up-to-date symlink: /home/carlos/Escritorio/TFG/code_tfg/inferencia/install/rl_interfaces/share/rl_interfaces/environment/path.dsv
[0.986s] -- Up-to-date symlink: /home/carlos/Escritorio/TFG/code_tfg/inferencia/install/rl_interfaces/share/rl_interfaces/local_setup.bash
[0.986s] -- Up-to-date symlink: /home/carlos/Escritorio/TFG/code_tfg/inferencia/install/rl_interfaces/share/rl_interfaces/local_setup.sh
[0.986s] -- Up-to-date symlink: /home/carlos/Escritorio/TFG/code_tfg/inferencia/install/rl_interfaces/share/rl_interfaces/local_setup.zsh
[0.987s] -- Up-to-date symlink: /home/carlos/Escritorio/TFG/code_tfg/inferencia/install/rl_interfaces/share/rl_interfaces/local_setup.dsv
[0.987s] -- Symlinking: /home/carlos/Escritorio/TFG/code_tfg/inferencia/install/rl_interfaces/share/rl_interfaces/package.dsv
[0.993s] -- Up-to-date symlink: /home/carlos/Escritorio/TFG/code_tfg/inferencia/install/rl_interfaces/share/ament_index/resource_index/packages/rl_interfaces
[0.993s] -- Up-to-date symlink: /home/carlos/Escritorio/TFG/code_tfg/inferencia/install/rl_interfaces/share/rl_interfaces/cmake/rosidl_cmake-extras.cmake
[0.993s] -- Up-to-date symlink: /home/carlos/Escritorio/TFG/code_tfg/inferencia/install/rl_interfaces/share/rl_interfaces/cmake/ament_cmake_export_include_directories-extras.cmake
[0.993s] -- Up-to-date symlink: /home/carlos/Escritorio/TFG/code_tfg/inferencia/install/rl_interfaces/share/rl_interfaces/cmake/ament_cmake_export_libraries-extras.cmake
[0.993s] -- Up-to-date symlink: /home/carlos/Escritorio/TFG/code_tfg/inferencia/install/rl_interfaces/share/rl_interfaces/cmake/ament_cmake_export_targets-extras.cmake
[0.993s] -- Up-to-date symlink: /home/carlos/Escritorio/TFG/code_tfg/inferencia/install/rl_interfaces/share/rl_interfaces/cmake/rosidl_cmake_export_typesupport_targets-extras.cmake
[0.993s] -- Up-to-date symlink: /home/carlos/Escritorio/TFG/code_tfg/inferencia/install/rl_interfaces/share/rl_interfaces/cmake/ament_cmake_export_dependencies-extras.cmake
[0.994s] -- Up-to-date symlink: /home/carlos/Escritorio/TFG/code_tfg/inferencia/install/rl_interfaces/share/rl_interfaces/cmake/rosidl_cmake_export_typesupport_libraries-extras.cmake
[0.994s] -- Up-to-date symlink: /home/carlos/Escritorio/TFG/code_tfg/inferencia/install/rl_interfaces/share/rl_interfaces/cmake/rl_interfacesConfig.cmake
[0.994s] -- Up-to-date symlink: /home/carlos/Escritorio/TFG/code_tfg/inferencia/install/rl_interfaces/share/rl_interfaces/cmake/rl_interfacesConfig-version.cmake
[0.994s] -- Up-to-date symlink: /home/carlos/Escritorio/TFG/code_tfg/inferencia/install/rl_interfaces/share/rl_interfaces/package.xml
[0.994s] -- Up-to-date: /home/carlos/Escritorio/TFG/code_tfg/inferencia/install/rl_interfaces/lib/librl_interfaces__rosidl_generator_c.so
[0.994s] -- Up-to-date: /home/carlos/Escritorio/TFG/code_tfg/inferencia/install/rl_interfaces/lib/librl_interfaces__rosidl_typesupport_fastrtps_c.so
[0.995s] -- Up-to-date: /home/carlos/Escritorio/TFG/code_tfg/inferencia/install/rl_interfaces/lib/librl_interfaces__rosidl_typesupport_introspection_c.so
[0.995s] -- Up-to-date: /home/carlos/Escritorio/TFG/code_tfg/inferencia/install/rl_interfaces/lib/librl_interfaces__rosidl_typesupport_c.so
[0.995s] -- Up-to-date: /home/carlos/Escritorio/TFG/code_tfg/inferencia/install/rl_interfaces/lib/librl_interfaces__rosidl_typesupport_fastrtps_cpp.so
[0.995s] -- Up-to-date: /home/carlos/Escritorio/TFG/code_tfg/inferencia/install/rl_interfaces/lib/librl_interfaces__rosidl_typesupport_introspection_cpp.so
[0.995s] -- Up-to-date: /home/carlos/Escritorio/TFG/code_tfg/inferencia/install/rl_interfaces/lib/librl_interfaces__rosidl_typesupport_cpp.so
[1.029s] Listing '/home/carlos/Escritorio/TFG/code_tfg/inferencia/install/rl_interfaces/lib/python3.12/site-packages/rl_interfaces'...
[1.029s] Compiling '/home/carlos/Escritorio/TFG/code_tfg/inferencia/install/rl_interfaces/lib/python3.12/site-packages/rl_interfaces/__init__.py'...
[1.029s] Listing '/home/carlos/Escritorio/TFG/code_tfg/inferencia/install/rl_interfaces/lib/python3.12/site-packages/rl_interfaces/msg'...
[1.032s] -- Up-to-date: /home/carlos/Escritorio/TFG/code_tfg/inferencia/install/rl_interfaces/lib/librl_interfaces__rosidl_generator_py.so
[1.032s] -- Up-to-date: /home/carlos/Escritorio/TFG/code_tfg/inferencia/install/rl_interfaces/share/rl_interfaces/cmake/export_rl_interfaces__rosidl_generator_cExport.cmake
[1.033s] -- Up-to-date: /home/carlos/Escritorio/TFG/code_tfg/inferencia/install/rl_interfaces/share/rl_interfaces/cmake/export_rl_interfaces__rosidl_generator_cExport-noconfig.cmake
[1.033s] -- Up-to-date: /home/carlos/Escritorio/TFG/code_tfg/inferencia/install/rl_interfaces/share/rl_interfaces/cmake/export_rl_interfaces__rosidl_typesupport_fastrtps_cExport.cmake
[1.033s] -- Up-to-date: /home/carlos/Escritorio/TFG/code_tfg/inferencia/install/rl_interfaces/share/rl_interfaces/cmake/export_rl_interfaces__rosidl_typesupport_fastrtps_cExport-noconfig.cmake
[1.033s] -- Up-to-date: /home/carlos/Escritorio/TFG/code_tfg/inferencia/install/rl_interfaces/share/rl_interfaces/cmake/rl_interfaces__rosidl_typesupport_introspection_cExport.cmake
[1.033s] -- Up-to-date: /home/carlos/Escritorio/TFG/code_tfg/inferencia/install/rl_interfaces/share/rl_interfaces/cmake/rl_interfaces__rosidl_typesupport_introspection_cExport-noconfig.cmake
[1.033s] -- Up-to-date: /home/carlos/Escritorio/TFG/code_tfg/inferencia/install/rl_interfaces/share/rl_interfaces/cmake/rl_interfaces__rosidl_typesupport_cExport.cmake
[1.033s] -- Up-to-date: /home/carlos/Escritorio/TFG/code_tfg/inferencia/install/rl_interfaces/share/rl_interfaces/cmake/rl_interfaces__rosidl_typesupport_cExport-noconfig.cmake
[1.033s] -- Up-to-date: /home/carlos/Escritorio/TFG/code_tfg/inferencia/install/rl_interfaces/share/rl_interfaces/cmake/export_rl_interfaces__rosidl_generator_cppExport.cmake
[1.033s] -- Up-to-date: /home/carlos/Escritorio/TFG/code_tfg/inferencia/install/rl_interfaces/share/rl_interfaces/cmake/export_rl_interfaces__rosidl_typesupport_fastrtps_cppExport.cmake
[1.033s] -- Up-to-date: /home/carlos/Escritorio/TFG/code_tfg/inferencia/install/rl_interfaces/share/rl_interfaces/cmake/export_rl_interfaces__rosidl_typesupport_fastrtps_cppExport-noconfig.cmake
[1.034s] -- Up-to-date: /home/carlos/Escritorio/TFG/code_tfg/inferencia/install/rl_interfaces/share/rl_interfaces/cmake/rl_interfaces__rosidl_typesupport_introspection_cppExport.cmake
[1.034s] -- Up-to-date: /home/carlos/Escritorio/TFG/code_tfg/inferencia/install/rl_interfaces/share/rl_interfaces/cmake/rl_interfaces__rosidl_typesupport_introspection_cppExport-noconfig.cmake
[1.034s] -- Up-to-date: /home/carlos/Escritorio/TFG/code_tfg/inferencia/install/rl_interfaces/share/rl_interfaces/cmake/rl_interfaces__rosidl_typesupport_cppExport.cmake
[1.034s] -- Up-to-date: /home/carlos/Escritorio/TFG/code_tfg/inferencia/install/rl_interfaces/share/rl_interfaces/cmake/rl_interfaces__rosidl_typesupport_cppExport-noconfig.cmake
[1.034s] -- Up-to-date: /home/carlos/Escritorio/TFG/code_tfg/inferencia/install/rl_interfaces/share/rl_interfaces/cmake/export_rl_interfaces__rosidl_generator_pyExport.cmake
[1.034s] -- Up-to-date: /home/carlos/Escritorio/TFG/code_tfg/inferencia/install/rl_interfaces/share/rl_interfaces/cmake/export_rl_interfaces__rosidl_generator_pyExport-noconfig.cmake
[1.035s] Invoked command in '/home/carlos/Escritorio/TFG/code_tfg/inferencia/build/rl_interfaces' returned '0': CMAKE_PREFIX_PATH=${CMAKE_PREFIX_PATH}:/opt/ros/jazzy DEBUGINFOD_URLS=https://debuginfod.ubuntu.com /usr/bin/cmake --install /home/carlos/Escritorio/TFG/code_tfg/inferencia/build/rl_interfaces
