[0.434s] Invoking command in '/home/carlos/Escritorio/TFG/code_tfg/inferencia/build/rl_package': AMENT_PREFIX_PATH=/home/carlos/Escritorio/TFG/code_tfg/inferencia/install/rl_interfaces:${AMENT_PREFIX_PATH} CMAKE_PREFIX_PATH=/home/carlos/Escritorio/TFG/code_tfg/inferencia/install/rl_interfaces:${CMAKE_PREFIX_PATH} DEBUGINFOD_URLS=https://debuginfod.ubuntu.com LD_LIBRARY_PATH=/home/carlos/Escritorio/TFG/code_tfg/inferencia/install/rl_interfaces/lib:${LD_LIBRARY_PATH} PYTHONPATH=/home/carlos/Escritorio/TFG/code_tfg/inferencia/build/rl_package/prefix_override:/usr/lib/python3/dist-packages/colcon_core/task/python/colcon_distutils_commands:/home/carlos/Escritorio/TFG/code_tfg/inferencia/install/rl_package/lib/python3.12/site-packages:/home/carlos/Escritorio/TFG/code_tfg/inferencia/install/rl_interfaces/lib/python3.12/site-packages:${PYTHONPATH} /usr/bin/python3 -W ignore:setup.py install is deprecated -W ignore:easy_install command is deprecated setup.py develop --uninstall --editable --build-directory /home/carlos/Escritorio/TFG/code_tfg/inferencia/build/rl_package/build
[0.587s] running develop
[0.693s] Invoked command in '/home/carlos/Escritorio/TFG/code_tfg/inferencia/build/rl_package' returned '0': AMENT_PREFIX_PATH=/home/carlos/Escritorio/TFG/code_tfg/inferencia/install/rl_interfaces:${AMENT_PREFIX_PATH} CMAKE_PREFIX_PATH=/home/carlos/Escritorio/TFG/code_tfg/inferencia/install/rl_interfaces:${CMAKE_PREFIX_PATH} DEBUGINFOD_URLS=https://debuginfod.ubuntu.com LD_LIBRARY_PATH=/home/carlos/Escritorio/TFG/code_tfg/inferencia/install/rl_interfaces/lib:${LD_LIBRARY_PATH} PYTHONPATH=/home/carlos/Escritorio/TFG/code_tfg/inferencia/build/rl_package/prefix_override:/usr/lib/python3/dist-packages/colcon_core/task/python/colcon_distutils_commands:/home/carlos/Escritorio/TFG/code_tfg/inferencia/install/rl_package/lib/python3.12/site-packages:/home/carlos/Escritorio/TFG/code_tfg/inferencia/install/rl_interfaces/lib/python3.12/site-packages:${PYTHONPATH} /usr/bin/python3 -W ignore:setup.py install is deprecated -W ignore:easy_install command is deprecated setup.py develop --uninstall --editable --build-directory /home/carlos/Escritorio/TFG/code_tfg/inferencia/build/rl_package/build
[0.693s] Invoking command in '/home/carlos/Escritorio/TFG/code_tfg/inferencia/src/rl_package': AMENT_PREFIX_PATH=/home/carlos/Escritorio/TFG/code_tfg/inferencia/install/rl_interfaces:${AMENT_PREFIX_PATH} CMAKE_PREFIX_PATH=/home/carlos/Escritorio/TFG/code_tfg/inferencia/install/rl_interfaces:${CMAKE_PREFIX_PATH} DEBUGINFOD_URLS=https://debuginfod.ubuntu.com LD_LIBRARY_PATH=/home/carlos/Escritorio/TFG/code_tfg/inferencia/install/rl_interfaces/lib:${LD_LIBRARY_PATH} PYTHONPATH=/home/carlos/Escritorio/TFG/code_tfg/inferencia/build/rl_package/prefix_override:/usr/lib/python3/dist-packages/colcon_core/task/python/colcon_distutils_commands:/home/carlos/Escritorio/TFG/code_tfg/inferencia/install/rl_package/lib/python3.12/site-packages:/home/carlos/Escritorio/TFG/code_tfg/inferencia/install/rl_interfaces/lib/python3.12/site-packages:${PYTHONPATH} /usr/bin/python3 -W ignore:setup.py install is deprecated -W ignore:easy_install command is deprecated setup.py egg_info --egg-base ../../build/rl_package build --build-base /home/carlos/Escritorio/TFG/code_tfg/inferencia/build/rl_package/build install --record /home/carlos/Escritorio/TFG/code_tfg/inferencia/build/rl_package/install.log --single-version-externally-managed install_data --force
[0.824s] running egg_info
[0.832s] writing ../../build/rl_package/rl_package.egg-info/PKG-INFO
[0.832s] writing dependency_links to ../../build/rl_package/rl_package.egg-info/dependency_links.txt
[0.832s] writing entry points to ../../build/rl_package/rl_package.egg-info/entry_points.txt
[0.832s] writing requirements to ../../build/rl_package/rl_package.egg-info/requires.txt
[0.832s] writing top-level names to ../../build/rl_package/rl_package.egg-info/top_level.txt
[0.851s] reading manifest file '../../build/rl_package/rl_package.egg-info/SOURCES.txt'
[0.851s] writing manifest file '../../build/rl_package/rl_package.egg-info/SOURCES.txt'
[0.851s] running build
[0.851s] running build_py
[0.852s] running install
[0.857s] running install_lib
[0.866s] running install_data
[0.866s] copying resource/rl_package -> /home/carlos/Escritorio/TFG/code_tfg/inferencia/install/rl_package/share/ament_index/resource_index/packages
[0.866s] copying package.xml -> /home/carlos/Escritorio/TFG/code_tfg/inferencia/install/rl_package/share/rl_package
[0.867s] running install_egg_info
[0.875s] removing '/home/carlos/Escritorio/TFG/code_tfg/inferencia/install/rl_package/lib/python3.12/site-packages/rl_package-0.0.0-py3.12.egg-info' (and everything under it)
[0.876s] Copying ../../build/rl_package/rl_package.egg-info to /home/carlos/Escritorio/TFG/code_tfg/inferencia/install/rl_package/lib/python3.12/site-packages/rl_package-0.0.0-py3.12.egg-info
[0.876s] running install_scripts
[0.937s] Installing aggregator script to /home/carlos/Escritorio/TFG/code_tfg/inferencia/install/rl_package/lib/rl_package
[0.937s] Installing exo_publisher script to /home/carlos/Escritorio/TFG/code_tfg/inferencia/install/rl_package/lib/rl_package
[0.937s] Installing listener script to /home/carlos/Escritorio/TFG/code_tfg/inferencia/install/rl_package/lib/rl_package
[0.937s] Installing myosuite_publisher script to /home/carlos/Escritorio/TFG/code_tfg/inferencia/install/rl_package/lib/rl_package
[0.938s] Installing rl_node script to /home/carlos/Escritorio/TFG/code_tfg/inferencia/install/rl_package/lib/rl_package
[0.938s] Installing rl_node_v2 script to /home/carlos/Escritorio/TFG/code_tfg/inferencia/install/rl_package/lib/rl_package
[0.938s] Installing rl_node_v3 script to /home/carlos/Escritorio/TFG/code_tfg/inferencia/install/rl_package/lib/rl_package
[0.938s] Installing rl_node_v4 script to /home/carlos/Escritorio/TFG/code_tfg/inferencia/install/rl_package/lib/rl_package
[0.938s] Installing rl_node_v5 script to /home/carlos/Escritorio/TFG/code_tfg/inferencia/install/rl_package/lib/rl_package
[0.938s] Installing rl_node_v6 script to /home/carlos/Escritorio/TFG/code_tfg/inferencia/install/rl_package/lib/rl_package
[0.938s] Installing rl_node_v7 script to /home/carlos/Escritorio/TFG/code_tfg/inferencia/install/rl_package/lib/rl_package
[0.938s] Installing rl_training_node script to /home/carlos/Escritorio/TFG/code_tfg/inferencia/install/rl_package/lib/rl_package
[0.938s] Installing talker script to /home/carlos/Escritorio/TFG/code_tfg/inferencia/install/rl_package/lib/rl_package
[0.938s] Installing training_ros2socket script to /home/carlos/Escritorio/TFG/code_tfg/inferencia/install/rl_package/lib/rl_package
[0.938s] writing list of installed files to '/home/carlos/Escritorio/TFG/code_tfg/inferencia/build/rl_package/install.log'
[0.953s] Invoked command in '/home/carlos/Escritorio/TFG/code_tfg/inferencia/src/rl_package' returned '0': AMENT_PREFIX_PATH=/home/carlos/Escritorio/TFG/code_tfg/inferencia/install/rl_interfaces:${AMENT_PREFIX_PATH} CMAKE_PREFIX_PATH=/home/carlos/Escritorio/TFG/code_tfg/inferencia/install/rl_interfaces:${CMAKE_PREFIX_PATH} DEBUGINFOD_URLS=https://debuginfod.ubuntu.com LD_LIBRARY_PATH=/home/carlos/Escritorio/TFG/code_tfg/inferencia/install/rl_interfaces/lib:${LD_LIBRARY_PATH} PYTHONPATH=/home/carlos/Escritorio/TFG/code_tfg/inferencia/build/rl_package/prefix_override:/usr/lib/python3/dist-packages/colcon_core/task/python/colcon_distutils_commands:/home/carlos/Escritorio/TFG/code_tfg/inferencia/install/rl_package/lib/python3.12/site-packages:/home/carlos/Escritorio/TFG/code_tfg/inferencia/install/rl_interfaces/lib/python3.12/site-packages:${PYTHONPATH} /usr/bin/python3 -W ignore:setup.py install is deprecated -W ignore:easy_install command is deprecated setup.py egg_info --egg-base ../../build/rl_package build --build-base /home/carlos/Escritorio/TFG/code_tfg/inferencia/build/rl_package/build install --record /home/carlos/Escritorio/TFG/code_tfg/inferencia/build/rl_package/install.log --single-version-externally-managed install_data --force
