[  2%] Built target rl_interfaces__rosidl_generator_type_description
[  5%] Built target rl_interfaces__rs
[  5%] Built target ament_cmake_python_symlink_rl_interfaces
[ 22%] Built target rl_interfaces__rosidl_generator_c
[ 22%] Built target rl_interfaces__cpp
[ 31%] Built target rl_interfaces__rosidl_typesupport_c
[ 40%] Built target rl_interfaces__rosidl_typesupport_fastrtps_c
[ 48%] Built target rl_interfaces__rosidl_typesupport_introspection_c
[ 57%] Built target rl_interfaces__rosidl_typesupport_cpp
[ 65%] Built target rl_interfaces__rosidl_typesupport_introspection_cpp
[ 74%] Built target rl_interfaces__rosidl_typesupport_fastrtps_cpp
[ 74%] Built target rl_interfaces
[ 77%] Built target rl_interfaces__py
[ 82%] Built target rl_interfaces__rosidl_generator_py
[ 88%] Built target rl_interfaces_s__rosidl_typesupport_fastrtps_c
[ 94%] Built target rl_interfaces_s__rosidl_typesupport_introspection_c
[100%] Built target rl_interfaces_s__rosidl_typesupport_c
running egg_info
writing rl_interfaces.egg-info/PKG-INFO
writing dependency_links to rl_interfaces.egg-info/dependency_links.txt
writing top-level names to rl_interfaces.egg-info/top_level.txt
reading manifest file 'rl_interfaces.egg-info/SOURCES.txt'
writing manifest file 'rl_interfaces.egg-info/SOURCES.txt'
[100%] Built target ament_cmake_python_build_rl_interfaces_egg
-- Install configuration: ""
-- Execute custom install script
-- Up-to-date symlink: /home/carlos/Escritorio/TFG/code_tfg/inferencia/install/rl_interfaces/share/ament_index/resource_index/rosidl_interfaces/rl_interfaces
-- Up-to-date symlink: /home/carlos/Escritorio/TFG/code_tfg/inferencia/install/rl_interfaces/share/rl_interfaces/msg/MotionCommand.json
-- Up-to-date symlink: /home/carlos/Escritorio/TFG/code_tfg/inferencia/install/rl_interfaces/include/rl_interfaces/rl_interfaces/msg/detail/motion_command__functions.h
-- Up-to-date symlink: /home/carlos/Escritorio/TFG/code_tfg/inferencia/install/rl_interfaces/include/rl_interfaces/rl_interfaces/msg/detail/motion_command__struct.h
-- Up-to-date symlink: /home/carlos/Escritorio/TFG/code_tfg/inferencia/install/rl_interfaces/include/rl_interfaces/rl_interfaces/msg/detail/motion_command__type_support.h
-- Up-to-date symlink: /home/carlos/Escritorio/TFG/code_tfg/inferencia/install/rl_interfaces/include/rl_interfaces/rl_interfaces/msg/motion_command.h
-- Up-to-date symlink: /home/carlos/Escritorio/TFG/code_tfg/inferencia/install/rl_interfaces/include/rl_interfaces/rl_interfaces/msg/rosidl_generator_c__visibility_control.h
-- Up-to-date symlink: /home/carlos/Escritorio/TFG/code_tfg/inferencia/install/rl_interfaces/share/rl_interfaces/environment/library_path.sh
-- Up-to-date symlink: /home/carlos/Escritorio/TFG/code_tfg/inferencia/install/rl_interfaces/share/rl_interfaces/environment/library_path.dsv
-- Up-to-date symlink: /home/carlos/Escritorio/TFG/code_tfg/inferencia/install/rl_interfaces/include/rl_interfaces/rl_interfaces/msg/detail/motion_command__rosidl_typesupport_fastrtps_c.h
-- Up-to-date symlink: /home/carlos/Escritorio/TFG/code_tfg/inferencia/install/rl_interfaces/include/rl_interfaces/rl_interfaces/msg/rosidl_typesupport_fastrtps_c__visibility_control.h
-- Up-to-date symlink: /home/carlos/Escritorio/TFG/code_tfg/inferencia/install/rl_interfaces/include/rl_interfaces/rl_interfaces/msg/detail/motion_command__rosidl_typesupport_introspection_c.h
-- Up-to-date symlink: /home/carlos/Escritorio/TFG/code_tfg/inferencia/install/rl_interfaces/include/rl_interfaces/rl_interfaces/msg/rosidl_typesupport_introspection_c__visibility_control.h
-- Up-to-date symlink: /home/carlos/Escritorio/TFG/code_tfg/inferencia/install/rl_interfaces/include/rl_interfaces/rl_interfaces/msg/detail/motion_command__builder.hpp
-- Up-to-date symlink: /home/carlos/Escritorio/TFG/code_tfg/inferencia/install/rl_interfaces/include/rl_interfaces/rl_interfaces/msg/detail/motion_command__struct.hpp
-- Up-to-date symlink: /home/carlos/Escritorio/TFG/code_tfg/inferencia/install/rl_interfaces/include/rl_interfaces/rl_interfaces/msg/detail/motion_command__traits.hpp
-- Up-to-date symlink: /home/carlos/Escritorio/TFG/code_tfg/inferencia/install/rl_interfaces/include/rl_interfaces/rl_interfaces/msg/detail/motion_command__type_support.hpp
-- Up-to-date symlink: /home/carlos/Escritorio/TFG/code_tfg/inferencia/install/rl_interfaces/include/rl_interfaces/rl_interfaces/msg/motion_command.hpp
-- Up-to-date symlink: /home/carlos/Escritorio/TFG/code_tfg/inferencia/install/rl_interfaces/include/rl_interfaces/rl_interfaces/msg/rosidl_generator_cpp__visibility_control.hpp
-- Up-to-date symlink: /home/carlos/Escritorio/TFG/code_tfg/inferencia/install/rl_interfaces/include/rl_interfaces/rl_interfaces/msg/detail/motion_command__rosidl_typesupport_fastrtps_cpp.hpp
-- Up-to-date symlink: /home/carlos/Escritorio/TFG/code_tfg/inferencia/install/rl_interfaces/include/rl_interfaces/rl_interfaces/msg/rosidl_typesupport_fastrtps_cpp__visibility_control.h
-- Up-to-date symlink: /home/carlos/Escritorio/TFG/code_tfg/inferencia/install/rl_interfaces/include/rl_interfaces/rl_interfaces/msg/detail/motion_command__rosidl_typesupport_introspection_cpp.hpp
-- Up-to-date symlink: /home/carlos/Escritorio/TFG/code_tfg/inferencia/install/rl_interfaces/share/rl_interfaces/environment/pythonpath.sh
-- Up-to-date symlink: /home/carlos/Escritorio/TFG/code_tfg/inferencia/install/rl_interfaces/share/rl_interfaces/environment/pythonpath.dsv
-- Up-to-date symlink: /home/carlos/Escritorio/TFG/code_tfg/inferencia/install/rl_interfaces/lib/python3.12/site-packages/rl_interfaces-0.0.0-py3.12.egg-info/PKG-INFO
-- Up-to-date symlink: /home/carlos/Escritorio/TFG/code_tfg/inferencia/install/rl_interfaces/lib/python3.12/site-packages/rl_interfaces-0.0.0-py3.12.egg-info/SOURCES.txt
-- Up-to-date symlink: /home/carlos/Escritorio/TFG/code_tfg/inferencia/install/rl_interfaces/lib/python3.12/site-packages/rl_interfaces-0.0.0-py3.12.egg-info/dependency_links.txt
-- Up-to-date symlink: /home/carlos/Escritorio/TFG/code_tfg/inferencia/install/rl_interfaces/lib/python3.12/site-packages/rl_interfaces-0.0.0-py3.12.egg-info/top_level.txt
-- Up-to-date symlink: /home/carlos/Escritorio/TFG/code_tfg/inferencia/install/rl_interfaces/lib/python3.12/site-packages/rl_interfaces/__init__.py
-- Up-to-date symlink: /home/carlos/Escritorio/TFG/code_tfg/inferencia/install/rl_interfaces/lib/python3.12/site-packages/rl_interfaces/_rl_interfaces_s.ep.rosidl_typesupport_c.c
-- Up-to-date symlink: /home/carlos/Escritorio/TFG/code_tfg/inferencia/install/rl_interfaces/lib/python3.12/site-packages/rl_interfaces/_rl_interfaces_s.ep.rosidl_typesupport_fastrtps_c.c
-- Up-to-date symlink: /home/carlos/Escritorio/TFG/code_tfg/inferencia/install/rl_interfaces/lib/python3.12/site-packages/rl_interfaces/_rl_interfaces_s.ep.rosidl_typesupport_introspection_c.c
-- Up-to-date symlink: /home/carlos/Escritorio/TFG/code_tfg/inferencia/install/rl_interfaces/lib/python3.12/site-packages/rl_interfaces/msg/__init__.py
-- Up-to-date symlink: /home/carlos/Escritorio/TFG/code_tfg/inferencia/install/rl_interfaces/lib/python3.12/site-packages/rl_interfaces/msg/_motion_command.py
-- Up-to-date symlink: /home/carlos/Escritorio/TFG/code_tfg/inferencia/install/rl_interfaces/lib/python3.12/site-packages/rl_interfaces/msg/_motion_command_s.c
-- Up-to-date symlink: /home/carlos/Escritorio/TFG/code_tfg/inferencia/install/rl_interfaces/lib/python3.12/site-packages/rl_interfaces/rl_interfaces_s__rosidl_typesupport_c.so
-- Up-to-date symlink: /home/carlos/Escritorio/TFG/code_tfg/inferencia/install/rl_interfaces/lib/python3.12/site-packages/rl_interfaces/rl_interfaces_s__rosidl_typesupport_fastrtps_c.so
-- Up-to-date symlink: /home/carlos/Escritorio/TFG/code_tfg/inferencia/install/rl_interfaces/lib/python3.12/site-packages/rl_interfaces/rl_interfaces_s__rosidl_typesupport_introspection_c.so
-- Up-to-date symlink: /home/carlos/Escritorio/TFG/code_tfg/inferencia/install/rl_interfaces/lib/python3.12/site-packages/rl_interfaces/rl_interfaces_s__rosidl_typesupport_fastrtps_c.so
-- Up-to-date symlink: /home/carlos/Escritorio/TFG/code_tfg/inferencia/install/rl_interfaces/lib/python3.12/site-packages/rl_interfaces/rl_interfaces_s__rosidl_typesupport_introspection_c.so
-- Up-to-date symlink: /home/carlos/Escritorio/TFG/code_tfg/inferencia/install/rl_interfaces/lib/python3.12/site-packages/rl_interfaces/rl_interfaces_s__rosidl_typesupport_c.so
-- Up-to-date symlink: /home/carlos/Escritorio/TFG/code_tfg/inferencia/install/rl_interfaces/share/ament_index/resource_index/rust_packages/rl_interfaces
-- Up-to-date symlink: /home/carlos/Escritorio/TFG/code_tfg/inferencia/install/rl_interfaces/share/rl_interfaces/rust/Cargo.toml
-- Up-to-date symlink: /home/carlos/Escritorio/TFG/code_tfg/inferencia/install/rl_interfaces/share/rl_interfaces/rust/build.rs
-- Up-to-date symlink: /home/carlos/Escritorio/TFG/code_tfg/inferencia/install/rl_interfaces/share/rl_interfaces/rust/src/lib.rs
-- Up-to-date symlink: /home/carlos/Escritorio/TFG/code_tfg/inferencia/install/rl_interfaces/share/rl_interfaces/rust/src/msg.rs
-- Up-to-date symlink: /home/carlos/Escritorio/TFG/code_tfg/inferencia/install/rl_interfaces/share/rl_interfaces/rust/src/msg/rmw.rs
-- Up-to-date symlink: /home/carlos/Escritorio/TFG/code_tfg/inferencia/install/rl_interfaces/share/rl_interfaces/msg/MotionCommand.idl
-- Up-to-date symlink: /home/carlos/Escritorio/TFG/code_tfg/inferencia/install/rl_interfaces/share/rl_interfaces/msg/MotionCommand.msg
-- Up-to-date symlink: /home/carlos/Escritorio/TFG/code_tfg/inferencia/install/rl_interfaces/share/ament_index/resource_index/package_run_dependencies/rl_interfaces
-- Up-to-date symlink: /home/carlos/Escritorio/TFG/code_tfg/inferencia/install/rl_interfaces/share/ament_index/resource_index/parent_prefix_path/rl_interfaces
-- Up-to-date symlink: /home/carlos/Escritorio/TFG/code_tfg/inferencia/install/rl_interfaces/share/rl_interfaces/environment/ament_prefix_path.sh
-- Up-to-date symlink: /home/carlos/Escritorio/TFG/code_tfg/inferencia/install/rl_interfaces/share/rl_interfaces/environment/ament_prefix_path.dsv
-- Up-to-date symlink: /home/carlos/Escritorio/TFG/code_tfg/inferencia/install/rl_interfaces/share/rl_interfaces/environment/path.sh
-- Up-to-date symlink: /home/carlos/Escritorio/TFG/code_tfg/inferencia/install/rl_interfaces/share/rl_interfaces/environment/path.dsv
-- Up-to-date symlink: /home/carlos/Escritorio/TFG/code_tfg/inferencia/install/rl_interfaces/share/rl_interfaces/local_setup.bash
-- Up-to-date symlink: /home/carlos/Escritorio/TFG/code_tfg/inferencia/install/rl_interfaces/share/rl_interfaces/local_setup.sh
-- Up-to-date symlink: /home/carlos/Escritorio/TFG/code_tfg/inferencia/install/rl_interfaces/share/rl_interfaces/local_setup.zsh
-- Up-to-date symlink: /home/carlos/Escritorio/TFG/code_tfg/inferencia/install/rl_interfaces/share/rl_interfaces/local_setup.dsv
-- Symlinking: /home/carlos/Escritorio/TFG/code_tfg/inferencia/install/rl_interfaces/share/rl_interfaces/package.dsv
-- Up-to-date symlink: /home/carlos/Escritorio/TFG/code_tfg/inferencia/install/rl_interfaces/share/ament_index/resource_index/packages/rl_interfaces
-- Up-to-date symlink: /home/carlos/Escritorio/TFG/code_tfg/inferencia/install/rl_interfaces/share/rl_interfaces/cmake/rosidl_cmake-extras.cmake
-- Up-to-date symlink: /home/carlos/Escritorio/TFG/code_tfg/inferencia/install/rl_interfaces/share/rl_interfaces/cmake/ament_cmake_export_include_directories-extras.cmake
-- Up-to-date symlink: /home/carlos/Escritorio/TFG/code_tfg/inferencia/install/rl_interfaces/share/rl_interfaces/cmake/ament_cmake_export_libraries-extras.cmake
-- Up-to-date symlink: /home/carlos/Escritorio/TFG/code_tfg/inferencia/install/rl_interfaces/share/rl_interfaces/cmake/ament_cmake_export_targets-extras.cmake
-- Up-to-date symlink: /home/carlos/Escritorio/TFG/code_tfg/inferencia/install/rl_interfaces/share/rl_interfaces/cmake/rosidl_cmake_export_typesupport_targets-extras.cmake
-- Up-to-date symlink: /home/carlos/Escritorio/TFG/code_tfg/inferencia/install/rl_interfaces/share/rl_interfaces/cmake/ament_cmake_export_dependencies-extras.cmake
-- Up-to-date symlink: /home/carlos/Escritorio/TFG/code_tfg/inferencia/install/rl_interfaces/share/rl_interfaces/cmake/rosidl_cmake_export_typesupport_libraries-extras.cmake
-- Up-to-date symlink: /home/carlos/Escritorio/TFG/code_tfg/inferencia/install/rl_interfaces/share/rl_interfaces/cmake/rl_interfacesConfig.cmake
-- Up-to-date symlink: /home/carlos/Escritorio/TFG/code_tfg/inferencia/install/rl_interfaces/share/rl_interfaces/cmake/rl_interfacesConfig-version.cmake
-- Up-to-date symlink: /home/carlos/Escritorio/TFG/code_tfg/inferencia/install/rl_interfaces/share/rl_interfaces/package.xml
-- Up-to-date: /home/carlos/Escritorio/TFG/code_tfg/inferencia/install/rl_interfaces/lib/librl_interfaces__rosidl_generator_c.so
-- Up-to-date: /home/carlos/Escritorio/TFG/code_tfg/inferencia/install/rl_interfaces/lib/librl_interfaces__rosidl_typesupport_fastrtps_c.so
-- Up-to-date: /home/carlos/Escritorio/TFG/code_tfg/inferencia/install/rl_interfaces/lib/librl_interfaces__rosidl_typesupport_introspection_c.so
-- Up-to-date: /home/carlos/Escritorio/TFG/code_tfg/inferencia/install/rl_interfaces/lib/librl_interfaces__rosidl_typesupport_c.so
-- Up-to-date: /home/carlos/Escritorio/TFG/code_tfg/inferencia/install/rl_interfaces/lib/librl_interfaces__rosidl_typesupport_fastrtps_cpp.so
-- Up-to-date: /home/carlos/Escritorio/TFG/code_tfg/inferencia/install/rl_interfaces/lib/librl_interfaces__rosidl_typesupport_introspection_cpp.so
-- Up-to-date: /home/carlos/Escritorio/TFG/code_tfg/inferencia/install/rl_interfaces/lib/librl_interfaces__rosidl_typesupport_cpp.so
Listing '/home/carlos/Escritorio/TFG/code_tfg/inferencia/install/rl_interfaces/lib/python3.12/site-packages/rl_interfaces'...
Listing '/home/carlos/Escritorio/TFG/code_tfg/inferencia/install/rl_interfaces/lib/python3.12/site-packages/rl_interfaces/msg'...
-- Up-to-date: /home/carlos/Escritorio/TFG/code_tfg/inferencia/install/rl_interfaces/lib/librl_interfaces__rosidl_generator_py.so
-- Up-to-date: /home/carlos/Escritorio/TFG/code_tfg/inferencia/install/rl_interfaces/share/rl_interfaces/cmake/export_rl_interfaces__rosidl_generator_cExport.cmake
-- Up-to-date: /home/carlos/Escritorio/TFG/code_tfg/inferencia/install/rl_interfaces/share/rl_interfaces/cmake/export_rl_interfaces__rosidl_generator_cExport-noconfig.cmake
-- Up-to-date: /home/carlos/Escritorio/TFG/code_tfg/inferencia/install/rl_interfaces/share/rl_interfaces/cmake/export_rl_interfaces__rosidl_typesupport_fastrtps_cExport.cmake
-- Up-to-date: /home/carlos/Escritorio/TFG/code_tfg/inferencia/install/rl_interfaces/share/rl_interfaces/cmake/export_rl_interfaces__rosidl_typesupport_fastrtps_cExport-noconfig.cmake
-- Up-to-date: /home/carlos/Escritorio/TFG/code_tfg/inferencia/install/rl_interfaces/share/rl_interfaces/cmake/rl_interfaces__rosidl_typesupport_introspection_cExport.cmake
-- Up-to-date: /home/carlos/Escritorio/TFG/code_tfg/inferencia/install/rl_interfaces/share/rl_interfaces/cmake/rl_interfaces__rosidl_typesupport_introspection_cExport-noconfig.cmake
-- Up-to-date: /home/carlos/Escritorio/TFG/code_tfg/inferencia/install/rl_interfaces/share/rl_interfaces/cmake/rl_interfaces__rosidl_typesupport_cExport.cmake
-- Up-to-date: /home/carlos/Escritorio/TFG/code_tfg/inferencia/install/rl_interfaces/share/rl_interfaces/cmake/rl_interfaces__rosidl_typesupport_cExport-noconfig.cmake
-- Up-to-date: /home/carlos/Escritorio/TFG/code_tfg/inferencia/install/rl_interfaces/share/rl_interfaces/cmake/export_rl_interfaces__rosidl_generator_cppExport.cmake
-- Up-to-date: /home/carlos/Escritorio/TFG/code_tfg/inferencia/install/rl_interfaces/share/rl_interfaces/cmake/export_rl_interfaces__rosidl_typesupport_fastrtps_cppExport.cmake
-- Up-to-date: /home/carlos/Escritorio/TFG/code_tfg/inferencia/install/rl_interfaces/share/rl_interfaces/cmake/export_rl_interfaces__rosidl_typesupport_fastrtps_cppExport-noconfig.cmake
-- Up-to-date: /home/carlos/Escritorio/TFG/code_tfg/inferencia/install/rl_interfaces/share/rl_interfaces/cmake/rl_interfaces__rosidl_typesupport_introspection_cppExport.cmake
-- Up-to-date: /home/carlos/Escritorio/TFG/code_tfg/inferencia/install/rl_interfaces/share/rl_interfaces/cmake/rl_interfaces__rosidl_typesupport_introspection_cppExport-noconfig.cmake
-- Up-to-date: /home/carlos/Escritorio/TFG/code_tfg/inferencia/install/rl_interfaces/share/rl_interfaces/cmake/rl_interfaces__rosidl_typesupport_cppExport.cmake
-- Up-to-date: /home/carlos/Escritorio/TFG/code_tfg/inferencia/install/rl_interfaces/share/rl_interfaces/cmake/rl_interfaces__rosidl_typesupport_cppExport-noconfig.cmake
-- Up-to-date: /home/carlos/Escritorio/TFG/code_tfg/inferencia/install/rl_interfaces/share/rl_interfaces/cmake/export_rl_interfaces__rosidl_generator_pyExport.cmake
-- Up-to-date: /home/carlos/Escritorio/TFG/code_tfg/inferencia/install/rl_interfaces/share/rl_interfaces/cmake/export_rl_interfaces__rosidl_generator_pyExport-noconfig.cmake
