[0.008s] Invoking command in '/home/carlos/Escritorio/TFG/code_tfg/inferencia/build/rl_interfaces': CMAKE_PREFIX_PATH=${CMAKE_PREFIX_PATH}:/opt/ros/jazzy DEBUGINFOD_URLS=https://debuginfod.ubuntu.com /usr/bin/cmake --build /home/carlos/Escritorio/TFG/code_tfg/inferencia/build/rl_interfaces -- -j24 -l24
[0.049s] [  2%] Built target rl_interfaces__rosidl_generator_type_description
[0.050s] [  5%] Built target rl_interfaces__rs
[0.057s] [  5%] Built target ament_cmake_python_symlink_rl_interfaces
[0.066s] [ 22%] Built target rl_interfaces__rosidl_generator_c
[0.066s] [ 22%] Built target rl_interfaces__cpp
[0.080s] [ 31%] Built target rl_interfaces__rosidl_typesupport_c
[0.083s] [ 40%] Built target rl_interfaces__rosidl_typesupport_fastrtps_c
[0.084s] [ 48%] Built target rl_interfaces__rosidl_typesupport_introspection_c
[0.094s] [ 57%] Built target rl_interfaces__rosidl_typesupport_cpp
[0.096s] [ 65%] Built target rl_interfaces__rosidl_typesupport_introspection_cpp
[0.097s] [ 74%] Built target rl_interfaces__rosidl_typesupport_fastrtps_cpp
[0.110s] [ 74%] Built target rl_interfaces
[0.127s] [ 77%] Built target rl_interfaces__py
[0.145s] [ 82%] Built target rl_interfaces__rosidl_generator_py
[0.161s] [ 88%] Built target rl_interfaces_s__rosidl_typesupport_fastrtps_c
[0.163s] [ 94%] Built target rl_interfaces_s__rosidl_typesupport_introspection_c
[0.164s] [100%] Built target rl_interfaces_s__rosidl_typesupport_c
[0.215s] running egg_info
[0.228s] writing rl_interfaces.egg-info/PKG-INFO
[0.228s] writing dependency_links to rl_interfaces.egg-info/dependency_links.txt
[0.228s] writing top-level names to rl_interfaces.egg-info/top_level.txt
[0.253s] reading manifest file 'rl_interfaces.egg-info/SOURCES.txt'
[0.254s] writing manifest file 'rl_interfaces.egg-info/SOURCES.txt'
[0.272s] [100%] Built target ament_cmake_python_build_rl_interfaces_egg
[0.281s] Invoked command in '/home/carlos/Escritorio/TFG/code_tfg/inferencia/build/rl_interfaces' returned '0': CMAKE_PREFIX_PATH=${CMAKE_PREFIX_PATH}:/opt/ros/jazzy DEBUGINFOD_URLS=https://debuginfod.ubuntu.com /usr/bin/cmake --build /home/carlos/Escritorio/TFG/code_tfg/inferencia/build/rl_interfaces -- -j24 -l24
[0.292s] Invoking command in '/home/carlos/Escritorio/TFG/code_tfg/inferencia/build/rl_interfaces': CMAKE_PREFIX_PATH=${CMAKE_PREFIX_PATH}:/opt/ros/jazzy DEBUGINFOD_URLS=https://debuginfod.ubuntu.com /usr/bin/cmake --install /home/carlos/Escritorio/TFG/code_tfg/inferencia/build/rl_interfaces
[0.296s] -- Install configuration: ""
[0.296s] -- Execute custom install script
[0.297s] -- Up-to-date symlink: /home/carlos/Escritorio/TFG/code_tfg/inferencia/install/rl_interfaces/share/ament_index/resource_index/rosidl_interfaces/rl_interfaces
[0.297s] -- Up-to-date symlink: /home/carlos/Escritorio/TFG/code_tfg/inferencia/install/rl_interfaces/share/rl_interfaces/msg/MotionCommand.json
[0.297s] -- Up-to-date symlink: /home/carlos/Escritorio/TFG/code_tfg/inferencia/install/rl_interfaces/include/rl_interfaces/rl_interfaces/msg/detail/motion_command__functions.h
[0.297s] -- Up-to-date symlink: /home/carlos/Escritorio/TFG/code_tfg/inferencia/install/rl_interfaces/include/rl_interfaces/rl_interfaces/msg/detail/motion_command__struct.h
[0.297s] -- Up-to-date symlink: /home/carlos/Escritorio/TFG/code_tfg/inferencia/install/rl_interfaces/include/rl_interfaces/rl_interfaces/msg/detail/motion_command__type_support.h
[0.297s] -- Up-to-date symlink: /home/carlos/Escritorio/TFG/code_tfg/inferencia/install/rl_interfaces/include/rl_interfaces/rl_interfaces/msg/motion_command.h
[0.297s] -- Up-to-date symlink: /home/carlos/Escritorio/TFG/code_tfg/inferencia/install/rl_interfaces/include/rl_interfaces/rl_interfaces/msg/rosidl_generator_c__visibility_control.h
[0.298s] -- Up-to-date symlink: /home/carlos/Escritorio/TFG/code_tfg/inferencia/install/rl_interfaces/share/rl_interfaces/environment/library_path.sh
[0.298s] -- Up-to-date symlink: /home/carlos/Escritorio/TFG/code_tfg/inferencia/install/rl_interfaces/share/rl_interfaces/environment/library_path.dsv
[0.298s] -- Up-to-date symlink: /home/carlos/Escritorio/TFG/code_tfg/inferencia/install/rl_interfaces/include/rl_interfaces/rl_interfaces/msg/detail/motion_command__rosidl_typesupport_fastrtps_c.h
[0.298s] -- Up-to-date symlink: /home/carlos/Escritorio/TFG/code_tfg/inferencia/install/rl_interfaces/include/rl_interfaces/rl_interfaces/msg/rosidl_typesupport_fastrtps_c__visibility_control.h
[0.298s] -- Up-to-date symlink: /home/carlos/Escritorio/TFG/code_tfg/inferencia/install/rl_interfaces/include/rl_interfaces/rl_interfaces/msg/detail/motion_command__rosidl_typesupport_introspection_c.h
[0.298s] -- Up-to-date symlink: /home/carlos/Escritorio/TFG/code_tfg/inferencia/install/rl_interfaces/include/rl_interfaces/rl_interfaces/msg/rosidl_typesupport_introspection_c__visibility_control.h
[0.298s] -- Up-to-date symlink: /home/carlos/Escritorio/TFG/code_tfg/inferencia/install/rl_interfaces/include/rl_interfaces/rl_interfaces/msg/detail/motion_command__builder.hpp
[0.298s] -- Up-to-date symlink: /home/carlos/Escritorio/TFG/code_tfg/inferencia/install/rl_interfaces/include/rl_interfaces/rl_interfaces/msg/detail/motion_command__struct.hpp
[0.298s] -- Up-to-date symlink: /home/carlos/Escritorio/TFG/code_tfg/inferencia/install/rl_interfaces/include/rl_interfaces/rl_interfaces/msg/detail/motion_command__traits.hpp
[0.298s] -- Up-to-date symlink: /home/carlos/Escritorio/TFG/code_tfg/inferencia/install/rl_interfaces/include/rl_interfaces/rl_interfaces/msg/detail/motion_command__type_support.hpp
[0.298s] -- Up-to-date symlink: /home/carlos/Escritorio/TFG/code_tfg/inferencia/install/rl_interfaces/include/rl_interfaces/rl_interfaces/msg/motion_command.hpp
[0.298s] -- Up-to-date symlink: /home/carlos/Escritorio/TFG/code_tfg/inferencia/install/rl_interfaces/include/rl_interfaces/rl_interfaces/msg/rosidl_generator_cpp__visibility_control.hpp
[0.299s] -- Up-to-date symlink: /home/carlos/Escritorio/TFG/code_tfg/inferencia/install/rl_interfaces/include/rl_interfaces/rl_interfaces/msg/detail/motion_command__rosidl_typesupport_fastrtps_cpp.hpp
[0.299s] -- Up-to-date symlink: /home/carlos/Escritorio/TFG/code_tfg/inferencia/install/rl_interfaces/include/rl_interfaces/rl_interfaces/msg/rosidl_typesupport_fastrtps_cpp__visibility_control.h
[0.299s] -- Up-to-date symlink: /home/carlos/Escritorio/TFG/code_tfg/inferencia/install/rl_interfaces/include/rl_interfaces/rl_interfaces/msg/detail/motion_command__rosidl_typesupport_introspection_cpp.hpp
[0.299s] -- Up-to-date symlink: /home/carlos/Escritorio/TFG/code_tfg/inferencia/install/rl_interfaces/share/rl_interfaces/environment/pythonpath.sh
[0.299s] -- Up-to-date symlink: /home/carlos/Escritorio/TFG/code_tfg/inferencia/install/rl_interfaces/share/rl_interfaces/environment/pythonpath.dsv
[0.299s] -- Up-to-date symlink: /home/carlos/Escritorio/TFG/code_tfg/inferencia/install/rl_interfaces/lib/python3.12/site-packages/rl_interfaces-0.0.0-py3.12.egg-info/PKG-INFO
[0.299s] -- Up-to-date symlink: /home/carlos/Escritorio/TFG/code_tfg/inferencia/install/rl_interfaces/lib/python3.12/site-packages/rl_interfaces-0.0.0-py3.12.egg-info/SOURCES.txt
[0.300s] -- Up-to-date symlink: /home/carlos/Escritorio/TFG/code_tfg/inferencia/install/rl_interfaces/lib/python3.12/site-packages/rl_interfaces-0.0.0-py3.12.egg-info/dependency_links.txt
[0.300s] -- Up-to-date symlink: /home/carlos/Escritorio/TFG/code_tfg/inferencia/install/rl_interfaces/lib/python3.12/site-packages/rl_interfaces-0.0.0-py3.12.egg-info/top_level.txt
[0.300s] -- Up-to-date symlink: /home/carlos/Escritorio/TFG/code_tfg/inferencia/install/rl_interfaces/lib/python3.12/site-packages/rl_interfaces/__init__.py
[0.300s] -- Up-to-date symlink: /home/carlos/Escritorio/TFG/code_tfg/inferencia/install/rl_interfaces/lib/python3.12/site-packages/rl_interfaces/_rl_interfaces_s.ep.rosidl_typesupport_c.c
[0.300s] -- Up-to-date symlink: /home/carlos/Escritorio/TFG/code_tfg/inferencia/install/rl_interfaces/lib/python3.12/site-packages/rl_interfaces/_rl_interfaces_s.ep.rosidl_typesupport_fastrtps_c.c
[0.300s] -- Up-to-date symlink: /home/carlos/Escritorio/TFG/code_tfg/inferencia/install/rl_interfaces/lib/python3.12/site-packages/rl_interfaces/_rl_interfaces_s.ep.rosidl_typesupport_introspection_c.c
[0.300s] -- Up-to-date symlink: /home/carlos/Escritorio/TFG/code_tfg/inferencia/install/rl_interfaces/lib/python3.12/site-packages/rl_interfaces/msg/__init__.py
[0.300s] -- Up-to-date symlink: /home/carlos/Escritorio/TFG/code_tfg/inferencia/install/rl_interfaces/lib/python3.12/site-packages/rl_interfaces/msg/_motion_command.py
[0.300s] -- Up-to-date symlink: /home/carlos/Escritorio/TFG/code_tfg/inferencia/install/rl_interfaces/lib/python3.12/site-packages/rl_interfaces/msg/_motion_command_s.c
[0.300s] -- Up-to-date symlink: /home/carlos/Escritorio/TFG/code_tfg/inferencia/install/rl_interfaces/lib/python3.12/site-packages/rl_interfaces/rl_interfaces_s__rosidl_typesupport_c.so
[0.301s] -- Up-to-date symlink: /home/carlos/Escritorio/TFG/code_tfg/inferencia/install/rl_interfaces/lib/python3.12/site-packages/rl_interfaces/rl_interfaces_s__rosidl_typesupport_fastrtps_c.so
[0.301s] -- Up-to-date symlink: /home/carlos/Escritorio/TFG/code_tfg/inferencia/install/rl_interfaces/lib/python3.12/site-packages/rl_interfaces/rl_interfaces_s__rosidl_typesupport_introspection_c.so
[0.301s] -- Up-to-date symlink: /home/carlos/Escritorio/TFG/code_tfg/inferencia/install/rl_interfaces/lib/python3.12/site-packages/rl_interfaces/rl_interfaces_s__rosidl_typesupport_fastrtps_c.so
[0.301s] -- Up-to-date symlink: /home/carlos/Escritorio/TFG/code_tfg/inferencia/install/rl_interfaces/lib/python3.12/site-packages/rl_interfaces/rl_interfaces_s__rosidl_typesupport_introspection_c.so
[0.301s] -- Up-to-date symlink: /home/carlos/Escritorio/TFG/code_tfg/inferencia/install/rl_interfaces/lib/python3.12/site-packages/rl_interfaces/rl_interfaces_s__rosidl_typesupport_c.so
[0.301s] -- Up-to-date symlink: /home/carlos/Escritorio/TFG/code_tfg/inferencia/install/rl_interfaces/share/ament_index/resource_index/rust_packages/rl_interfaces
[0.301s] -- Up-to-date symlink: /home/carlos/Escritorio/TFG/code_tfg/inferencia/install/rl_interfaces/share/rl_interfaces/rust/Cargo.toml
[0.302s] -- Up-to-date symlink: /home/carlos/Escritorio/TFG/code_tfg/inferencia/install/rl_interfaces/share/rl_interfaces/rust/build.rs
[0.302s] -- Up-to-date symlink: /home/carlos/Escritorio/TFG/code_tfg/inferencia/install/rl_interfaces/share/rl_interfaces/rust/src/lib.rs
[0.302s] -- Up-to-date symlink: /home/carlos/Escritorio/TFG/code_tfg/inferencia/install/rl_interfaces/share/rl_interfaces/rust/src/msg.rs
[0.302s] -- Up-to-date symlink: /home/carlos/Escritorio/TFG/code_tfg/inferencia/install/rl_interfaces/share/rl_interfaces/rust/src/msg/rmw.rs
[0.302s] -- Up-to-date symlink: /home/carlos/Escritorio/TFG/code_tfg/inferencia/install/rl_interfaces/share/rl_interfaces/msg/MotionCommand.idl
[0.302s] -- Up-to-date symlink: /home/carlos/Escritorio/TFG/code_tfg/inferencia/install/rl_interfaces/share/rl_interfaces/msg/MotionCommand.msg
[0.302s] -- Up-to-date symlink: /home/carlos/Escritorio/TFG/code_tfg/inferencia/install/rl_interfaces/share/ament_index/resource_index/package_run_dependencies/rl_interfaces
[0.302s] -- Up-to-date symlink: /home/carlos/Escritorio/TFG/code_tfg/inferencia/install/rl_interfaces/share/ament_index/resource_index/parent_prefix_path/rl_interfaces
[0.302s] -- Up-to-date symlink: /home/carlos/Escritorio/TFG/code_tfg/inferencia/install/rl_interfaces/share/rl_interfaces/environment/ament_prefix_path.sh
[0.302s] -- Up-to-date symlink: /home/carlos/Escritorio/TFG/code_tfg/inferencia/install/rl_interfaces/share/rl_interfaces/environment/ament_prefix_path.dsv
[0.303s] -- Up-to-date symlink: /home/carlos/Escritorio/TFG/code_tfg/inferencia/install/rl_interfaces/share/rl_interfaces/environment/path.sh
[0.303s] -- Up-to-date symlink: /home/carlos/Escritorio/TFG/code_tfg/inferencia/install/rl_interfaces/share/rl_interfaces/environment/path.dsv
[0.303s] -- Up-to-date symlink: /home/carlos/Escritorio/TFG/code_tfg/inferencia/install/rl_interfaces/share/rl_interfaces/local_setup.bash
[0.303s] -- Up-to-date symlink: /home/carlos/Escritorio/TFG/code_tfg/inferencia/install/rl_interfaces/share/rl_interfaces/local_setup.sh
[0.303s] -- Up-to-date symlink: /home/carlos/Escritorio/TFG/code_tfg/inferencia/install/rl_interfaces/share/rl_interfaces/local_setup.zsh
[0.304s] -- Up-to-date symlink: /home/carlos/Escritorio/TFG/code_tfg/inferencia/install/rl_interfaces/share/rl_interfaces/local_setup.dsv
[0.304s] -- Symlinking: /home/carlos/Escritorio/TFG/code_tfg/inferencia/install/rl_interfaces/share/rl_interfaces/package.dsv
[0.310s] -- Up-to-date symlink: /home/carlos/Escritorio/TFG/code_tfg/inferencia/install/rl_interfaces/share/ament_index/resource_index/packages/rl_interfaces
[0.310s] -- Up-to-date symlink: /home/carlos/Escritorio/TFG/code_tfg/inferencia/install/rl_interfaces/share/rl_interfaces/cmake/rosidl_cmake-extras.cmake
[0.311s] -- Up-to-date symlink: /home/carlos/Escritorio/TFG/code_tfg/inferencia/install/rl_interfaces/share/rl_interfaces/cmake/ament_cmake_export_include_directories-extras.cmake
[0.311s] -- Up-to-date symlink: /home/carlos/Escritorio/TFG/code_tfg/inferencia/install/rl_interfaces/share/rl_interfaces/cmake/ament_cmake_export_libraries-extras.cmake
[0.311s] -- Up-to-date symlink: /home/carlos/Escritorio/TFG/code_tfg/inferencia/install/rl_interfaces/share/rl_interfaces/cmake/ament_cmake_export_targets-extras.cmake
[0.311s] -- Up-to-date symlink: /home/carlos/Escritorio/TFG/code_tfg/inferencia/install/rl_interfaces/share/rl_interfaces/cmake/rosidl_cmake_export_typesupport_targets-extras.cmake
[0.311s] -- Up-to-date symlink: /home/carlos/Escritorio/TFG/code_tfg/inferencia/install/rl_interfaces/share/rl_interfaces/cmake/ament_cmake_export_dependencies-extras.cmake
[0.312s] -- Up-to-date symlink: /home/carlos/Escritorio/TFG/code_tfg/inferencia/install/rl_interfaces/share/rl_interfaces/cmake/rosidl_cmake_export_typesupport_libraries-extras.cmake
[0.312s] -- Up-to-date symlink: /home/carlos/Escritorio/TFG/code_tfg/inferencia/install/rl_interfaces/share/rl_interfaces/cmake/rl_interfacesConfig.cmake
[0.312s] -- Up-to-date symlink: /home/carlos/Escritorio/TFG/code_tfg/inferencia/install/rl_interfaces/share/rl_interfaces/cmake/rl_interfacesConfig-version.cmake
[0.312s] -- Up-to-date symlink: /home/carlos/Escritorio/TFG/code_tfg/inferencia/install/rl_interfaces/share/rl_interfaces/package.xml
[0.312s] -- Up-to-date: /home/carlos/Escritorio/TFG/code_tfg/inferencia/install/rl_interfaces/lib/librl_interfaces__rosidl_generator_c.so
[0.313s] -- Up-to-date: /home/carlos/Escritorio/TFG/code_tfg/inferencia/install/rl_interfaces/lib/librl_interfaces__rosidl_typesupport_fastrtps_c.so
[0.313s] -- Up-to-date: /home/carlos/Escritorio/TFG/code_tfg/inferencia/install/rl_interfaces/lib/librl_interfaces__rosidl_typesupport_introspection_c.so
[0.313s] -- Up-to-date: /home/carlos/Escritorio/TFG/code_tfg/inferencia/install/rl_interfaces/lib/librl_interfaces__rosidl_typesupport_c.so
[0.314s] -- Up-to-date: /home/carlos/Escritorio/TFG/code_tfg/inferencia/install/rl_interfaces/lib/librl_interfaces__rosidl_typesupport_fastrtps_cpp.so
[0.314s] -- Up-to-date: /home/carlos/Escritorio/TFG/code_tfg/inferencia/install/rl_interfaces/lib/librl_interfaces__rosidl_typesupport_introspection_cpp.so
[0.314s] -- Up-to-date: /home/carlos/Escritorio/TFG/code_tfg/inferencia/install/rl_interfaces/lib/librl_interfaces__rosidl_typesupport_cpp.so
[0.347s] Listing '/home/carlos/Escritorio/TFG/code_tfg/inferencia/install/rl_interfaces/lib/python3.12/site-packages/rl_interfaces'...
[0.347s] Listing '/home/carlos/Escritorio/TFG/code_tfg/inferencia/install/rl_interfaces/lib/python3.12/site-packages/rl_interfaces/msg'...
[0.350s] -- Up-to-date: /home/carlos/Escritorio/TFG/code_tfg/inferencia/install/rl_interfaces/lib/librl_interfaces__rosidl_generator_py.so
[0.350s] -- Up-to-date: /home/carlos/Escritorio/TFG/code_tfg/inferencia/install/rl_interfaces/share/rl_interfaces/cmake/export_rl_interfaces__rosidl_generator_cExport.cmake
[0.350s] -- Up-to-date: /home/carlos/Escritorio/TFG/code_tfg/inferencia/install/rl_interfaces/share/rl_interfaces/cmake/export_rl_interfaces__rosidl_generator_cExport-noconfig.cmake
[0.350s] -- Up-to-date: /home/carlos/Escritorio/TFG/code_tfg/inferencia/install/rl_interfaces/share/rl_interfaces/cmake/export_rl_interfaces__rosidl_typesupport_fastrtps_cExport.cmake
[0.350s] -- Up-to-date: /home/carlos/Escritorio/TFG/code_tfg/inferencia/install/rl_interfaces/share/rl_interfaces/cmake/export_rl_interfaces__rosidl_typesupport_fastrtps_cExport-noconfig.cmake
[0.350s] -- Up-to-date: /home/carlos/Escritorio/TFG/code_tfg/inferencia/install/rl_interfaces/share/rl_interfaces/cmake/rl_interfaces__rosidl_typesupport_introspection_cExport.cmake
[0.350s] -- Up-to-date: /home/carlos/Escritorio/TFG/code_tfg/inferencia/install/rl_interfaces/share/rl_interfaces/cmake/rl_interfaces__rosidl_typesupport_introspection_cExport-noconfig.cmake
[0.350s] -- Up-to-date: /home/carlos/Escritorio/TFG/code_tfg/inferencia/install/rl_interfaces/share/rl_interfaces/cmake/rl_interfaces__rosidl_typesupport_cExport.cmake
[0.350s] -- Up-to-date: /home/carlos/Escritorio/TFG/code_tfg/inferencia/install/rl_interfaces/share/rl_interfaces/cmake/rl_interfaces__rosidl_typesupport_cExport-noconfig.cmake
[0.351s] -- Up-to-date: /home/carlos/Escritorio/TFG/code_tfg/inferencia/install/rl_interfaces/share/rl_interfaces/cmake/export_rl_interfaces__rosidl_generator_cppExport.cmake
[0.351s] -- Up-to-date: /home/carlos/Escritorio/TFG/code_tfg/inferencia/install/rl_interfaces/share/rl_interfaces/cmake/export_rl_interfaces__rosidl_typesupport_fastrtps_cppExport.cmake
[0.351s] -- Up-to-date: /home/carlos/Escritorio/TFG/code_tfg/inferencia/install/rl_interfaces/share/rl_interfaces/cmake/export_rl_interfaces__rosidl_typesupport_fastrtps_cppExport-noconfig.cmake
[0.351s] -- Up-to-date: /home/carlos/Escritorio/TFG/code_tfg/inferencia/install/rl_interfaces/share/rl_interfaces/cmake/rl_interfaces__rosidl_typesupport_introspection_cppExport.cmake
[0.351s] -- Up-to-date: /home/carlos/Escritorio/TFG/code_tfg/inferencia/install/rl_interfaces/share/rl_interfaces/cmake/rl_interfaces__rosidl_typesupport_introspection_cppExport-noconfig.cmake
[0.351s] -- Up-to-date: /home/carlos/Escritorio/TFG/code_tfg/inferencia/install/rl_interfaces/share/rl_interfaces/cmake/rl_interfaces__rosidl_typesupport_cppExport.cmake
[0.351s] -- Up-to-date: /home/carlos/Escritorio/TFG/code_tfg/inferencia/install/rl_interfaces/share/rl_interfaces/cmake/rl_interfaces__rosidl_typesupport_cppExport-noconfig.cmake
[0.351s] -- Up-to-date: /home/carlos/Escritorio/TFG/code_tfg/inferencia/install/rl_interfaces/share/rl_interfaces/cmake/export_rl_interfaces__rosidl_generator_pyExport.cmake
[0.351s] -- Up-to-date: /home/carlos/Escritorio/TFG/code_tfg/inferencia/install/rl_interfaces/share/rl_interfaces/cmake/export_rl_interfaces__rosidl_generator_pyExport-noconfig.cmake
[0.353s] Invoked command in '/home/carlos/Escritorio/TFG/code_tfg/inferencia/build/rl_interfaces' returned '0': CMAKE_PREFIX_PATH=${CMAKE_PREFIX_PATH}:/opt/ros/jazzy DEBUGINFOD_URLS=https://debuginfod.ubuntu.com /usr/bin/cmake --install /home/carlos/Escritorio/TFG/code_tfg/inferencia/build/rl_interfaces
