[0.007s] Invoking command in '/home/carlos/Escritorio/TFG/code_tfg/inferencia/build/rl_interfaces': CMAKE_PREFIX_PATH=${CMAKE_PREFIX_PATH}:/opt/ros/jazzy DEBUGINFOD_URLS=https://debuginfod.ubuntu.com /usr/bin/cmake --build /home/carlos/Escritorio/TFG/code_tfg/inferencia/build/rl_interfaces -- -j24 -l24
[0.051s] [  5%] Built target rl_interfaces__rosidl_generator_type_description
[0.051s] [  5%] Built target rl_interfaces__rs
[0.057s] [  5%] Built target ament_cmake_python_symlink_rl_interfaces
[0.069s] [ 14%] Built target rl_interfaces__cpp
[0.069s] [ 22%] Built target rl_interfaces__rosidl_generator_c
[0.084s] [ 57%] Built target rl_interfaces__rosidl_typesupport_cpp
[0.084s] [ 57%] Built target rl_interfaces__rosidl_typesupport_fastrtps_cpp
[0.084s] [ 57%] Built target rl_interfaces__rosidl_typesupport_introspection_c
[0.084s] [ 57%] Built target rl_interfaces__rosidl_typesupport_c
[0.087s] [ 74%] Built target rl_interfaces__rosidl_typesupport_introspection_cpp
[0.087s] [ 74%] Built target rl_interfaces__rosidl_typesupport_fastrtps_c
[0.104s] [ 74%] Built target rl_interfaces
[0.119s] [ 77%] Built target rl_interfaces__py
[0.136s] [ 82%] Built target rl_interfaces__rosidl_generator_py
[0.153s] [ 88%] Built target rl_interfaces_s__rosidl_typesupport_fastrtps_c
[0.156s] [ 94%] Built target rl_interfaces_s__rosidl_typesupport_introspection_c
[0.156s] [100%] Built target rl_interfaces_s__rosidl_typesupport_c
[0.191s] running egg_info
[0.201s] writing rl_interfaces.egg-info/PKG-INFO
[0.201s] writing dependency_links to rl_interfaces.egg-info/dependency_links.txt
[0.201s] writing top-level names to rl_interfaces.egg-info/top_level.txt
[0.233s] reading manifest file 'rl_interfaces.egg-info/SOURCES.txt'
[0.233s] writing manifest file 'rl_interfaces.egg-info/SOURCES.txt'
[0.251s] [100%] Built target ament_cmake_python_build_rl_interfaces_egg
[0.261s] Invoked command in '/home/carlos/Escritorio/TFG/code_tfg/inferencia/build/rl_interfaces' returned '0': CMAKE_PREFIX_PATH=${CMAKE_PREFIX_PATH}:/opt/ros/jazzy DEBUGINFOD_URLS=https://debuginfod.ubuntu.com /usr/bin/cmake --build /home/carlos/Escritorio/TFG/code_tfg/inferencia/build/rl_interfaces -- -j24 -l24
[0.271s] Invoking command in '/home/carlos/Escritorio/TFG/code_tfg/inferencia/build/rl_interfaces': CMAKE_PREFIX_PATH=${CMAKE_PREFIX_PATH}:/opt/ros/jazzy DEBUGINFOD_URLS=https://debuginfod.ubuntu.com /usr/bin/cmake --install /home/carlos/Escritorio/TFG/code_tfg/inferencia/build/rl_interfaces
[0.278s] -- Install configuration: ""
[0.279s] -- Execute custom install script
[0.279s] -- Up-to-date symlink: /home/carlos/Escritorio/TFG/code_tfg/inferencia/install/rl_interfaces/share/ament_index/resource_index/rosidl_interfaces/rl_interfaces
[0.280s] -- Up-to-date symlink: /home/carlos/Escritorio/TFG/code_tfg/inferencia/install/rl_interfaces/share/rl_interfaces/msg/MotionCommand.json
[0.280s] -- Up-to-date symlink: /home/carlos/Escritorio/TFG/code_tfg/inferencia/install/rl_interfaces/include/rl_interfaces/rl_interfaces/msg/detail/motion_command__functions.h
[0.280s] -- Up-to-date symlink: /home/carlos/Escritorio/TFG/code_tfg/inferencia/install/rl_interfaces/include/rl_interfaces/rl_interfaces/msg/detail/motion_command__struct.h
[0.280s] -- Up-to-date symlink: /home/carlos/Escritorio/TFG/code_tfg/inferencia/install/rl_interfaces/include/rl_interfaces/rl_interfaces/msg/detail/motion_command__type_support.h
[0.280s] -- Up-to-date symlink: /home/carlos/Escritorio/TFG/code_tfg/inferencia/install/rl_interfaces/include/rl_interfaces/rl_interfaces/msg/motion_command.h
[0.281s] -- Up-to-date symlink: /home/carlos/Escritorio/TFG/code_tfg/inferencia/install/rl_interfaces/include/rl_interfaces/rl_interfaces/msg/rosidl_generator_c__visibility_control.h
[0.281s] -- Up-to-date symlink: /home/carlos/Escritorio/TFG/code_tfg/inferencia/install/rl_interfaces/share/rl_interfaces/environment/library_path.sh
[0.281s] -- Up-to-date symlink: /home/carlos/Escritorio/TFG/code_tfg/inferencia/install/rl_interfaces/share/rl_interfaces/environment/library_path.dsv
[0.281s] -- Up-to-date symlink: /home/carlos/Escritorio/TFG/code_tfg/inferencia/install/rl_interfaces/include/rl_interfaces/rl_interfaces/msg/detail/motion_command__rosidl_typesupport_fastrtps_c.h
[0.282s] -- Up-to-date symlink: /home/carlos/Escritorio/TFG/code_tfg/inferencia/install/rl_interfaces/include/rl_interfaces/rl_interfaces/msg/rosidl_typesupport_fastrtps_c__visibility_control.h
[0.282s] -- Up-to-date symlink: /home/carlos/Escritorio/TFG/code_tfg/inferencia/install/rl_interfaces/include/rl_interfaces/rl_interfaces/msg/detail/motion_command__rosidl_typesupport_introspection_c.h
[0.282s] -- Up-to-date symlink: /home/carlos/Escritorio/TFG/code_tfg/inferencia/install/rl_interfaces/include/rl_interfaces/rl_interfaces/msg/rosidl_typesupport_introspection_c__visibility_control.h
[0.283s] -- Up-to-date symlink: /home/carlos/Escritorio/TFG/code_tfg/inferencia/install/rl_interfaces/include/rl_interfaces/rl_interfaces/msg/detail/motion_command__builder.hpp
[0.283s] -- Up-to-date symlink: /home/carlos/Escritorio/TFG/code_tfg/inferencia/install/rl_interfaces/include/rl_interfaces/rl_interfaces/msg/detail/motion_command__struct.hpp
[0.283s] -- Up-to-date symlink: /home/carlos/Escritorio/TFG/code_tfg/inferencia/install/rl_interfaces/include/rl_interfaces/rl_interfaces/msg/detail/motion_command__traits.hpp
[0.283s] -- Up-to-date symlink: /home/carlos/Escritorio/TFG/code_tfg/inferencia/install/rl_interfaces/include/rl_interfaces/rl_interfaces/msg/detail/motion_command__type_support.hpp
[0.283s] -- Up-to-date symlink: /home/carlos/Escritorio/TFG/code_tfg/inferencia/install/rl_interfaces/include/rl_interfaces/rl_interfaces/msg/motion_command.hpp
[0.283s] -- Up-to-date symlink: /home/carlos/Escritorio/TFG/code_tfg/inferencia/install/rl_interfaces/include/rl_interfaces/rl_interfaces/msg/rosidl_generator_cpp__visibility_control.hpp
[0.284s] -- Up-to-date symlink: /home/carlos/Escritorio/TFG/code_tfg/inferencia/install/rl_interfaces/include/rl_interfaces/rl_interfaces/msg/detail/motion_command__rosidl_typesupport_fastrtps_cpp.hpp
[0.284s] -- Up-to-date symlink: /home/carlos/Escritorio/TFG/code_tfg/inferencia/install/rl_interfaces/include/rl_interfaces/rl_interfaces/msg/rosidl_typesupport_fastrtps_cpp__visibility_control.h
[0.285s] -- Up-to-date symlink: /home/carlos/Escritorio/TFG/code_tfg/inferencia/install/rl_interfaces/include/rl_interfaces/rl_interfaces/msg/detail/motion_command__rosidl_typesupport_introspection_cpp.hpp
[0.285s] -- Up-to-date symlink: /home/carlos/Escritorio/TFG/code_tfg/inferencia/install/rl_interfaces/share/rl_interfaces/environment/pythonpath.sh
[0.285s] -- Up-to-date symlink: /home/carlos/Escritorio/TFG/code_tfg/inferencia/install/rl_interfaces/share/rl_interfaces/environment/pythonpath.dsv
[0.286s] -- Up-to-date symlink: /home/carlos/Escritorio/TFG/code_tfg/inferencia/install/rl_interfaces/lib/python3.12/site-packages/rl_interfaces-0.0.0-py3.12.egg-info/PKG-INFO
[0.286s] -- Up-to-date symlink: /home/carlos/Escritorio/TFG/code_tfg/inferencia/install/rl_interfaces/lib/python3.12/site-packages/rl_interfaces-0.0.0-py3.12.egg-info/SOURCES.txt
[0.286s] -- Up-to-date symlink: /home/carlos/Escritorio/TFG/code_tfg/inferencia/install/rl_interfaces/lib/python3.12/site-packages/rl_interfaces-0.0.0-py3.12.egg-info/dependency_links.txt
[0.286s] -- Up-to-date symlink: /home/carlos/Escritorio/TFG/code_tfg/inferencia/install/rl_interfaces/lib/python3.12/site-packages/rl_interfaces-0.0.0-py3.12.egg-info/top_level.txt
[0.287s] -- Up-to-date symlink: /home/carlos/Escritorio/TFG/code_tfg/inferencia/install/rl_interfaces/lib/python3.12/site-packages/rl_interfaces/__init__.py
[0.287s] -- Up-to-date symlink: /home/carlos/Escritorio/TFG/code_tfg/inferencia/install/rl_interfaces/lib/python3.12/site-packages/rl_interfaces/_rl_interfaces_s.ep.rosidl_typesupport_c.c
[0.287s] -- Up-to-date symlink: /home/carlos/Escritorio/TFG/code_tfg/inferencia/install/rl_interfaces/lib/python3.12/site-packages/rl_interfaces/_rl_interfaces_s.ep.rosidl_typesupport_fastrtps_c.c
[0.288s] -- Up-to-date symlink: /home/carlos/Escritorio/TFG/code_tfg/inferencia/install/rl_interfaces/lib/python3.12/site-packages/rl_interfaces/_rl_interfaces_s.ep.rosidl_typesupport_introspection_c.c
[0.288s] -- Up-to-date symlink: /home/carlos/Escritorio/TFG/code_tfg/inferencia/install/rl_interfaces/lib/python3.12/site-packages/rl_interfaces/msg/__init__.py
[0.288s] -- Up-to-date symlink: /home/carlos/Escritorio/TFG/code_tfg/inferencia/install/rl_interfaces/lib/python3.12/site-packages/rl_interfaces/msg/_motion_command.py
[0.288s] -- Up-to-date symlink: /home/carlos/Escritorio/TFG/code_tfg/inferencia/install/rl_interfaces/lib/python3.12/site-packages/rl_interfaces/msg/_motion_command_s.c
[0.288s] -- Up-to-date symlink: /home/carlos/Escritorio/TFG/code_tfg/inferencia/install/rl_interfaces/lib/python3.12/site-packages/rl_interfaces/rl_interfaces_s__rosidl_typesupport_c.so
[0.288s] -- Up-to-date symlink: /home/carlos/Escritorio/TFG/code_tfg/inferencia/install/rl_interfaces/lib/python3.12/site-packages/rl_interfaces/rl_interfaces_s__rosidl_typesupport_fastrtps_c.so
[0.288s] -- Up-to-date symlink: /home/carlos/Escritorio/TFG/code_tfg/inferencia/install/rl_interfaces/lib/python3.12/site-packages/rl_interfaces/rl_interfaces_s__rosidl_typesupport_introspection_c.so
[0.288s] -- Up-to-date symlink: /home/carlos/Escritorio/TFG/code_tfg/inferencia/install/rl_interfaces/lib/python3.12/site-packages/rl_interfaces/rl_interfaces_s__rosidl_typesupport_fastrtps_c.so
[0.289s] -- Up-to-date symlink: /home/carlos/Escritorio/TFG/code_tfg/inferencia/install/rl_interfaces/lib/python3.12/site-packages/rl_interfaces/rl_interfaces_s__rosidl_typesupport_introspection_c.so
[0.289s] -- Up-to-date symlink: /home/carlos/Escritorio/TFG/code_tfg/inferencia/install/rl_interfaces/lib/python3.12/site-packages/rl_interfaces/rl_interfaces_s__rosidl_typesupport_c.so
[0.289s] -- Up-to-date symlink: /home/carlos/Escritorio/TFG/code_tfg/inferencia/install/rl_interfaces/share/ament_index/resource_index/rust_packages/rl_interfaces
[0.290s] -- Up-to-date symlink: /home/carlos/Escritorio/TFG/code_tfg/inferencia/install/rl_interfaces/share/rl_interfaces/rust/Cargo.toml
[0.290s] -- Up-to-date symlink: /home/carlos/Escritorio/TFG/code_tfg/inferencia/install/rl_interfaces/share/rl_interfaces/rust/build.rs
[0.290s] -- Up-to-date symlink: /home/carlos/Escritorio/TFG/code_tfg/inferencia/install/rl_interfaces/share/rl_interfaces/rust/src/lib.rs
[0.290s] -- Up-to-date symlink: /home/carlos/Escritorio/TFG/code_tfg/inferencia/install/rl_interfaces/share/rl_interfaces/rust/src/msg.rs
[0.290s] -- Up-to-date symlink: /home/carlos/Escritorio/TFG/code_tfg/inferencia/install/rl_interfaces/share/rl_interfaces/rust/src/msg/rmw.rs
[0.290s] -- Up-to-date symlink: /home/carlos/Escritorio/TFG/code_tfg/inferencia/install/rl_interfaces/share/rl_interfaces/msg/MotionCommand.idl
[0.290s] -- Up-to-date symlink: /home/carlos/Escritorio/TFG/code_tfg/inferencia/install/rl_interfaces/share/rl_interfaces/msg/MotionCommand.msg
[0.291s] -- Up-to-date symlink: /home/carlos/Escritorio/TFG/code_tfg/inferencia/install/rl_interfaces/share/ament_index/resource_index/package_run_dependencies/rl_interfaces
[0.291s] -- Up-to-date symlink: /home/carlos/Escritorio/TFG/code_tfg/inferencia/install/rl_interfaces/share/ament_index/resource_index/parent_prefix_path/rl_interfaces
[0.291s] -- Up-to-date symlink: /home/carlos/Escritorio/TFG/code_tfg/inferencia/install/rl_interfaces/share/rl_interfaces/environment/ament_prefix_path.sh
[0.291s] -- Up-to-date symlink: /home/carlos/Escritorio/TFG/code_tfg/inferencia/install/rl_interfaces/share/rl_interfaces/environment/ament_prefix_path.dsv
[0.291s] -- Up-to-date symlink: /home/carlos/Escritorio/TFG/code_tfg/inferencia/install/rl_interfaces/share/rl_interfaces/environment/path.sh
[0.291s] -- Up-to-date symlink: /home/carlos/Escritorio/TFG/code_tfg/inferencia/install/rl_interfaces/share/rl_interfaces/environment/path.dsv
[0.291s] -- Up-to-date symlink: /home/carlos/Escritorio/TFG/code_tfg/inferencia/install/rl_interfaces/share/rl_interfaces/local_setup.bash
[0.291s] -- Up-to-date symlink: /home/carlos/Escritorio/TFG/code_tfg/inferencia/install/rl_interfaces/share/rl_interfaces/local_setup.sh
[0.292s] -- Up-to-date symlink: /home/carlos/Escritorio/TFG/code_tfg/inferencia/install/rl_interfaces/share/rl_interfaces/local_setup.zsh
[0.292s] -- Up-to-date symlink: /home/carlos/Escritorio/TFG/code_tfg/inferencia/install/rl_interfaces/share/rl_interfaces/local_setup.dsv
[0.292s] -- Symlinking: /home/carlos/Escritorio/TFG/code_tfg/inferencia/install/rl_interfaces/share/rl_interfaces/package.dsv
[0.299s] -- Up-to-date symlink: /home/carlos/Escritorio/TFG/code_tfg/inferencia/install/rl_interfaces/share/ament_index/resource_index/packages/rl_interfaces
[0.299s] -- Up-to-date symlink: /home/carlos/Escritorio/TFG/code_tfg/inferencia/install/rl_interfaces/share/rl_interfaces/cmake/rosidl_cmake-extras.cmake
[0.299s] -- Up-to-date symlink: /home/carlos/Escritorio/TFG/code_tfg/inferencia/install/rl_interfaces/share/rl_interfaces/cmake/ament_cmake_export_include_directories-extras.cmake
[0.300s] -- Up-to-date symlink: /home/carlos/Escritorio/TFG/code_tfg/inferencia/install/rl_interfaces/share/rl_interfaces/cmake/ament_cmake_export_libraries-extras.cmake
[0.300s] -- Up-to-date symlink: /home/carlos/Escritorio/TFG/code_tfg/inferencia/install/rl_interfaces/share/rl_interfaces/cmake/ament_cmake_export_targets-extras.cmake
[0.300s] -- Up-to-date symlink: /home/carlos/Escritorio/TFG/code_tfg/inferencia/install/rl_interfaces/share/rl_interfaces/cmake/rosidl_cmake_export_typesupport_targets-extras.cmake
[0.300s] -- Up-to-date symlink: /home/carlos/Escritorio/TFG/code_tfg/inferencia/install/rl_interfaces/share/rl_interfaces/cmake/ament_cmake_export_dependencies-extras.cmake
[0.300s] -- Up-to-date symlink: /home/carlos/Escritorio/TFG/code_tfg/inferencia/install/rl_interfaces/share/rl_interfaces/cmake/rosidl_cmake_export_typesupport_libraries-extras.cmake
[0.301s] -- Up-to-date symlink: /home/carlos/Escritorio/TFG/code_tfg/inferencia/install/rl_interfaces/share/rl_interfaces/cmake/rl_interfacesConfig.cmake
[0.301s] -- Up-to-date symlink: /home/carlos/Escritorio/TFG/code_tfg/inferencia/install/rl_interfaces/share/rl_interfaces/cmake/rl_interfacesConfig-version.cmake
[0.301s] -- Up-to-date symlink: /home/carlos/Escritorio/TFG/code_tfg/inferencia/install/rl_interfaces/share/rl_interfaces/package.xml
[0.301s] -- Up-to-date: /home/carlos/Escritorio/TFG/code_tfg/inferencia/install/rl_interfaces/lib/librl_interfaces__rosidl_generator_c.so
[0.301s] -- Up-to-date: /home/carlos/Escritorio/TFG/code_tfg/inferencia/install/rl_interfaces/lib/librl_interfaces__rosidl_typesupport_fastrtps_c.so
[0.302s] -- Up-to-date: /home/carlos/Escritorio/TFG/code_tfg/inferencia/install/rl_interfaces/lib/librl_interfaces__rosidl_typesupport_introspection_c.so
[0.302s] -- Up-to-date: /home/carlos/Escritorio/TFG/code_tfg/inferencia/install/rl_interfaces/lib/librl_interfaces__rosidl_typesupport_c.so
[0.302s] -- Up-to-date: /home/carlos/Escritorio/TFG/code_tfg/inferencia/install/rl_interfaces/lib/librl_interfaces__rosidl_typesupport_fastrtps_cpp.so
[0.302s] -- Up-to-date: /home/carlos/Escritorio/TFG/code_tfg/inferencia/install/rl_interfaces/lib/librl_interfaces__rosidl_typesupport_introspection_cpp.so
[0.303s] -- Up-to-date: /home/carlos/Escritorio/TFG/code_tfg/inferencia/install/rl_interfaces/lib/librl_interfaces__rosidl_typesupport_cpp.so
[0.346s] Listing '/home/carlos/Escritorio/TFG/code_tfg/inferencia/install/rl_interfaces/lib/python3.12/site-packages/rl_interfaces'...
[0.346s] Listing '/home/carlos/Escritorio/TFG/code_tfg/inferencia/install/rl_interfaces/lib/python3.12/site-packages/rl_interfaces/msg'...
[0.349s] -- Up-to-date: /home/carlos/Escritorio/TFG/code_tfg/inferencia/install/rl_interfaces/lib/librl_interfaces__rosidl_generator_py.so
[0.349s] -- Up-to-date: /home/carlos/Escritorio/TFG/code_tfg/inferencia/install/rl_interfaces/share/rl_interfaces/cmake/export_rl_interfaces__rosidl_generator_cExport.cmake
[0.349s] -- Up-to-date: /home/carlos/Escritorio/TFG/code_tfg/inferencia/install/rl_interfaces/share/rl_interfaces/cmake/export_rl_interfaces__rosidl_generator_cExport-noconfig.cmake
[0.349s] -- Up-to-date: /home/carlos/Escritorio/TFG/code_tfg/inferencia/install/rl_interfaces/share/rl_interfaces/cmake/export_rl_interfaces__rosidl_typesupport_fastrtps_cExport.cmake
[0.350s] -- Up-to-date: /home/carlos/Escritorio/TFG/code_tfg/inferencia/install/rl_interfaces/share/rl_interfaces/cmake/export_rl_interfaces__rosidl_typesupport_fastrtps_cExport-noconfig.cmake
[0.350s] -- Up-to-date: /home/carlos/Escritorio/TFG/code_tfg/inferencia/install/rl_interfaces/share/rl_interfaces/cmake/rl_interfaces__rosidl_typesupport_introspection_cExport.cmake
[0.350s] -- Up-to-date: /home/carlos/Escritorio/TFG/code_tfg/inferencia/install/rl_interfaces/share/rl_interfaces/cmake/rl_interfaces__rosidl_typesupport_introspection_cExport-noconfig.cmake
[0.350s] -- Up-to-date: /home/carlos/Escritorio/TFG/code_tfg/inferencia/install/rl_interfaces/share/rl_interfaces/cmake/rl_interfaces__rosidl_typesupport_cExport.cmake
[0.350s] -- Up-to-date: /home/carlos/Escritorio/TFG/code_tfg/inferencia/install/rl_interfaces/share/rl_interfaces/cmake/rl_interfaces__rosidl_typesupport_cExport-noconfig.cmake
[0.350s] -- Up-to-date: /home/carlos/Escritorio/TFG/code_tfg/inferencia/install/rl_interfaces/share/rl_interfaces/cmake/export_rl_interfaces__rosidl_generator_cppExport.cmake
[0.350s] -- Up-to-date: /home/carlos/Escritorio/TFG/code_tfg/inferencia/install/rl_interfaces/share/rl_interfaces/cmake/export_rl_interfaces__rosidl_typesupport_fastrtps_cppExport.cmake
[0.350s] -- Up-to-date: /home/carlos/Escritorio/TFG/code_tfg/inferencia/install/rl_interfaces/share/rl_interfaces/cmake/export_rl_interfaces__rosidl_typesupport_fastrtps_cppExport-noconfig.cmake
[0.350s] -- Up-to-date: /home/carlos/Escritorio/TFG/code_tfg/inferencia/install/rl_interfaces/share/rl_interfaces/cmake/rl_interfaces__rosidl_typesupport_introspection_cppExport.cmake
[0.350s] -- Up-to-date: /home/carlos/Escritorio/TFG/code_tfg/inferencia/install/rl_interfaces/share/rl_interfaces/cmake/rl_interfaces__rosidl_typesupport_introspection_cppExport-noconfig.cmake
[0.350s] -- Up-to-date: /home/carlos/Escritorio/TFG/code_tfg/inferencia/install/rl_interfaces/share/rl_interfaces/cmake/rl_interfaces__rosidl_typesupport_cppExport.cmake
[0.350s] -- Up-to-date: /home/carlos/Escritorio/TFG/code_tfg/inferencia/install/rl_interfaces/share/rl_interfaces/cmake/rl_interfaces__rosidl_typesupport_cppExport-noconfig.cmake
[0.350s] -- Up-to-date: /home/carlos/Escritorio/TFG/code_tfg/inferencia/install/rl_interfaces/share/rl_interfaces/cmake/export_rl_interfaces__rosidl_generator_pyExport.cmake
[0.350s] -- Up-to-date: /home/carlos/Escritorio/TFG/code_tfg/inferencia/install/rl_interfaces/share/rl_interfaces/cmake/export_rl_interfaces__rosidl_generator_pyExport-noconfig.cmake
[0.352s] Invoked command in '/home/carlos/Escritorio/TFG/code_tfg/inferencia/build/rl_interfaces' returned '0': CMAKE_PREFIX_PATH=${CMAKE_PREFIX_PATH}:/opt/ros/jazzy DEBUGINFOD_URLS=https://debuginfod.ubuntu.com /usr/bin/cmake --install /home/carlos/Escritorio/TFG/code_tfg/inferencia/build/rl_interfaces
