[0.008s] Invoking command in '/home/carlos/Escritorio/TFG/code_tfg/inferencia/build/rl_interfaces': CMAKE_PREFIX_PATH=${CMAKE_PREFIX_PATH}:/opt/ros/jazzy DEBUGINFOD_URLS=https://debuginfod.ubuntu.com /usr/bin/cmake /home/carlos/Escritorio/TFG/code_tfg/inferencia/src/rl_interfaces -DAMENT_CMAKE_SYMLINK_INSTALL=1 -DCMAKE_INSTALL_PREFIX=/home/carlos/Escritorio/TFG/code_tfg/inferencia/install/rl_interfaces
[0.136s] -- The C compiler identification is GNU 13.3.0
[0.233s] -- The CXX compiler identification is GNU 13.3.0
[0.252s] -- Detecting C compiler ABI info
[0.331s] -- Detecting C compiler ABI info - done
[0.337s] -- Check for working C compiler: /usr/bin/cc - skipped
[0.338s] -- Detecting C compile features
[0.338s] -- Detecting C compile features - done
[0.348s] -- Detecting CXX compiler ABI info
[0.431s] -- Detecting CXX compiler ABI info - done
[0.438s] -- Check for working CXX compiler: /usr/bin/c++ - skipped
[0.438s] -- Detecting CXX compile features
[0.438s] -- Detecting CXX compile features - done
[0.446s] -- Found ament_cmake: 2.5.6 (/opt/ros/jazzy/share/ament_cmake/cmake)
[0.583s] -- Found Python3: /usr/bin/python3 (found version "3.12.3") found components: Interpreter 
[0.646s] -- Override CMake install command with custom implementation using symlinks instead of copying resources
[0.684s] -- Found rosidl_default_generators: 1.6.0 (/opt/ros/jazzy/share/rosidl_default_generators/cmake)
[0.692s] -- Using all available rosidl_typesupport_c: rosidl_typesupport_fastrtps_c;rosidl_typesupport_introspection_c
[0.751s] -- Using all available rosidl_typesupport_cpp: rosidl_typesupport_fastrtps_cpp;rosidl_typesupport_introspection_cpp
[0.799s] -- Found rosidl_adapter: 4.6.7 (/opt/ros/jazzy/share/rosidl_adapter/cmake)
[1.258s] -- Found ament_cmake_ros: 0.12.0 (/opt/ros/jazzy/share/ament_cmake_ros/cmake)
[1.592s] -- Using all available rosidl_typesupport_c: rosidl_typesupport_fastrtps_c;rosidl_typesupport_introspection_c
[1.975s] -- Using all available rosidl_typesupport_cpp: rosidl_typesupport_fastrtps_cpp;rosidl_typesupport_introspection_cpp
[1.979s] -- Found python_cmake_module: 0.11.1 (/opt/ros/jazzy/share/python_cmake_module/cmake)
[2.073s] -- Found PythonExtra: /usr/bin/python3  
[2.435s] -- Found Python3: /usr/bin/python3 (found version "3.12.3") found components: Interpreter Development NumPy Development.Module Development.Embed 
[2.489s] -- Found Python3: /usr/bin/python3 (found version "3.12.3") found components: Interpreter 
[2.492s] -- Found ament_lint_auto: 0.17.5 (/opt/ros/jazzy/share/ament_lint_auto/cmake)
[2.522s] -- Added test 'lint_cmake' to check CMake code style
[2.523s] -- Added test 'xmllint' to check XML markup files
[2.528s] -- Configuring done (2.5s)
[2.559s] -- Generating done (0.0s)
[2.571s] -- Build files have been written to: /home/carlos/Escritorio/TFG/code_tfg/inferencia/build/rl_interfaces
[2.578s] Invoked command in '/home/carlos/Escritorio/TFG/code_tfg/inferencia/build/rl_interfaces' returned '0': CMAKE_PREFIX_PATH=${CMAKE_PREFIX_PATH}:/opt/ros/jazzy DEBUGINFOD_URLS=https://debuginfod.ubuntu.com /usr/bin/cmake /home/carlos/Escritorio/TFG/code_tfg/inferencia/src/rl_interfaces -DAMENT_CMAKE_SYMLINK_INSTALL=1 -DCMAKE_INSTALL_PREFIX=/home/carlos/Escritorio/TFG/code_tfg/inferencia/install/rl_interfaces
[2.579s] Invoking command in '/home/carlos/Escritorio/TFG/code_tfg/inferencia/build/rl_interfaces': CMAKE_PREFIX_PATH=${CMAKE_PREFIX_PATH}:/opt/ros/jazzy DEBUGINFOD_URLS=https://debuginfod.ubuntu.com /usr/bin/cmake --build /home/carlos/Escritorio/TFG/code_tfg/inferencia/build/rl_interfaces -- -j24 -l24
[2.616s] [  2%] [34m[1mGenerating type hashes for ROS interfaces[0m
[2.617s] [  5%] [34m[1mGenerating Rust code for ROS interfaces[0m
[2.625s] [  5%] Built target ament_cmake_python_symlink_rl_interfaces
[2.749s] [  5%] Built target rl_interfaces__rs
[2.758s] [  5%] Built target rl_interfaces__rosidl_generator_type_description
[2.767s] [  8%] [34m[1mGenerating C code for ROS interfaces[0m
[2.776s] [ 11%] [34m[1mGenerating C++ code for ROS interfaces[0m
[2.788s] running egg_info
[2.804s] creating rl_interfaces.egg-info
[2.804s] writing rl_interfaces.egg-info/PKG-INFO
[2.804s] writing dependency_links to rl_interfaces.egg-info/dependency_links.txt
[2.804s] writing top-level names to rl_interfaces.egg-info/top_level.txt
[2.804s] writing manifest file 'rl_interfaces.egg-info/SOURCES.txt'
[2.851s] reading manifest file 'rl_interfaces.egg-info/SOURCES.txt'
[2.851s] writing manifest file 'rl_interfaces.egg-info/SOURCES.txt'
[2.871s] [ 11%] Built target ament_cmake_python_build_rl_interfaces_egg
[2.908s] [ 11%] Built target rl_interfaces__cpp
[2.916s] [ 20%] [32mBuilding C object CMakeFiles/rl_interfaces__rosidl_generator_c.dir/rosidl_generator_c/rl_interfaces/msg/detail/motion_command__functions.c.o[0m
[2.916s] [ 20%] [32mBuilding C object CMakeFiles/rl_interfaces__rosidl_generator_c.dir/rosidl_generator_c/rl_interfaces/msg/detail/motion_command__type_support.c.o[0m
[2.916s] [ 20%] [32mBuilding C object CMakeFiles/rl_interfaces__rosidl_generator_c.dir/rosidl_generator_c/rl_interfaces/msg/detail/motion_command__description.c.o[0m
[2.967s] [ 22%] [32m[1mLinking C shared library librl_interfaces__rosidl_generator_c.so[0m
[2.994s] [ 22%] Built target rl_interfaces__rosidl_generator_c
[3.001s] [ 31%] [34m[1mGenerating C++ type support for eProsima Fast-RTPS[0m
[3.001s] [ 31%] [34m[1mGenerating C introspection for ROS interfaces[0m
[3.001s] [ 31%] [34m[1mGenerating C type support dispatch for ROS interfaces[0m
[3.003s] [ 34%] [34m[1mGenerating C++ type support dispatch for ROS interfaces[0m
[3.003s] [ 37%] [34m[1mGenerating C type support for eProsima Fast-RTPS[0m
[3.003s] [ 40%] [34m[1mGenerating C++ introspection for ROS interfaces[0m
[3.139s] [ 42%] [32mBuilding CXX object CMakeFiles/rl_interfaces__rosidl_typesupport_c.dir/rosidl_typesupport_c/rl_interfaces/msg/motion_command__type_support.cpp.o[0m
[3.144s] [ 45%] [32mBuilding CXX object CMakeFiles/rl_interfaces__rosidl_typesupport_cpp.dir/rosidl_typesupport_cpp/rl_interfaces/msg/motion_command__type_support.cpp.o[0m
[3.154s] [ 48%] [32mBuilding C object CMakeFiles/rl_interfaces__rosidl_typesupport_introspection_c.dir/rosidl_typesupport_introspection_c/rl_interfaces/msg/detail/motion_command__type_support.c.o[0m
[3.156s] [ 51%] [32mBuilding CXX object CMakeFiles/rl_interfaces__rosidl_typesupport_fastrtps_cpp.dir/rosidl_typesupport_fastrtps_cpp/rl_interfaces/msg/detail/dds_fastrtps/motion_command__type_support.cpp.o[0m
[3.166s] [ 57%] [32mBuilding CXX object CMakeFiles/rl_interfaces__rosidl_typesupport_introspection_cpp.dir/rosidl_typesupport_introspection_cpp/rl_interfaces/msg/detail/motion_command__type_support.cpp.o[0m
[3.166s] [ 57%] [32mBuilding CXX object CMakeFiles/rl_interfaces__rosidl_typesupport_fastrtps_c.dir/rosidl_typesupport_fastrtps_c/rl_interfaces/msg/detail/motion_command__type_support_c.cpp.o[0m
[3.174s] [ 60%] [32m[1mLinking CXX shared library librl_interfaces__rosidl_typesupport_c.so[0m
[3.190s] [ 62%] [32m[1mLinking C shared library librl_interfaces__rosidl_typesupport_introspection_c.so[0m
[3.207s] [ 62%] Built target rl_interfaces__rosidl_typesupport_c
[3.215s] [ 62%] Built target rl_interfaces__rosidl_typesupport_introspection_c
[3.341s] [ 65%] [32m[1mLinking CXX shared library librl_interfaces__rosidl_typesupport_cpp.so[0m
[3.376s] [ 65%] Built target rl_interfaces__rosidl_typesupport_cpp
[3.403s] [ 68%] [32m[1mLinking CXX shared library librl_interfaces__rosidl_typesupport_introspection_cpp.so[0m
[3.446s] [ 71%] [32m[1mLinking CXX shared library librl_interfaces__rosidl_typesupport_fastrtps_c.so[0m
[3.454s] [ 71%] Built target rl_interfaces__rosidl_typesupport_introspection_cpp
[3.470s] [ 74%] [32m[1mLinking CXX shared library librl_interfaces__rosidl_typesupport_fastrtps_cpp.so[0m
[3.479s] [ 74%] Built target rl_interfaces__rosidl_typesupport_fastrtps_c
[3.516s] [ 74%] Built target rl_interfaces__rosidl_typesupport_fastrtps_cpp
[3.533s] [ 74%] Built target rl_interfaces
[3.548s] [ 77%] [34m[1mGenerating Python code for ROS interfaces[0m
[3.710s] [ 77%] Built target rl_interfaces__py
[3.728s] [ 80%] [32mBuilding C object CMakeFiles/rl_interfaces__rosidl_generator_py.dir/rosidl_generator_py/rl_interfaces/msg/_motion_command_s.c.o[0m
[3.862s] [ 82%] [32m[1mLinking C shared library librl_interfaces__rosidl_generator_py.so[0m
[3.895s] [ 82%] Built target rl_interfaces__rosidl_generator_py
[3.913s] [ 85%] [32mBuilding C object CMakeFiles/rl_interfaces_s__rosidl_typesupport_c.dir/rosidl_generator_py/rl_interfaces/_rl_interfaces_s.ep.rosidl_typesupport_c.c.o[0m
[3.913s] [ 91%] [32mBuilding C object CMakeFiles/rl_interfaces_s__rosidl_typesupport_fastrtps_c.dir/rosidl_generator_py/rl_interfaces/_rl_interfaces_s.ep.rosidl_typesupport_fastrtps_c.c.o[0m
[3.913s] [ 91%] [32mBuilding C object CMakeFiles/rl_interfaces_s__rosidl_typesupport_introspection_c.dir/rosidl_generator_py/rl_interfaces/_rl_interfaces_s.ep.rosidl_typesupport_introspection_c.c.o[0m
[3.976s] [100%] [32m[1mLinking C shared module rosidl_generator_py/rl_interfaces/rl_interfaces_s__rosidl_typesupport_introspection_c.so[0m
[3.976s] [100%] [32m[1mLinking C shared module rosidl_generator_py/rl_interfaces/rl_interfaces_s__rosidl_typesupport_c.so[0m
[3.976s] [100%] [32m[1mLinking C shared module rosidl_generator_py/rl_interfaces/rl_interfaces_s__rosidl_typesupport_fastrtps_c.so[0m
[4.002s] [100%] Built target rl_interfaces_s__rosidl_typesupport_c
[4.002s] [100%] Built target rl_interfaces_s__rosidl_typesupport_introspection_c
[4.002s] [100%] Built target rl_interfaces_s__rosidl_typesupport_fastrtps_c
[4.012s] Invoked command in '/home/carlos/Escritorio/TFG/code_tfg/inferencia/build/rl_interfaces' returned '0': CMAKE_PREFIX_PATH=${CMAKE_PREFIX_PATH}:/opt/ros/jazzy DEBUGINFOD_URLS=https://debuginfod.ubuntu.com /usr/bin/cmake --build /home/carlos/Escritorio/TFG/code_tfg/inferencia/build/rl_interfaces -- -j24 -l24
[4.019s] Invoking command in '/home/carlos/Escritorio/TFG/code_tfg/inferencia/build/rl_interfaces': CMAKE_PREFIX_PATH=${CMAKE_PREFIX_PATH}:/opt/ros/jazzy DEBUGINFOD_URLS=https://debuginfod.ubuntu.com /usr/bin/cmake --install /home/carlos/Escritorio/TFG/code_tfg/inferencia/build/rl_interfaces
[4.025s] -- Install configuration: ""
[4.025s] -- Execute custom install script
[4.026s] -- Symlinking: /home/carlos/Escritorio/TFG/code_tfg/inferencia/install/rl_interfaces/share/ament_index/resource_index/rosidl_interfaces/rl_interfaces
[4.033s] -- Symlinking: /home/carlos/Escritorio/TFG/code_tfg/inferencia/install/rl_interfaces/share/rl_interfaces/msg/MotionCommand.json
[4.041s] -- Symlinking: /home/carlos/Escritorio/TFG/code_tfg/inferencia/install/rl_interfaces/include/rl_interfaces/rl_interfaces/msg/detail/motion_command__functions.h
[4.046s] -- Symlinking: /home/carlos/Escritorio/TFG/code_tfg/inferencia/install/rl_interfaces/include/rl_interfaces/rl_interfaces/msg/detail/motion_command__struct.h
[4.052s] -- Symlinking: /home/carlos/Escritorio/TFG/code_tfg/inferencia/install/rl_interfaces/include/rl_interfaces/rl_interfaces/msg/detail/motion_command__type_support.h
[4.059s] -- Symlinking: /home/carlos/Escritorio/TFG/code_tfg/inferencia/install/rl_interfaces/include/rl_interfaces/rl_interfaces/msg/motion_command.h
[4.064s] -- Symlinking: /home/carlos/Escritorio/TFG/code_tfg/inferencia/install/rl_interfaces/include/rl_interfaces/rl_interfaces/msg/rosidl_generator_c__visibility_control.h
[4.070s] -- Symlinking: /home/carlos/Escritorio/TFG/code_tfg/inferencia/install/rl_interfaces/share/rl_interfaces/environment/library_path.sh
[4.076s] -- Symlinking: /home/carlos/Escritorio/TFG/code_tfg/inferencia/install/rl_interfaces/share/rl_interfaces/environment/library_path.dsv
[4.083s] -- Symlinking: /home/carlos/Escritorio/TFG/code_tfg/inferencia/install/rl_interfaces/include/rl_interfaces/rl_interfaces/msg/detail/motion_command__rosidl_typesupport_fastrtps_c.h
[4.088s] -- Symlinking: /home/carlos/Escritorio/TFG/code_tfg/inferencia/install/rl_interfaces/include/rl_interfaces/rl_interfaces/msg/rosidl_typesupport_fastrtps_c__visibility_control.h
[4.094s] -- Symlinking: /home/carlos/Escritorio/TFG/code_tfg/inferencia/install/rl_interfaces/include/rl_interfaces/rl_interfaces/msg/detail/motion_command__rosidl_typesupport_introspection_c.h
[4.101s] -- Symlinking: /home/carlos/Escritorio/TFG/code_tfg/inferencia/install/rl_interfaces/include/rl_interfaces/rl_interfaces/msg/rosidl_typesupport_introspection_c__visibility_control.h
[4.108s] -- Symlinking: /home/carlos/Escritorio/TFG/code_tfg/inferencia/install/rl_interfaces/include/rl_interfaces/rl_interfaces/msg/detail/motion_command__builder.hpp
[4.115s] -- Symlinking: /home/carlos/Escritorio/TFG/code_tfg/inferencia/install/rl_interfaces/include/rl_interfaces/rl_interfaces/msg/detail/motion_command__struct.hpp
[4.123s] -- Symlinking: /home/carlos/Escritorio/TFG/code_tfg/inferencia/install/rl_interfaces/include/rl_interfaces/rl_interfaces/msg/detail/motion_command__traits.hpp
[4.130s] -- Symlinking: /home/carlos/Escritorio/TFG/code_tfg/inferencia/install/rl_interfaces/include/rl_interfaces/rl_interfaces/msg/detail/motion_command__type_support.hpp
[4.137s] -- Symlinking: /home/carlos/Escritorio/TFG/code_tfg/inferencia/install/rl_interfaces/include/rl_interfaces/rl_interfaces/msg/motion_command.hpp
[4.143s] -- Symlinking: /home/carlos/Escritorio/TFG/code_tfg/inferencia/install/rl_interfaces/include/rl_interfaces/rl_interfaces/msg/rosidl_generator_cpp__visibility_control.hpp
[4.150s] -- Symlinking: /home/carlos/Escritorio/TFG/code_tfg/inferencia/install/rl_interfaces/include/rl_interfaces/rl_interfaces/msg/detail/motion_command__rosidl_typesupport_fastrtps_cpp.hpp
[4.158s] -- Symlinking: /home/carlos/Escritorio/TFG/code_tfg/inferencia/install/rl_interfaces/include/rl_interfaces/rl_interfaces/msg/rosidl_typesupport_fastrtps_cpp__visibility_control.h
[4.165s] -- Symlinking: /home/carlos/Escritorio/TFG/code_tfg/inferencia/install/rl_interfaces/include/rl_interfaces/rl_interfaces/msg/detail/motion_command__rosidl_typesupport_introspection_cpp.hpp
[4.172s] -- Symlinking: /home/carlos/Escritorio/TFG/code_tfg/inferencia/install/rl_interfaces/share/rl_interfaces/environment/pythonpath.sh
[4.178s] -- Symlinking: /home/carlos/Escritorio/TFG/code_tfg/inferencia/install/rl_interfaces/share/rl_interfaces/environment/pythonpath.dsv
[4.185s] -- Symlinking: /home/carlos/Escritorio/TFG/code_tfg/inferencia/install/rl_interfaces/lib/python3.12/site-packages/rl_interfaces-0.0.0-py3.12.egg-info/PKG-INFO
[4.191s] -- Symlinking: /home/carlos/Escritorio/TFG/code_tfg/inferencia/install/rl_interfaces/lib/python3.12/site-packages/rl_interfaces-0.0.0-py3.12.egg-info/SOURCES.txt
[4.197s] -- Symlinking: /home/carlos/Escritorio/TFG/code_tfg/inferencia/install/rl_interfaces/lib/python3.12/site-packages/rl_interfaces-0.0.0-py3.12.egg-info/dependency_links.txt
[4.203s] -- Symlinking: /home/carlos/Escritorio/TFG/code_tfg/inferencia/install/rl_interfaces/lib/python3.12/site-packages/rl_interfaces-0.0.0-py3.12.egg-info/top_level.txt
[4.211s] -- Symlinking: /home/carlos/Escritorio/TFG/code_tfg/inferencia/install/rl_interfaces/lib/python3.12/site-packages/rl_interfaces/__init__.py
[4.216s] -- Symlinking: /home/carlos/Escritorio/TFG/code_tfg/inferencia/install/rl_interfaces/lib/python3.12/site-packages/rl_interfaces/_rl_interfaces_s.ep.rosidl_typesupport_c.c
[4.225s] -- Symlinking: /home/carlos/Escritorio/TFG/code_tfg/inferencia/install/rl_interfaces/lib/python3.12/site-packages/rl_interfaces/_rl_interfaces_s.ep.rosidl_typesupport_fastrtps_c.c
[4.231s] -- Symlinking: /home/carlos/Escritorio/TFG/code_tfg/inferencia/install/rl_interfaces/lib/python3.12/site-packages/rl_interfaces/_rl_interfaces_s.ep.rosidl_typesupport_introspection_c.c
[4.238s] -- Symlinking: /home/carlos/Escritorio/TFG/code_tfg/inferencia/install/rl_interfaces/lib/python3.12/site-packages/rl_interfaces/msg/__init__.py
[4.244s] -- Symlinking: /home/carlos/Escritorio/TFG/code_tfg/inferencia/install/rl_interfaces/lib/python3.12/site-packages/rl_interfaces/msg/_motion_command.py
[4.251s] -- Symlinking: /home/carlos/Escritorio/TFG/code_tfg/inferencia/install/rl_interfaces/lib/python3.12/site-packages/rl_interfaces/msg/_motion_command_s.c
[4.255s] -- Symlinking: /home/carlos/Escritorio/TFG/code_tfg/inferencia/install/rl_interfaces/lib/python3.12/site-packages/rl_interfaces/rl_interfaces_s__rosidl_typesupport_c.so
[4.262s] -- Symlinking: /home/carlos/Escritorio/TFG/code_tfg/inferencia/install/rl_interfaces/lib/python3.12/site-packages/rl_interfaces/rl_interfaces_s__rosidl_typesupport_fastrtps_c.so
[4.269s] -- Symlinking: /home/carlos/Escritorio/TFG/code_tfg/inferencia/install/rl_interfaces/lib/python3.12/site-packages/rl_interfaces/rl_interfaces_s__rosidl_typesupport_introspection_c.so
[4.275s] -- Up-to-date symlink: /home/carlos/Escritorio/TFG/code_tfg/inferencia/install/rl_interfaces/lib/python3.12/site-packages/rl_interfaces/rl_interfaces_s__rosidl_typesupport_fastrtps_c.so
[4.276s] -- Up-to-date symlink: /home/carlos/Escritorio/TFG/code_tfg/inferencia/install/rl_interfaces/lib/python3.12/site-packages/rl_interfaces/rl_interfaces_s__rosidl_typesupport_introspection_c.so
[4.276s] -- Up-to-date symlink: /home/carlos/Escritorio/TFG/code_tfg/inferencia/install/rl_interfaces/lib/python3.12/site-packages/rl_interfaces/rl_interfaces_s__rosidl_typesupport_c.so
[4.276s] -- Symlinking: /home/carlos/Escritorio/TFG/code_tfg/inferencia/install/rl_interfaces/share/ament_index/resource_index/rust_packages/rl_interfaces
[4.281s] -- Symlinking: /home/carlos/Escritorio/TFG/code_tfg/inferencia/install/rl_interfaces/share/rl_interfaces/rust/Cargo.toml
[4.287s] -- Symlinking: /home/carlos/Escritorio/TFG/code_tfg/inferencia/install/rl_interfaces/share/rl_interfaces/rust/build.rs
[4.294s] -- Symlinking: /home/carlos/Escritorio/TFG/code_tfg/inferencia/install/rl_interfaces/share/rl_interfaces/rust/src/lib.rs
[4.300s] -- Symlinking: /home/carlos/Escritorio/TFG/code_tfg/inferencia/install/rl_interfaces/share/rl_interfaces/rust/src/msg.rs
[4.307s] -- Symlinking: /home/carlos/Escritorio/TFG/code_tfg/inferencia/install/rl_interfaces/share/rl_interfaces/rust/src/msg/rmw.rs
[4.314s] -- Symlinking: /home/carlos/Escritorio/TFG/code_tfg/inferencia/install/rl_interfaces/share/rl_interfaces/msg/MotionCommand.idl
[4.321s] -- Symlinking: /home/carlos/Escritorio/TFG/code_tfg/inferencia/install/rl_interfaces/share/rl_interfaces/msg/MotionCommand.msg
[4.326s] -- Symlinking: /home/carlos/Escritorio/TFG/code_tfg/inferencia/install/rl_interfaces/share/ament_index/resource_index/package_run_dependencies/rl_interfaces
[4.333s] -- Symlinking: /home/carlos/Escritorio/TFG/code_tfg/inferencia/install/rl_interfaces/share/ament_index/resource_index/parent_prefix_path/rl_interfaces
[4.338s] -- Symlinking: /home/carlos/Escritorio/TFG/code_tfg/inferencia/install/rl_interfaces/share/rl_interfaces/environment/ament_prefix_path.sh
[4.344s] -- Symlinking: /home/carlos/Escritorio/TFG/code_tfg/inferencia/install/rl_interfaces/share/rl_interfaces/environment/ament_prefix_path.dsv
[4.352s] -- Symlinking: /home/carlos/Escritorio/TFG/code_tfg/inferencia/install/rl_interfaces/share/rl_interfaces/environment/path.sh
[4.361s] -- Symlinking: /home/carlos/Escritorio/TFG/code_tfg/inferencia/install/rl_interfaces/share/rl_interfaces/environment/path.dsv
[4.368s] -- Symlinking: /home/carlos/Escritorio/TFG/code_tfg/inferencia/install/rl_interfaces/share/rl_interfaces/local_setup.bash
[4.373s] -- Symlinking: /home/carlos/Escritorio/TFG/code_tfg/inferencia/install/rl_interfaces/share/rl_interfaces/local_setup.sh
[4.378s] -- Symlinking: /home/carlos/Escritorio/TFG/code_tfg/inferencia/install/rl_interfaces/share/rl_interfaces/local_setup.zsh
[4.384s] -- Symlinking: /home/carlos/Escritorio/TFG/code_tfg/inferencia/install/rl_interfaces/share/rl_interfaces/local_setup.dsv
[4.390s] -- Symlinking: /home/carlos/Escritorio/TFG/code_tfg/inferencia/install/rl_interfaces/share/rl_interfaces/package.dsv
[4.396s] -- Symlinking: /home/carlos/Escritorio/TFG/code_tfg/inferencia/install/rl_interfaces/share/ament_index/resource_index/packages/rl_interfaces
[4.400s] -- Symlinking: /home/carlos/Escritorio/TFG/code_tfg/inferencia/install/rl_interfaces/share/rl_interfaces/cmake/rosidl_cmake-extras.cmake
[4.406s] -- Symlinking: /home/carlos/Escritorio/TFG/code_tfg/inferencia/install/rl_interfaces/share/rl_interfaces/cmake/ament_cmake_export_include_directories-extras.cmake
[4.411s] -- Symlinking: /home/carlos/Escritorio/TFG/code_tfg/inferencia/install/rl_interfaces/share/rl_interfaces/cmake/ament_cmake_export_libraries-extras.cmake
[4.417s] -- Symlinking: /home/carlos/Escritorio/TFG/code_tfg/inferencia/install/rl_interfaces/share/rl_interfaces/cmake/ament_cmake_export_targets-extras.cmake
[4.429s] -- Symlinking: /home/carlos/Escritorio/TFG/code_tfg/inferencia/install/rl_interfaces/share/rl_interfaces/cmake/rosidl_cmake_export_typesupport_targets-extras.cmake
[4.436s] -- Symlinking: /home/carlos/Escritorio/TFG/code_tfg/inferencia/install/rl_interfaces/share/rl_interfaces/cmake/ament_cmake_export_dependencies-extras.cmake
[4.444s] -- Symlinking: /home/carlos/Escritorio/TFG/code_tfg/inferencia/install/rl_interfaces/share/rl_interfaces/cmake/rosidl_cmake_export_typesupport_libraries-extras.cmake
[4.449s] -- Symlinking: /home/carlos/Escritorio/TFG/code_tfg/inferencia/install/rl_interfaces/share/rl_interfaces/cmake/rl_interfacesConfig.cmake
[4.455s] -- Symlinking: /home/carlos/Escritorio/TFG/code_tfg/inferencia/install/rl_interfaces/share/rl_interfaces/cmake/rl_interfacesConfig-version.cmake
[4.462s] -- Symlinking: /home/carlos/Escritorio/TFG/code_tfg/inferencia/install/rl_interfaces/share/rl_interfaces/package.xml
[4.468s] -- Installing: /home/carlos/Escritorio/TFG/code_tfg/inferencia/install/rl_interfaces/lib/librl_interfaces__rosidl_generator_c.so
[4.468s] -- Set non-toolchain portion of runtime path of "/home/carlos/Escritorio/TFG/code_tfg/inferencia/install/rl_interfaces/lib/librl_interfaces__rosidl_generator_c.so" to ""
[4.468s] -- Installing: /home/carlos/Escritorio/TFG/code_tfg/inferencia/install/rl_interfaces/lib/librl_interfaces__rosidl_typesupport_fastrtps_c.so
[4.468s] -- Set non-toolchain portion of runtime path of "/home/carlos/Escritorio/TFG/code_tfg/inferencia/install/rl_interfaces/lib/librl_interfaces__rosidl_typesupport_fastrtps_c.so" to ""
[4.468s] -- Installing: /home/carlos/Escritorio/TFG/code_tfg/inferencia/install/rl_interfaces/lib/librl_interfaces__rosidl_typesupport_introspection_c.so
[4.468s] -- Set non-toolchain portion of runtime path of "/home/carlos/Escritorio/TFG/code_tfg/inferencia/install/rl_interfaces/lib/librl_interfaces__rosidl_typesupport_introspection_c.so" to ""
[4.468s] -- Installing: /home/carlos/Escritorio/TFG/code_tfg/inferencia/install/rl_interfaces/lib/librl_interfaces__rosidl_typesupport_c.so
[4.468s] -- Set non-toolchain portion of runtime path of "/home/carlos/Escritorio/TFG/code_tfg/inferencia/install/rl_interfaces/lib/librl_interfaces__rosidl_typesupport_c.so" to ""
[4.468s] -- Installing: /home/carlos/Escritorio/TFG/code_tfg/inferencia/install/rl_interfaces/lib/librl_interfaces__rosidl_typesupport_fastrtps_cpp.so
[4.469s] -- Set non-toolchain portion of runtime path of "/home/carlos/Escritorio/TFG/code_tfg/inferencia/install/rl_interfaces/lib/librl_interfaces__rosidl_typesupport_fastrtps_cpp.so" to ""
[4.469s] -- Installing: /home/carlos/Escritorio/TFG/code_tfg/inferencia/install/rl_interfaces/lib/librl_interfaces__rosidl_typesupport_introspection_cpp.so
[4.469s] -- Set non-toolchain portion of runtime path of "/home/carlos/Escritorio/TFG/code_tfg/inferencia/install/rl_interfaces/lib/librl_interfaces__rosidl_typesupport_introspection_cpp.so" to ""
[4.469s] -- Installing: /home/carlos/Escritorio/TFG/code_tfg/inferencia/install/rl_interfaces/lib/librl_interfaces__rosidl_typesupport_cpp.so
[4.469s] -- Set non-toolchain portion of runtime path of "/home/carlos/Escritorio/TFG/code_tfg/inferencia/install/rl_interfaces/lib/librl_interfaces__rosidl_typesupport_cpp.so" to ""
[4.498s] Listing '/home/carlos/Escritorio/TFG/code_tfg/inferencia/install/rl_interfaces/lib/python3.12/site-packages/rl_interfaces'...
[4.498s] Compiling '/home/carlos/Escritorio/TFG/code_tfg/inferencia/install/rl_interfaces/lib/python3.12/site-packages/rl_interfaces/__init__.py'...
[4.499s] Listing '/home/carlos/Escritorio/TFG/code_tfg/inferencia/install/rl_interfaces/lib/python3.12/site-packages/rl_interfaces/msg'...
[4.499s] Compiling '/home/carlos/Escritorio/TFG/code_tfg/inferencia/install/rl_interfaces/lib/python3.12/site-packages/rl_interfaces/msg/__init__.py'...
[4.499s] Compiling '/home/carlos/Escritorio/TFG/code_tfg/inferencia/install/rl_interfaces/lib/python3.12/site-packages/rl_interfaces/msg/_motion_command.py'...
[4.501s] -- Installing: /home/carlos/Escritorio/TFG/code_tfg/inferencia/install/rl_interfaces/lib/librl_interfaces__rosidl_generator_py.so
[4.502s] -- Set non-toolchain portion of runtime path of "/home/carlos/Escritorio/TFG/code_tfg/inferencia/install/rl_interfaces/lib/librl_interfaces__rosidl_generator_py.so" to ""
[4.502s] -- Installing: /home/carlos/Escritorio/TFG/code_tfg/inferencia/install/rl_interfaces/share/rl_interfaces/cmake/export_rl_interfaces__rosidl_generator_cExport.cmake
[4.502s] -- Installing: /home/carlos/Escritorio/TFG/code_tfg/inferencia/install/rl_interfaces/share/rl_interfaces/cmake/export_rl_interfaces__rosidl_generator_cExport-noconfig.cmake
[4.502s] -- Installing: /home/carlos/Escritorio/TFG/code_tfg/inferencia/install/rl_interfaces/share/rl_interfaces/cmake/export_rl_interfaces__rosidl_typesupport_fastrtps_cExport.cmake
[4.502s] -- Installing: /home/carlos/Escritorio/TFG/code_tfg/inferencia/install/rl_interfaces/share/rl_interfaces/cmake/export_rl_interfaces__rosidl_typesupport_fastrtps_cExport-noconfig.cmake
[4.502s] -- Installing: /home/carlos/Escritorio/TFG/code_tfg/inferencia/install/rl_interfaces/share/rl_interfaces/cmake/rl_interfaces__rosidl_typesupport_introspection_cExport.cmake
[4.502s] -- Installing: /home/carlos/Escritorio/TFG/code_tfg/inferencia/install/rl_interfaces/share/rl_interfaces/cmake/rl_interfaces__rosidl_typesupport_introspection_cExport-noconfig.cmake
[4.502s] -- Installing: /home/carlos/Escritorio/TFG/code_tfg/inferencia/install/rl_interfaces/share/rl_interfaces/cmake/rl_interfaces__rosidl_typesupport_cExport.cmake
[4.502s] -- Installing: /home/carlos/Escritorio/TFG/code_tfg/inferencia/install/rl_interfaces/share/rl_interfaces/cmake/rl_interfaces__rosidl_typesupport_cExport-noconfig.cmake
[4.502s] -- Installing: /home/carlos/Escritorio/TFG/code_tfg/inferencia/install/rl_interfaces/share/rl_interfaces/cmake/export_rl_interfaces__rosidl_generator_cppExport.cmake
[4.502s] -- Installing: /home/carlos/Escritorio/TFG/code_tfg/inferencia/install/rl_interfaces/share/rl_interfaces/cmake/export_rl_interfaces__rosidl_typesupport_fastrtps_cppExport.cmake
[4.502s] -- Installing: /home/carlos/Escritorio/TFG/code_tfg/inferencia/install/rl_interfaces/share/rl_interfaces/cmake/export_rl_interfaces__rosidl_typesupport_fastrtps_cppExport-noconfig.cmake
[4.502s] -- Installing: /home/carlos/Escritorio/TFG/code_tfg/inferencia/install/rl_interfaces/share/rl_interfaces/cmake/rl_interfaces__rosidl_typesupport_introspection_cppExport.cmake
[4.503s] -- Installing: /home/carlos/Escritorio/TFG/code_tfg/inferencia/install/rl_interfaces/share/rl_interfaces/cmake/rl_interfaces__rosidl_typesupport_introspection_cppExport-noconfig.cmake
[4.503s] -- Installing: /home/carlos/Escritorio/TFG/code_tfg/inferencia/install/rl_interfaces/share/rl_interfaces/cmake/rl_interfaces__rosidl_typesupport_cppExport.cmake
[4.503s] -- Installing: /home/carlos/Escritorio/TFG/code_tfg/inferencia/install/rl_interfaces/share/rl_interfaces/cmake/rl_interfaces__rosidl_typesupport_cppExport-noconfig.cmake
[4.503s] -- Installing: /home/carlos/Escritorio/TFG/code_tfg/inferencia/install/rl_interfaces/share/rl_interfaces/cmake/export_rl_interfaces__rosidl_generator_pyExport.cmake
[4.503s] -- Installing: /home/carlos/Escritorio/TFG/code_tfg/inferencia/install/rl_interfaces/share/rl_interfaces/cmake/export_rl_interfaces__rosidl_generator_pyExport-noconfig.cmake
[4.504s] Invoked command in '/home/carlos/Escritorio/TFG/code_tfg/inferencia/build/rl_interfaces' returned '0': CMAKE_PREFIX_PATH=${CMAKE_PREFIX_PATH}:/opt/ros/jazzy DEBUGINFOD_URLS=https://debuginfod.ubuntu.com /usr/bin/cmake --install /home/carlos/Escritorio/TFG/code_tfg/inferencia/build/rl_interfaces
