/home/carlos/Escritorio/TFG/code_tfg/inferencia/install/rl_package/lib/python3.12/site-packages/rl_package/torchRL_gym_nair_PPO v2.py
/home/carlos/Escritorio/TFG/code_tfg/inferencia/install/rl_package/lib/python3.12/site-packages/rl_package/listener.py
/home/carlos/Escritorio/TFG/code_tfg/inferencia/install/rl_package/lib/python3.12/site-packages/rl_package/rl_node_v5.py
/home/carlos/Escritorio/TFG/code_tfg/inferencia/install/rl_package/lib/python3.12/site-packages/rl_package/torchRL_gym_nair_PPO v1.py
/home/carlos/Escritorio/TFG/code_tfg/inferencia/install/rl_package/lib/python3.12/site-packages/rl_package/prueba1.py
/home/carlos/Escritorio/TFG/code_tfg/inferencia/install/rl_package/lib/python3.12/site-packages/rl_package/test_model_loading.py
/home/carlos/Escritorio/TFG/code_tfg/inferencia/install/rl_package/lib/python3.12/site-packages/rl_package/exo_publisher.py
/home/carlos/Escritorio/TFG/code_tfg/inferencia/install/rl_package/lib/python3.12/site-packages/rl_package/__init__.py
/home/carlos/Escritorio/TFG/code_tfg/inferencia/install/rl_package/lib/python3.12/site-packages/rl_package/aggregator v1.py
/home/carlos/Escritorio/TFG/code_tfg/inferencia/install/rl_package/lib/python3.12/site-packages/rl_package/training_ros2socket.py
/home/carlos/Escritorio/TFG/code_tfg/inferencia/install/rl_package/lib/python3.12/site-packages/rl_package/rl_node_v7.py
/home/carlos/Escritorio/TFG/code_tfg/inferencia/install/rl_package/lib/python3.12/site-packages/rl_package/myosuite_publisher.py
/home/carlos/Escritorio/TFG/code_tfg/inferencia/install/rl_package/lib/python3.12/site-packages/rl_package/aggregator.py
/home/carlos/Escritorio/TFG/code_tfg/inferencia/install/rl_package/lib/python3.12/site-packages/rl_package/rl_node.py
/home/carlos/Escritorio/TFG/code_tfg/inferencia/install/rl_package/lib/python3.12/site-packages/rl_package/exo_publisher v1.py
/home/carlos/Escritorio/TFG/code_tfg/inferencia/install/rl_package/lib/python3.12/site-packages/rl_package/myosuite_publisher v1.py
/home/carlos/Escritorio/TFG/code_tfg/inferencia/install/rl_package/lib/python3.12/site-packages/rl_package/rl_node_v6.py
/home/carlos/Escritorio/TFG/code_tfg/inferencia/install/rl_package/lib/python3.12/site-packages/rl_package/torchRL_gym_nair_PPO.py
/home/carlos/Escritorio/TFG/code_tfg/inferencia/install/rl_package/lib/python3.12/site-packages/rl_package/nair_agents.py
/home/carlos/Escritorio/TFG/code_tfg/inferencia/install/rl_package/lib/python3.12/site-packages/rl_package/rl_node_v4.py
/home/carlos/Escritorio/TFG/code_tfg/inferencia/install/rl_package/lib/python3.12/site-packages/rl_package/talker.py
/home/carlos/Escritorio/TFG/code_tfg/inferencia/install/rl_package/lib/python3.12/site-packages/rl_package/rl_node_v3.py
/home/carlos/Escritorio/TFG/code_tfg/inferencia/install/rl_package/lib/python3.12/site-packages/rl_package/rl_node_v2.py
/home/carlos/Escritorio/TFG/code_tfg/inferencia/install/rl_package/lib/python3.12/site-packages/rl_package/__pycache__/torchRL_gym_nair_PPO v2.cpython-312.pyc
/home/carlos/Escritorio/TFG/code_tfg/inferencia/install/rl_package/lib/python3.12/site-packages/rl_package/__pycache__/listener.cpython-312.pyc
/home/carlos/Escritorio/TFG/code_tfg/inferencia/install/rl_package/lib/python3.12/site-packages/rl_package/__pycache__/rl_node_v5.cpython-312.pyc
/home/carlos/Escritorio/TFG/code_tfg/inferencia/install/rl_package/lib/python3.12/site-packages/rl_package/__pycache__/torchRL_gym_nair_PPO v1.cpython-312.pyc
/home/carlos/Escritorio/TFG/code_tfg/inferencia/install/rl_package/lib/python3.12/site-packages/rl_package/__pycache__/prueba1.cpython-312.pyc
/home/carlos/Escritorio/TFG/code_tfg/inferencia/install/rl_package/lib/python3.12/site-packages/rl_package/__pycache__/test_model_loading.cpython-312.pyc
/home/carlos/Escritorio/TFG/code_tfg/inferencia/install/rl_package/lib/python3.12/site-packages/rl_package/__pycache__/exo_publisher.cpython-312.pyc
/home/carlos/Escritorio/TFG/code_tfg/inferencia/install/rl_package/lib/python3.12/site-packages/rl_package/__pycache__/__init__.cpython-312.pyc
/home/carlos/Escritorio/TFG/code_tfg/inferencia/install/rl_package/lib/python3.12/site-packages/rl_package/__pycache__/aggregator v1.cpython-312.pyc
/home/carlos/Escritorio/TFG/code_tfg/inferencia/install/rl_package/lib/python3.12/site-packages/rl_package/__pycache__/training_ros2socket.cpython-312.pyc
/home/carlos/Escritorio/TFG/code_tfg/inferencia/install/rl_package/lib/python3.12/site-packages/rl_package/__pycache__/rl_node_v7.cpython-312.pyc
/home/carlos/Escritorio/TFG/code_tfg/inferencia/install/rl_package/lib/python3.12/site-packages/rl_package/__pycache__/myosuite_publisher.cpython-312.pyc
/home/carlos/Escritorio/TFG/code_tfg/inferencia/install/rl_package/lib/python3.12/site-packages/rl_package/__pycache__/aggregator.cpython-312.pyc
/home/carlos/Escritorio/TFG/code_tfg/inferencia/install/rl_package/lib/python3.12/site-packages/rl_package/__pycache__/rl_node.cpython-312.pyc
/home/carlos/Escritorio/TFG/code_tfg/inferencia/install/rl_package/lib/python3.12/site-packages/rl_package/__pycache__/exo_publisher v1.cpython-312.pyc
/home/carlos/Escritorio/TFG/code_tfg/inferencia/install/rl_package/lib/python3.12/site-packages/rl_package/__pycache__/myosuite_publisher v1.cpython-312.pyc
/home/carlos/Escritorio/TFG/code_tfg/inferencia/install/rl_package/lib/python3.12/site-packages/rl_package/__pycache__/rl_node_v6.cpython-312.pyc
/home/carlos/Escritorio/TFG/code_tfg/inferencia/install/rl_package/lib/python3.12/site-packages/rl_package/__pycache__/torchRL_gym_nair_PPO.cpython-312.pyc
/home/carlos/Escritorio/TFG/code_tfg/inferencia/install/rl_package/lib/python3.12/site-packages/rl_package/__pycache__/nair_agents.cpython-312.pyc
/home/carlos/Escritorio/TFG/code_tfg/inferencia/install/rl_package/lib/python3.12/site-packages/rl_package/__pycache__/rl_node_v4.cpython-312.pyc
/home/carlos/Escritorio/TFG/code_tfg/inferencia/install/rl_package/lib/python3.12/site-packages/rl_package/__pycache__/talker.cpython-312.pyc
/home/carlos/Escritorio/TFG/code_tfg/inferencia/install/rl_package/lib/python3.12/site-packages/rl_package/__pycache__/rl_node_v3.cpython-312.pyc
/home/carlos/Escritorio/TFG/code_tfg/inferencia/install/rl_package/lib/python3.12/site-packages/rl_package/__pycache__/rl_node_v2.cpython-312.pyc
/home/carlos/Escritorio/TFG/code_tfg/inferencia/install/rl_package/share/ament_index/resource_index/packages/rl_package
/home/carlos/Escritorio/TFG/code_tfg/inferencia/install/rl_package/share/rl_package/package.xml
/home/carlos/Escritorio/TFG/code_tfg/inferencia/install/rl_package/lib/python3.12/site-packages/rl_package-0.0.0-py3.12.egg-info/SOURCES.txt
/home/carlos/Escritorio/TFG/code_tfg/inferencia/install/rl_package/lib/python3.12/site-packages/rl_package-0.0.0-py3.12.egg-info/requires.txt
/home/carlos/Escritorio/TFG/code_tfg/inferencia/install/rl_package/lib/python3.12/site-packages/rl_package-0.0.0-py3.12.egg-info/top_level.txt
/home/carlos/Escritorio/TFG/code_tfg/inferencia/install/rl_package/lib/python3.12/site-packages/rl_package-0.0.0-py3.12.egg-info/entry_points.txt
/home/carlos/Escritorio/TFG/code_tfg/inferencia/install/rl_package/lib/python3.12/site-packages/rl_package-0.0.0-py3.12.egg-info/zip-safe
/home/carlos/Escritorio/TFG/code_tfg/inferencia/install/rl_package/lib/python3.12/site-packages/rl_package-0.0.0-py3.12.egg-info/PKG-INFO
/home/carlos/Escritorio/TFG/code_tfg/inferencia/install/rl_package/lib/python3.12/site-packages/rl_package-0.0.0-py3.12.egg-info/dependency_links.txt
/home/carlos/Escritorio/TFG/code_tfg/inferencia/install/rl_package/lib/rl_package/aggregator
/home/carlos/Escritorio/TFG/code_tfg/inferencia/install/rl_package/lib/rl_package/exo_publisher
/home/carlos/Escritorio/TFG/code_tfg/inferencia/install/rl_package/lib/rl_package/listener
/home/carlos/Escritorio/TFG/code_tfg/inferencia/install/rl_package/lib/rl_package/myosuite_publisher
/home/carlos/Escritorio/TFG/code_tfg/inferencia/install/rl_package/lib/rl_package/rl_node
/home/carlos/Escritorio/TFG/code_tfg/inferencia/install/rl_package/lib/rl_package/rl_node_v2
/home/carlos/Escritorio/TFG/code_tfg/inferencia/install/rl_package/lib/rl_package/rl_node_v3
/home/carlos/Escritorio/TFG/code_tfg/inferencia/install/rl_package/lib/rl_package/rl_node_v4
/home/carlos/Escritorio/TFG/code_tfg/inferencia/install/rl_package/lib/rl_package/rl_node_v5
/home/carlos/Escritorio/TFG/code_tfg/inferencia/install/rl_package/lib/rl_package/rl_node_v6
/home/carlos/Escritorio/TFG/code_tfg/inferencia/install/rl_package/lib/rl_package/rl_node_v7
/home/carlos/Escritorio/TFG/code_tfg/inferencia/install/rl_package/lib/rl_package/rl_training_node
/home/carlos/Escritorio/TFG/code_tfg/inferencia/install/rl_package/lib/rl_package/talker
/home/carlos/Escritorio/TFG/code_tfg/inferencia/install/rl_package/lib/rl_package/training_ros2socket
