running egg_info
creating ../../build/rl_package/rl_package.egg-info
writing ../../build/rl_package/rl_package.egg-info/PKG-INFO
writing dependency_links to ../../build/rl_package/rl_package.egg-info/dependency_links.txt
writing entry points to ../../build/rl_package/rl_package.egg-info/entry_points.txt
writing requirements to ../../build/rl_package/rl_package.egg-info/requires.txt
writing top-level names to ../../build/rl_package/rl_package.egg-info/top_level.txt
writing manifest file '../../build/rl_package/rl_package.egg-info/SOURCES.txt'
reading manifest file '../../build/rl_package/rl_package.egg-info/SOURCES.txt'
writing manifest file '../../build/rl_package/rl_package.egg-info/SOURCES.txt'
running build
running build_py
creating /home/carlos/Escritorio/TFG/code_tfg/inferencia/build/rl_package/build
creating /home/carlos/Escritorio/TFG/code_tfg/inferencia/build/rl_package/build/lib
creating /home/carlos/Escritorio/TFG/code_tfg/inferencia/build/rl_package/build/lib/rl_package
copying rl_package/torchRL_gym_nair_PPO v2.py -> /home/carlos/Escritorio/TFG/code_tfg/inferencia/build/rl_package/build/lib/rl_package
copying rl_package/listener.py -> /home/carlos/Escritorio/TFG/code_tfg/inferencia/build/rl_package/build/lib/rl_package
copying rl_package/rl_node_v5.py -> /home/carlos/Escritorio/TFG/code_tfg/inferencia/build/rl_package/build/lib/rl_package
copying rl_package/torchRL_gym_nair_PPO v1.py -> /home/carlos/Escritorio/TFG/code_tfg/inferencia/build/rl_package/build/lib/rl_package
copying rl_package/prueba1.py -> /home/carlos/Escritorio/TFG/code_tfg/inferencia/build/rl_package/build/lib/rl_package
copying rl_package/test_model_loading.py -> /home/carlos/Escritorio/TFG/code_tfg/inferencia/build/rl_package/build/lib/rl_package
copying rl_package/exo_publisher.py -> /home/carlos/Escritorio/TFG/code_tfg/inferencia/build/rl_package/build/lib/rl_package
copying rl_package/__init__.py -> /home/carlos/Escritorio/TFG/code_tfg/inferencia/build/rl_package/build/lib/rl_package
copying rl_package/aggregator v1.py -> /home/carlos/Escritorio/TFG/code_tfg/inferencia/build/rl_package/build/lib/rl_package
copying rl_package/training_ros2socket.py -> /home/carlos/Escritorio/TFG/code_tfg/inferencia/build/rl_package/build/lib/rl_package
copying rl_package/rl_node_v7.py -> /home/carlos/Escritorio/TFG/code_tfg/inferencia/build/rl_package/build/lib/rl_package
copying rl_package/myosuite_publisher.py -> /home/carlos/Escritorio/TFG/code_tfg/inferencia/build/rl_package/build/lib/rl_package
copying rl_package/aggregator.py -> /home/carlos/Escritorio/TFG/code_tfg/inferencia/build/rl_package/build/lib/rl_package
copying rl_package/rl_node.py -> /home/carlos/Escritorio/TFG/code_tfg/inferencia/build/rl_package/build/lib/rl_package
copying rl_package/exo_publisher v1.py -> /home/carlos/Escritorio/TFG/code_tfg/inferencia/build/rl_package/build/lib/rl_package
copying rl_package/myosuite_publisher v1.py -> /home/carlos/Escritorio/TFG/code_tfg/inferencia/build/rl_package/build/lib/rl_package
copying rl_package/rl_node_v6.py -> /home/carlos/Escritorio/TFG/code_tfg/inferencia/build/rl_package/build/lib/rl_package
copying rl_package/torchRL_gym_nair_PPO.py -> /home/carlos/Escritorio/TFG/code_tfg/inferencia/build/rl_package/build/lib/rl_package
copying rl_package/nair_agents.py -> /home/carlos/Escritorio/TFG/code_tfg/inferencia/build/rl_package/build/lib/rl_package
copying rl_package/rl_node_v4.py -> /home/carlos/Escritorio/TFG/code_tfg/inferencia/build/rl_package/build/lib/rl_package
copying rl_package/talker.py -> /home/carlos/Escritorio/TFG/code_tfg/inferencia/build/rl_package/build/lib/rl_package
copying rl_package/rl_node_v3.py -> /home/carlos/Escritorio/TFG/code_tfg/inferencia/build/rl_package/build/lib/rl_package
copying rl_package/rl_node_v2.py -> /home/carlos/Escritorio/TFG/code_tfg/inferencia/build/rl_package/build/lib/rl_package
running install
running install_lib
creating /home/carlos/Escritorio/TFG/code_tfg/inferencia/install/rl_package/lib/python3.12/site-packages/rl_package
copying /home/carlos/Escritorio/TFG/code_tfg/inferencia/build/rl_package/build/lib/rl_package/torchRL_gym_nair_PPO v2.py -> /home/carlos/Escritorio/TFG/code_tfg/inferencia/install/rl_package/lib/python3.12/site-packages/rl_package
copying /home/carlos/Escritorio/TFG/code_tfg/inferencia/build/rl_package/build/lib/rl_package/listener.py -> /home/carlos/Escritorio/TFG/code_tfg/inferencia/install/rl_package/lib/python3.12/site-packages/rl_package
copying /home/carlos/Escritorio/TFG/code_tfg/inferencia/build/rl_package/build/lib/rl_package/rl_node_v5.py -> /home/carlos/Escritorio/TFG/code_tfg/inferencia/install/rl_package/lib/python3.12/site-packages/rl_package
copying /home/carlos/Escritorio/TFG/code_tfg/inferencia/build/rl_package/build/lib/rl_package/torchRL_gym_nair_PPO v1.py -> /home/carlos/Escritorio/TFG/code_tfg/inferencia/install/rl_package/lib/python3.12/site-packages/rl_package
copying /home/carlos/Escritorio/TFG/code_tfg/inferencia/build/rl_package/build/lib/rl_package/prueba1.py -> /home/carlos/Escritorio/TFG/code_tfg/inferencia/install/rl_package/lib/python3.12/site-packages/rl_package
copying /home/carlos/Escritorio/TFG/code_tfg/inferencia/build/rl_package/build/lib/rl_package/test_model_loading.py -> /home/carlos/Escritorio/TFG/code_tfg/inferencia/install/rl_package/lib/python3.12/site-packages/rl_package
copying /home/carlos/Escritorio/TFG/code_tfg/inferencia/build/rl_package/build/lib/rl_package/exo_publisher.py -> /home/carlos/Escritorio/TFG/code_tfg/inferencia/install/rl_package/lib/python3.12/site-packages/rl_package
copying /home/carlos/Escritorio/TFG/code_tfg/inferencia/build/rl_package/build/lib/rl_package/__init__.py -> /home/carlos/Escritorio/TFG/code_tfg/inferencia/install/rl_package/lib/python3.12/site-packages/rl_package
copying /home/carlos/Escritorio/TFG/code_tfg/inferencia/build/rl_package/build/lib/rl_package/aggregator v1.py -> /home/carlos/Escritorio/TFG/code_tfg/inferencia/install/rl_package/lib/python3.12/site-packages/rl_package
copying /home/carlos/Escritorio/TFG/code_tfg/inferencia/build/rl_package/build/lib/rl_package/training_ros2socket.py -> /home/carlos/Escritorio/TFG/code_tfg/inferencia/install/rl_package/lib/python3.12/site-packages/rl_package
copying /home/carlos/Escritorio/TFG/code_tfg/inferencia/build/rl_package/build/lib/rl_package/rl_node_v7.py -> /home/carlos/Escritorio/TFG/code_tfg/inferencia/install/rl_package/lib/python3.12/site-packages/rl_package
copying /home/carlos/Escritorio/TFG/code_tfg/inferencia/build/rl_package/build/lib/rl_package/myosuite_publisher.py -> /home/carlos/Escritorio/TFG/code_tfg/inferencia/install/rl_package/lib/python3.12/site-packages/rl_package
copying /home/carlos/Escritorio/TFG/code_tfg/inferencia/build/rl_package/build/lib/rl_package/aggregator.py -> /home/carlos/Escritorio/TFG/code_tfg/inferencia/install/rl_package/lib/python3.12/site-packages/rl_package
copying /home/carlos/Escritorio/TFG/code_tfg/inferencia/build/rl_package/build/lib/rl_package/rl_node.py -> /home/carlos/Escritorio/TFG/code_tfg/inferencia/install/rl_package/lib/python3.12/site-packages/rl_package
copying /home/carlos/Escritorio/TFG/code_tfg/inferencia/build/rl_package/build/lib/rl_package/exo_publisher v1.py -> /home/carlos/Escritorio/TFG/code_tfg/inferencia/install/rl_package/lib/python3.12/site-packages/rl_package
copying /home/carlos/Escritorio/TFG/code_tfg/inferencia/build/rl_package/build/lib/rl_package/myosuite_publisher v1.py -> /home/carlos/Escritorio/TFG/code_tfg/inferencia/install/rl_package/lib/python3.12/site-packages/rl_package
copying /home/carlos/Escritorio/TFG/code_tfg/inferencia/build/rl_package/build/lib/rl_package/rl_node_v6.py -> /home/carlos/Escritorio/TFG/code_tfg/inferencia/install/rl_package/lib/python3.12/site-packages/rl_package
copying /home/carlos/Escritorio/TFG/code_tfg/inferencia/build/rl_package/build/lib/rl_package/torchRL_gym_nair_PPO.py -> /home/carlos/Escritorio/TFG/code_tfg/inferencia/install/rl_package/lib/python3.12/site-packages/rl_package
copying /home/carlos/Escritorio/TFG/code_tfg/inferencia/build/rl_package/build/lib/rl_package/nair_agents.py -> /home/carlos/Escritorio/TFG/code_tfg/inferencia/install/rl_package/lib/python3.12/site-packages/rl_package
copying /home/carlos/Escritorio/TFG/code_tfg/inferencia/build/rl_package/build/lib/rl_package/rl_node_v4.py -> /home/carlos/Escritorio/TFG/code_tfg/inferencia/install/rl_package/lib/python3.12/site-packages/rl_package
copying /home/carlos/Escritorio/TFG/code_tfg/inferencia/build/rl_package/build/lib/rl_package/talker.py -> /home/carlos/Escritorio/TFG/code_tfg/inferencia/install/rl_package/lib/python3.12/site-packages/rl_package
copying /home/carlos/Escritorio/TFG/code_tfg/inferencia/build/rl_package/build/lib/rl_package/rl_node_v3.py -> /home/carlos/Escritorio/TFG/code_tfg/inferencia/install/rl_package/lib/python3.12/site-packages/rl_package
copying /home/carlos/Escritorio/TFG/code_tfg/inferencia/build/rl_package/build/lib/rl_package/rl_node_v2.py -> /home/carlos/Escritorio/TFG/code_tfg/inferencia/install/rl_package/lib/python3.12/site-packages/rl_package
byte-compiling /home/carlos/Escritorio/TFG/code_tfg/inferencia/install/rl_package/lib/python3.12/site-packages/rl_package/torchRL_gym_nair_PPO v2.py to torchRL_gym_nair_PPO v2.cpython-312.pyc
byte-compiling /home/carlos/Escritorio/TFG/code_tfg/inferencia/install/rl_package/lib/python3.12/site-packages/rl_package/listener.py to listener.cpython-312.pyc
byte-compiling /home/carlos/Escritorio/TFG/code_tfg/inferencia/install/rl_package/lib/python3.12/site-packages/rl_package/rl_node_v5.py to rl_node_v5.cpython-312.pyc
byte-compiling /home/carlos/Escritorio/TFG/code_tfg/inferencia/install/rl_package/lib/python3.12/site-packages/rl_package/torchRL_gym_nair_PPO v1.py to torchRL_gym_nair_PPO v1.cpython-312.pyc
byte-compiling /home/carlos/Escritorio/TFG/code_tfg/inferencia/install/rl_package/lib/python3.12/site-packages/rl_package/prueba1.py to prueba1.cpython-312.pyc
byte-compiling /home/carlos/Escritorio/TFG/code_tfg/inferencia/install/rl_package/lib/python3.12/site-packages/rl_package/test_model_loading.py to test_model_loading.cpython-312.pyc
byte-compiling /home/carlos/Escritorio/TFG/code_tfg/inferencia/install/rl_package/lib/python3.12/site-packages/rl_package/exo_publisher.py to exo_publisher.cpython-312.pyc
byte-compiling /home/carlos/Escritorio/TFG/code_tfg/inferencia/install/rl_package/lib/python3.12/site-packages/rl_package/__init__.py to __init__.cpython-312.pyc
byte-compiling /home/carlos/Escritorio/TFG/code_tfg/inferencia/install/rl_package/lib/python3.12/site-packages/rl_package/aggregator v1.py to aggregator v1.cpython-312.pyc
byte-compiling /home/carlos/Escritorio/TFG/code_tfg/inferencia/install/rl_package/lib/python3.12/site-packages/rl_package/training_ros2socket.py to training_ros2socket.cpython-312.pyc
byte-compiling /home/carlos/Escritorio/TFG/code_tfg/inferencia/install/rl_package/lib/python3.12/site-packages/rl_package/rl_node_v7.py to rl_node_v7.cpython-312.pyc
byte-compiling /home/carlos/Escritorio/TFG/code_tfg/inferencia/install/rl_package/lib/python3.12/site-packages/rl_package/myosuite_publisher.py to myosuite_publisher.cpython-312.pyc
byte-compiling /home/carlos/Escritorio/TFG/code_tfg/inferencia/install/rl_package/lib/python3.12/site-packages/rl_package/aggregator.py to aggregator.cpython-312.pyc
byte-compiling /home/carlos/Escritorio/TFG/code_tfg/inferencia/install/rl_package/lib/python3.12/site-packages/rl_package/rl_node.py to rl_node.cpython-312.pyc
byte-compiling /home/carlos/Escritorio/TFG/code_tfg/inferencia/install/rl_package/lib/python3.12/site-packages/rl_package/exo_publisher v1.py to exo_publisher v1.cpython-312.pyc
byte-compiling /home/carlos/Escritorio/TFG/code_tfg/inferencia/install/rl_package/lib/python3.12/site-packages/rl_package/myosuite_publisher v1.py to myosuite_publisher v1.cpython-312.pyc
byte-compiling /home/carlos/Escritorio/TFG/code_tfg/inferencia/install/rl_package/lib/python3.12/site-packages/rl_package/rl_node_v6.py to rl_node_v6.cpython-312.pyc
byte-compiling /home/carlos/Escritorio/TFG/code_tfg/inferencia/install/rl_package/lib/python3.12/site-packages/rl_package/torchRL_gym_nair_PPO.py to torchRL_gym_nair_PPO.cpython-312.pyc
byte-compiling /home/carlos/Escritorio/TFG/code_tfg/inferencia/install/rl_package/lib/python3.12/site-packages/rl_package/nair_agents.py to nair_agents.cpython-312.pyc
byte-compiling /home/carlos/Escritorio/TFG/code_tfg/inferencia/install/rl_package/lib/python3.12/site-packages/rl_package/rl_node_v4.py to rl_node_v4.cpython-312.pyc
byte-compiling /home/carlos/Escritorio/TFG/code_tfg/inferencia/install/rl_package/lib/python3.12/site-packages/rl_package/talker.py to talker.cpython-312.pyc
byte-compiling /home/carlos/Escritorio/TFG/code_tfg/inferencia/install/rl_package/lib/python3.12/site-packages/rl_package/rl_node_v3.py to rl_node_v3.cpython-312.pyc
byte-compiling /home/carlos/Escritorio/TFG/code_tfg/inferencia/install/rl_package/lib/python3.12/site-packages/rl_package/rl_node_v2.py to rl_node_v2.cpython-312.pyc
running install_data
creating /home/carlos/Escritorio/TFG/code_tfg/inferencia/install/rl_package/share/ament_index
creating /home/carlos/Escritorio/TFG/code_tfg/inferencia/install/rl_package/share/ament_index/resource_index
creating /home/carlos/Escritorio/TFG/code_tfg/inferencia/install/rl_package/share/ament_index/resource_index/packages
copying resource/rl_package -> /home/carlos/Escritorio/TFG/code_tfg/inferencia/install/rl_package/share/ament_index/resource_index/packages
copying package.xml -> /home/carlos/Escritorio/TFG/code_tfg/inferencia/install/rl_package/share/rl_package
running install_egg_info
Copying ../../build/rl_package/rl_package.egg-info to /home/carlos/Escritorio/TFG/code_tfg/inferencia/install/rl_package/lib/python3.12/site-packages/rl_package-0.0.0-py3.12.egg-info
running install_scripts
Installing aggregator script to /home/carlos/Escritorio/TFG/code_tfg/inferencia/install/rl_package/lib/rl_package
Installing exo_publisher script to /home/carlos/Escritorio/TFG/code_tfg/inferencia/install/rl_package/lib/rl_package
Installing listener script to /home/carlos/Escritorio/TFG/code_tfg/inferencia/install/rl_package/lib/rl_package
Installing myosuite_publisher script to /home/carlos/Escritorio/TFG/code_tfg/inferencia/install/rl_package/lib/rl_package
Installing rl_node script to /home/carlos/Escritorio/TFG/code_tfg/inferencia/install/rl_package/lib/rl_package
Installing rl_node_v2 script to /home/carlos/Escritorio/TFG/code_tfg/inferencia/install/rl_package/lib/rl_package
Installing rl_node_v3 script to /home/carlos/Escritorio/TFG/code_tfg/inferencia/install/rl_package/lib/rl_package
Installing rl_node_v4 script to /home/carlos/Escritorio/TFG/code_tfg/inferencia/install/rl_package/lib/rl_package
Installing rl_node_v5 script to /home/carlos/Escritorio/TFG/code_tfg/inferencia/install/rl_package/lib/rl_package
Installing rl_node_v6 script to /home/carlos/Escritorio/TFG/code_tfg/inferencia/install/rl_package/lib/rl_package
Installing rl_node_v7 script to /home/carlos/Escritorio/TFG/code_tfg/inferencia/install/rl_package/lib/rl_package
Installing rl_training_node script to /home/carlos/Escritorio/TFG/code_tfg/inferencia/install/rl_package/lib/rl_package
Installing talker script to /home/carlos/Escritorio/TFG/code_tfg/inferencia/install/rl_package/lib/rl_package
Installing training_ros2socket script to /home/carlos/Escritorio/TFG/code_tfg/inferencia/install/rl_package/lib/rl_package
writing list of installed files to '/home/carlos/Escritorio/TFG/code_tfg/inferencia/build/rl_package/install.log'
