[0.537s] Invoking command in '/home/carlos/Escritorio/TFG/code_tfg/inferencia/src/rl_package': AMENT_PREFIX_PATH=/home/carlos/Escritorio/TFG/code_tfg/inferencia/install/rl_interfaces:${AMENT_PREFIX_PATH} CMAKE_PREFIX_PATH=/home/carlos/Escritorio/TFG/code_tfg/inferencia/install/rl_interfaces:${CMAKE_PREFIX_PATH} DEBUGINFOD_URLS=https://debuginfod.ubuntu.com LD_LIBRARY_PATH=/home/carlos/Escritorio/TFG/code_tfg/inferencia/install/rl_interfaces/lib:${LD_LIBRARY_PATH} PYTHONPATH=/home/carlos/Escritorio/TFG/code_tfg/inferencia/build/rl_package/prefix_override:/usr/lib/python3/dist-packages/colcon_core/task/python/colcon_distutils_commands:/home/carlos/Escritorio/TFG/code_tfg/inferencia/install/rl_package/lib/python3.12/site-packages:/home/carlos/Escritorio/TFG/code_tfg/inferencia/install/rl_interfaces/lib/python3.12/site-packages:${PYTHONPATH} /usr/bin/python3 -W ignore:setup.py install is deprecated -W ignore:easy_install command is deprecated setup.py egg_info --egg-base ../../build/rl_package build --build-base /home/carlos/Escritorio/TFG/code_tfg/inferencia/build/rl_package/build install --record /home/carlos/Escritorio/TFG/code_tfg/inferencia/build/rl_package/install.log --single-version-externally-managed install_data
[0.667s] running egg_info
[0.667s] creating ../../build/rl_package/rl_package.egg-info
[0.675s] writing ../../build/rl_package/rl_package.egg-info/PKG-INFO
[0.675s] writing dependency_links to ../../build/rl_package/rl_package.egg-info/dependency_links.txt
[0.675s] writing entry points to ../../build/rl_package/rl_package.egg-info/entry_points.txt
[0.675s] writing requirements to ../../build/rl_package/rl_package.egg-info/requires.txt
[0.676s] writing top-level names to ../../build/rl_package/rl_package.egg-info/top_level.txt
[0.676s] writing manifest file '../../build/rl_package/rl_package.egg-info/SOURCES.txt'
[0.692s] reading manifest file '../../build/rl_package/rl_package.egg-info/SOURCES.txt'
[0.692s] writing manifest file '../../build/rl_package/rl_package.egg-info/SOURCES.txt'
[0.692s] running build
[0.692s] running build_py
[0.692s] creating /home/carlos/Escritorio/TFG/code_tfg/inferencia/build/rl_package/build
[0.692s] creating /home/carlos/Escritorio/TFG/code_tfg/inferencia/build/rl_package/build/lib
[0.693s] creating /home/carlos/Escritorio/TFG/code_tfg/inferencia/build/rl_package/build/lib/rl_package
[0.693s] copying rl_package/torchRL_gym_nair_PPO v2.py -> /home/carlos/Escritorio/TFG/code_tfg/inferencia/build/rl_package/build/lib/rl_package
[0.693s] copying rl_package/listener.py -> /home/carlos/Escritorio/TFG/code_tfg/inferencia/build/rl_package/build/lib/rl_package
[0.693s] copying rl_package/rl_node_v5.py -> /home/carlos/Escritorio/TFG/code_tfg/inferencia/build/rl_package/build/lib/rl_package
[0.693s] copying rl_package/torchRL_gym_nair_PPO v1.py -> /home/carlos/Escritorio/TFG/code_tfg/inferencia/build/rl_package/build/lib/rl_package
[0.693s] copying rl_package/prueba1.py -> /home/carlos/Escritorio/TFG/code_tfg/inferencia/build/rl_package/build/lib/rl_package
[0.693s] copying rl_package/test_model_loading.py -> /home/carlos/Escritorio/TFG/code_tfg/inferencia/build/rl_package/build/lib/rl_package
[0.693s] copying rl_package/exo_publisher.py -> /home/carlos/Escritorio/TFG/code_tfg/inferencia/build/rl_package/build/lib/rl_package
[0.693s] copying rl_package/__init__.py -> /home/carlos/Escritorio/TFG/code_tfg/inferencia/build/rl_package/build/lib/rl_package
[0.693s] copying rl_package/aggregator v1.py -> /home/carlos/Escritorio/TFG/code_tfg/inferencia/build/rl_package/build/lib/rl_package
[0.693s] copying rl_package/training_ros2socket.py -> /home/carlos/Escritorio/TFG/code_tfg/inferencia/build/rl_package/build/lib/rl_package
[0.693s] copying rl_package/rl_node_v7.py -> /home/carlos/Escritorio/TFG/code_tfg/inferencia/build/rl_package/build/lib/rl_package
[0.693s] copying rl_package/myosuite_publisher.py -> /home/carlos/Escritorio/TFG/code_tfg/inferencia/build/rl_package/build/lib/rl_package
[0.693s] copying rl_package/aggregator.py -> /home/carlos/Escritorio/TFG/code_tfg/inferencia/build/rl_package/build/lib/rl_package
[0.693s] copying rl_package/rl_node.py -> /home/carlos/Escritorio/TFG/code_tfg/inferencia/build/rl_package/build/lib/rl_package
[0.693s] copying rl_package/exo_publisher v1.py -> /home/carlos/Escritorio/TFG/code_tfg/inferencia/build/rl_package/build/lib/rl_package
[0.693s] copying rl_package/myosuite_publisher v1.py -> /home/carlos/Escritorio/TFG/code_tfg/inferencia/build/rl_package/build/lib/rl_package
[0.693s] copying rl_package/rl_node_v6.py -> /home/carlos/Escritorio/TFG/code_tfg/inferencia/build/rl_package/build/lib/rl_package
[0.693s] copying rl_package/torchRL_gym_nair_PPO.py -> /home/carlos/Escritorio/TFG/code_tfg/inferencia/build/rl_package/build/lib/rl_package
[0.693s] copying rl_package/nair_agents.py -> /home/carlos/Escritorio/TFG/code_tfg/inferencia/build/rl_package/build/lib/rl_package
[0.693s] copying rl_package/rl_node_v4.py -> /home/carlos/Escritorio/TFG/code_tfg/inferencia/build/rl_package/build/lib/rl_package
[0.693s] copying rl_package/talker.py -> /home/carlos/Escritorio/TFG/code_tfg/inferencia/build/rl_package/build/lib/rl_package
[0.693s] copying rl_package/rl_node_v3.py -> /home/carlos/Escritorio/TFG/code_tfg/inferencia/build/rl_package/build/lib/rl_package
[0.693s] copying rl_package/rl_node_v2.py -> /home/carlos/Escritorio/TFG/code_tfg/inferencia/build/rl_package/build/lib/rl_package
[0.694s] running install
[0.697s] running install_lib
[0.705s] creating /home/carlos/Escritorio/TFG/code_tfg/inferencia/install/rl_package/lib/python3.12/site-packages/rl_package
[0.706s] copying /home/carlos/Escritorio/TFG/code_tfg/inferencia/build/rl_package/build/lib/rl_package/torchRL_gym_nair_PPO v2.py -> /home/carlos/Escritorio/TFG/code_tfg/inferencia/install/rl_package/lib/python3.12/site-packages/rl_package
[0.706s] copying /home/carlos/Escritorio/TFG/code_tfg/inferencia/build/rl_package/build/lib/rl_package/listener.py -> /home/carlos/Escritorio/TFG/code_tfg/inferencia/install/rl_package/lib/python3.12/site-packages/rl_package
[0.706s] copying /home/carlos/Escritorio/TFG/code_tfg/inferencia/build/rl_package/build/lib/rl_package/rl_node_v5.py -> /home/carlos/Escritorio/TFG/code_tfg/inferencia/install/rl_package/lib/python3.12/site-packages/rl_package
[0.706s] copying /home/carlos/Escritorio/TFG/code_tfg/inferencia/build/rl_package/build/lib/rl_package/torchRL_gym_nair_PPO v1.py -> /home/carlos/Escritorio/TFG/code_tfg/inferencia/install/rl_package/lib/python3.12/site-packages/rl_package
[0.706s] copying /home/carlos/Escritorio/TFG/code_tfg/inferencia/build/rl_package/build/lib/rl_package/prueba1.py -> /home/carlos/Escritorio/TFG/code_tfg/inferencia/install/rl_package/lib/python3.12/site-packages/rl_package
[0.706s] copying /home/carlos/Escritorio/TFG/code_tfg/inferencia/build/rl_package/build/lib/rl_package/test_model_loading.py -> /home/carlos/Escritorio/TFG/code_tfg/inferencia/install/rl_package/lib/python3.12/site-packages/rl_package
[0.706s] copying /home/carlos/Escritorio/TFG/code_tfg/inferencia/build/rl_package/build/lib/rl_package/exo_publisher.py -> /home/carlos/Escritorio/TFG/code_tfg/inferencia/install/rl_package/lib/python3.12/site-packages/rl_package
[0.706s] copying /home/carlos/Escritorio/TFG/code_tfg/inferencia/build/rl_package/build/lib/rl_package/__init__.py -> /home/carlos/Escritorio/TFG/code_tfg/inferencia/install/rl_package/lib/python3.12/site-packages/rl_package
[0.706s] copying /home/carlos/Escritorio/TFG/code_tfg/inferencia/build/rl_package/build/lib/rl_package/aggregator v1.py -> /home/carlos/Escritorio/TFG/code_tfg/inferencia/install/rl_package/lib/python3.12/site-packages/rl_package
[0.706s] copying /home/carlos/Escritorio/TFG/code_tfg/inferencia/build/rl_package/build/lib/rl_package/training_ros2socket.py -> /home/carlos/Escritorio/TFG/code_tfg/inferencia/install/rl_package/lib/python3.12/site-packages/rl_package
[0.706s] copying /home/carlos/Escritorio/TFG/code_tfg/inferencia/build/rl_package/build/lib/rl_package/rl_node_v7.py -> /home/carlos/Escritorio/TFG/code_tfg/inferencia/install/rl_package/lib/python3.12/site-packages/rl_package
[0.706s] copying /home/carlos/Escritorio/TFG/code_tfg/inferencia/build/rl_package/build/lib/rl_package/myosuite_publisher.py -> /home/carlos/Escritorio/TFG/code_tfg/inferencia/install/rl_package/lib/python3.12/site-packages/rl_package
[0.706s] copying /home/carlos/Escritorio/TFG/code_tfg/inferencia/build/rl_package/build/lib/rl_package/aggregator.py -> /home/carlos/Escritorio/TFG/code_tfg/inferencia/install/rl_package/lib/python3.12/site-packages/rl_package
[0.706s] copying /home/carlos/Escritorio/TFG/code_tfg/inferencia/build/rl_package/build/lib/rl_package/rl_node.py -> /home/carlos/Escritorio/TFG/code_tfg/inferencia/install/rl_package/lib/python3.12/site-packages/rl_package
[0.706s] copying /home/carlos/Escritorio/TFG/code_tfg/inferencia/build/rl_package/build/lib/rl_package/exo_publisher v1.py -> /home/carlos/Escritorio/TFG/code_tfg/inferencia/install/rl_package/lib/python3.12/site-packages/rl_package
[0.706s] copying /home/carlos/Escritorio/TFG/code_tfg/inferencia/build/rl_package/build/lib/rl_package/myosuite_publisher v1.py -> /home/carlos/Escritorio/TFG/code_tfg/inferencia/install/rl_package/lib/python3.12/site-packages/rl_package
[0.706s] copying /home/carlos/Escritorio/TFG/code_tfg/inferencia/build/rl_package/build/lib/rl_package/rl_node_v6.py -> /home/carlos/Escritorio/TFG/code_tfg/inferencia/install/rl_package/lib/python3.12/site-packages/rl_package
[0.706s] copying /home/carlos/Escritorio/TFG/code_tfg/inferencia/build/rl_package/build/lib/rl_package/torchRL_gym_nair_PPO.py -> /home/carlos/Escritorio/TFG/code_tfg/inferencia/install/rl_package/lib/python3.12/site-packages/rl_package
[0.706s] copying /home/carlos/Escritorio/TFG/code_tfg/inferencia/build/rl_package/build/lib/rl_package/nair_agents.py -> /home/carlos/Escritorio/TFG/code_tfg/inferencia/install/rl_package/lib/python3.12/site-packages/rl_package
[0.706s] copying /home/carlos/Escritorio/TFG/code_tfg/inferencia/build/rl_package/build/lib/rl_package/rl_node_v4.py -> /home/carlos/Escritorio/TFG/code_tfg/inferencia/install/rl_package/lib/python3.12/site-packages/rl_package
[0.706s] copying /home/carlos/Escritorio/TFG/code_tfg/inferencia/build/rl_package/build/lib/rl_package/talker.py -> /home/carlos/Escritorio/TFG/code_tfg/inferencia/install/rl_package/lib/python3.12/site-packages/rl_package
[0.706s] copying /home/carlos/Escritorio/TFG/code_tfg/inferencia/build/rl_package/build/lib/rl_package/rl_node_v3.py -> /home/carlos/Escritorio/TFG/code_tfg/inferencia/install/rl_package/lib/python3.12/site-packages/rl_package
[0.706s] copying /home/carlos/Escritorio/TFG/code_tfg/inferencia/build/rl_package/build/lib/rl_package/rl_node_v2.py -> /home/carlos/Escritorio/TFG/code_tfg/inferencia/install/rl_package/lib/python3.12/site-packages/rl_package
[0.707s] byte-compiling /home/carlos/Escritorio/TFG/code_tfg/inferencia/install/rl_package/lib/python3.12/site-packages/rl_package/torchRL_gym_nair_PPO v2.py to torchRL_gym_nair_PPO v2.cpython-312.pyc
[0.708s] byte-compiling /home/carlos/Escritorio/TFG/code_tfg/inferencia/install/rl_package/lib/python3.12/site-packages/rl_package/listener.py to listener.cpython-312.pyc
[0.708s] byte-compiling /home/carlos/Escritorio/TFG/code_tfg/inferencia/install/rl_package/lib/python3.12/site-packages/rl_package/rl_node_v5.py to rl_node_v5.cpython-312.pyc
[0.711s] byte-compiling /home/carlos/Escritorio/TFG/code_tfg/inferencia/install/rl_package/lib/python3.12/site-packages/rl_package/torchRL_gym_nair_PPO v1.py to torchRL_gym_nair_PPO v1.cpython-312.pyc
[0.713s] byte-compiling /home/carlos/Escritorio/TFG/code_tfg/inferencia/install/rl_package/lib/python3.12/site-packages/rl_package/prueba1.py to prueba1.cpython-312.pyc
[0.713s] byte-compiling /home/carlos/Escritorio/TFG/code_tfg/inferencia/install/rl_package/lib/python3.12/site-packages/rl_package/test_model_loading.py to test_model_loading.cpython-312.pyc
[0.714s] byte-compiling /home/carlos/Escritorio/TFG/code_tfg/inferencia/install/rl_package/lib/python3.12/site-packages/rl_package/exo_publisher.py to exo_publisher.cpython-312.pyc
[0.714s] byte-compiling /home/carlos/Escritorio/TFG/code_tfg/inferencia/install/rl_package/lib/python3.12/site-packages/rl_package/__init__.py to __init__.cpython-312.pyc
[0.714s] byte-compiling /home/carlos/Escritorio/TFG/code_tfg/inferencia/install/rl_package/lib/python3.12/site-packages/rl_package/aggregator v1.py to aggregator v1.cpython-312.pyc
[0.714s] byte-compiling /home/carlos/Escritorio/TFG/code_tfg/inferencia/install/rl_package/lib/python3.12/site-packages/rl_package/training_ros2socket.py to training_ros2socket.cpython-312.pyc
[0.715s] byte-compiling /home/carlos/Escritorio/TFG/code_tfg/inferencia/install/rl_package/lib/python3.12/site-packages/rl_package/rl_node_v7.py to rl_node_v7.cpython-312.pyc
[0.718s] byte-compiling /home/carlos/Escritorio/TFG/code_tfg/inferencia/install/rl_package/lib/python3.12/site-packages/rl_package/myosuite_publisher.py to myosuite_publisher.cpython-312.pyc
[0.719s] byte-compiling /home/carlos/Escritorio/TFG/code_tfg/inferencia/install/rl_package/lib/python3.12/site-packages/rl_package/aggregator.py to aggregator.cpython-312.pyc
[0.720s] byte-compiling /home/carlos/Escritorio/TFG/code_tfg/inferencia/install/rl_package/lib/python3.12/site-packages/rl_package/rl_node.py to rl_node.cpython-312.pyc
[0.721s] byte-compiling /home/carlos/Escritorio/TFG/code_tfg/inferencia/install/rl_package/lib/python3.12/site-packages/rl_package/exo_publisher v1.py to exo_publisher v1.cpython-312.pyc
[0.721s] byte-compiling /home/carlos/Escritorio/TFG/code_tfg/inferencia/install/rl_package/lib/python3.12/site-packages/rl_package/myosuite_publisher v1.py to myosuite_publisher v1.cpython-312.pyc
[0.721s] byte-compiling /home/carlos/Escritorio/TFG/code_tfg/inferencia/install/rl_package/lib/python3.12/site-packages/rl_package/rl_node_v6.py to rl_node_v6.cpython-312.pyc
[0.724s] byte-compiling /home/carlos/Escritorio/TFG/code_tfg/inferencia/install/rl_package/lib/python3.12/site-packages/rl_package/torchRL_gym_nair_PPO.py to torchRL_gym_nair_PPO.cpython-312.pyc
[0.725s] byte-compiling /home/carlos/Escritorio/TFG/code_tfg/inferencia/install/rl_package/lib/python3.12/site-packages/rl_package/nair_agents.py to nair_agents.cpython-312.pyc
[0.726s] byte-compiling /home/carlos/Escritorio/TFG/code_tfg/inferencia/install/rl_package/lib/python3.12/site-packages/rl_package/rl_node_v4.py to rl_node_v4.cpython-312.pyc
[0.727s] byte-compiling /home/carlos/Escritorio/TFG/code_tfg/inferencia/install/rl_package/lib/python3.12/site-packages/rl_package/talker.py to talker.cpython-312.pyc
[0.727s] byte-compiling /home/carlos/Escritorio/TFG/code_tfg/inferencia/install/rl_package/lib/python3.12/site-packages/rl_package/rl_node_v3.py to rl_node_v3.cpython-312.pyc
[0.729s] byte-compiling /home/carlos/Escritorio/TFG/code_tfg/inferencia/install/rl_package/lib/python3.12/site-packages/rl_package/rl_node_v2.py to rl_node_v2.cpython-312.pyc
[0.730s] running install_data
[0.730s] creating /home/carlos/Escritorio/TFG/code_tfg/inferencia/install/rl_package/share/ament_index
[0.730s] creating /home/carlos/Escritorio/TFG/code_tfg/inferencia/install/rl_package/share/ament_index/resource_index
[0.730s] creating /home/carlos/Escritorio/TFG/code_tfg/inferencia/install/rl_package/share/ament_index/resource_index/packages
[0.730s] copying resource/rl_package -> /home/carlos/Escritorio/TFG/code_tfg/inferencia/install/rl_package/share/ament_index/resource_index/packages
[0.730s] copying package.xml -> /home/carlos/Escritorio/TFG/code_tfg/inferencia/install/rl_package/share/rl_package
[0.730s] running install_egg_info
[0.739s] Copying ../../build/rl_package/rl_package.egg-info to /home/carlos/Escritorio/TFG/code_tfg/inferencia/install/rl_package/lib/python3.12/site-packages/rl_package-0.0.0-py3.12.egg-info
[0.739s] running install_scripts
[0.798s] Installing aggregator script to /home/carlos/Escritorio/TFG/code_tfg/inferencia/install/rl_package/lib/rl_package
[0.798s] Installing exo_publisher script to /home/carlos/Escritorio/TFG/code_tfg/inferencia/install/rl_package/lib/rl_package
[0.798s] Installing listener script to /home/carlos/Escritorio/TFG/code_tfg/inferencia/install/rl_package/lib/rl_package
[0.798s] Installing myosuite_publisher script to /home/carlos/Escritorio/TFG/code_tfg/inferencia/install/rl_package/lib/rl_package
[0.798s] Installing rl_node script to /home/carlos/Escritorio/TFG/code_tfg/inferencia/install/rl_package/lib/rl_package
[0.798s] Installing rl_node_v2 script to /home/carlos/Escritorio/TFG/code_tfg/inferencia/install/rl_package/lib/rl_package
[0.798s] Installing rl_node_v3 script to /home/carlos/Escritorio/TFG/code_tfg/inferencia/install/rl_package/lib/rl_package
[0.798s] Installing rl_node_v4 script to /home/carlos/Escritorio/TFG/code_tfg/inferencia/install/rl_package/lib/rl_package
[0.798s] Installing rl_node_v5 script to /home/carlos/Escritorio/TFG/code_tfg/inferencia/install/rl_package/lib/rl_package
[0.798s] Installing rl_node_v6 script to /home/carlos/Escritorio/TFG/code_tfg/inferencia/install/rl_package/lib/rl_package
[0.798s] Installing rl_node_v7 script to /home/carlos/Escritorio/TFG/code_tfg/inferencia/install/rl_package/lib/rl_package
[0.798s] Installing rl_training_node script to /home/carlos/Escritorio/TFG/code_tfg/inferencia/install/rl_package/lib/rl_package
[0.799s] Installing talker script to /home/carlos/Escritorio/TFG/code_tfg/inferencia/install/rl_package/lib/rl_package
[0.799s] Installing training_ros2socket script to /home/carlos/Escritorio/TFG/code_tfg/inferencia/install/rl_package/lib/rl_package
[0.799s] writing list of installed files to '/home/carlos/Escritorio/TFG/code_tfg/inferencia/build/rl_package/install.log'
[0.812s] Invoked command in '/home/carlos/Escritorio/TFG/code_tfg/inferencia/src/rl_package' returned '0': AMENT_PREFIX_PATH=/home/carlos/Escritorio/TFG/code_tfg/inferencia/install/rl_interfaces:${AMENT_PREFIX_PATH} CMAKE_PREFIX_PATH=/home/carlos/Escritorio/TFG/code_tfg/inferencia/install/rl_interfaces:${CMAKE_PREFIX_PATH} DEBUGINFOD_URLS=https://debuginfod.ubuntu.com LD_LIBRARY_PATH=/home/carlos/Escritorio/TFG/code_tfg/inferencia/install/rl_interfaces/lib:${LD_LIBRARY_PATH} PYTHONPATH=/home/carlos/Escritorio/TFG/code_tfg/inferencia/build/rl_package/prefix_override:/usr/lib/python3/dist-packages/colcon_core/task/python/colcon_distutils_commands:/home/carlos/Escritorio/TFG/code_tfg/inferencia/install/rl_package/lib/python3.12/site-packages:/home/carlos/Escritorio/TFG/code_tfg/inferencia/install/rl_interfaces/lib/python3.12/site-packages:${PYTHONPATH} /usr/bin/python3 -W ignore:setup.py install is deprecated -W ignore:easy_install command is deprecated setup.py egg_info --egg-base ../../build/rl_package build --build-base /home/carlos/Escritorio/TFG/code_tfg/inferencia/build/rl_package/build install --record /home/carlos/Escritorio/TFG/code_tfg/inferencia/build/rl_package/install.log --single-version-externally-managed install_data
